
> academic-workflow@0.1.0 test
> vitest run


 RUN  v3.2.4 /Users/kaipeace/Documents/Development Files/aworkflow-nextjs

 ✓ __tests__/encryption-service.test.ts (13 tests) 261ms
 ✓ __tests__/crypto.test.ts (23 tests) 325ms
stderr | __tests__/user-settings-storage.test.ts > UserSettingsStorage > Edge Cases > should handle corrupted data gracefully
Failed to decrypt anthropic API key: SyntaxError: Expected property name or '}' in JSON at position 1 (line 1 column 2)
    at JSON.parse (<anonymous>)
    at UserSettingsStorage.getApiKeys [90m(/Users/kaipeace/Documents/Development Files/aworkflow-nextjs/[39mlib/user-settings-storage.ts:120:38[90m)[39m
    at [90m/Users/kaipeace/Documents/Development Files/aworkflow-nextjs/[39m__tests__/user-settings-storage.test.ts:322:20
    at [90mfile:///Users/kaipeace/Documents/Development%20Files/aworkflow-nextjs/[39mnode_modules/[4m@vitest[24m/runner/dist/chunk-hooks.js:752:20
Failed to decrypt OpenAI API key: SyntaxError: Expected property name or '}' in JSON at position 1 (line 1 column 2)
    at JSON.parse (<anonymous>)
    at UserSettingsStorage.getApiKeys [90m(/Users/kaipeace/Documents/Development Files/aworkflow-nextjs/[39mlib/user-settings-storage.ts:131:38[90m)[39m
    at [90m/Users/kaipeace/Documents/Development Files/aworkflow-nextjs/[39m__tests__/user-settings-storage.test.ts:322:20
    at [90mfile:///Users/kaipeace/Documents/Development%20Files/aworkflow-nextjs/[39mnode_modules/[4m@vitest[24m/runner/dist/chunk-hooks.js:752:20

 ✓ __tests__/user-settings-storage.test.ts (20 tests) 399ms
 ✓ __tests__/components/SettingsDashboard.test.tsx (28 tests | 1 skipped) 436ms
 ✓ __tests__/components/CommandPalette.test.tsx (42 tests) 495ms
 ✓ __tests__/components/ApiKeyTester.simple.test.tsx (7 tests) 640ms
   ✓ ApiKeyTester Core Functionality > should show real-time validation feedback  516ms
 ✓ __tests__/components/ErrorMessage.test.tsx (20 tests) 140ms
 ✓ __tests__/components/ErrorHandling.test.tsx (24 tests) 122ms
 ✓ __tests__/components/LoadingSpinner.test.tsx (31 tests) 127ms
 ✓ __tests__/components/WorkflowUI.research.test.tsx (3 tests) 71ms
 ✓ __tests__/components/SetupWizard.simple.test.tsx (4 tests) 99ms
 ✓ __tests__/components/ProgressBar.test.tsx (23 tests) 76ms
 ✓ __tests__/components/WorkflowUI.zotero-integration.test.tsx (8 tests) 18ms
 ✓ __tests__/components/ApiKeyTester.test.tsx (21 tests) 1285ms
   ✓ ApiKeyTester Component > Real-time Feedback Features > should show format validation in real-time  1013ms
 ✓ __tests__/api/test-api-keys.test.ts (16 tests) 10ms
 ✓ __tests__/api/user-settings.test.ts (15 tests) 5ms
 ✓ __tests__/components/WorkflowUI.export.test.tsx (3 tests) 2ms
 ✓ __tests__/zotero-settings-integration.test.ts (8 tests) 2ms
 ✓ __tests__/components/Navigation.usage-indicator.test.tsx (21 tests) 1773ms
 ❯ __tests__/components/SetupWizard.test.tsx (30 tests | 16 failed) 13494ms
   ✓ SetupWizard > Component Rendering > should render setup wizard with welcome step 34ms
   ✓ SetupWizard > Component Rendering > should display loading state initially 1ms
   ✓ SetupWizard > Component Rendering > should handle API error gracefully 5ms
   ✓ SetupWizard > Component Rendering > should redirect when setup is complete 7ms
   ✓ SetupWizard > Step Navigation > should show progress indicators for all steps 23ms
   × SetupWizard > Step Navigation > should navigate to next step on continue 1019ms
     → Unable to find an element with the text: AI Provider Configuration. This could be because the text is broken up by multiple elements. In this case, you can provide a function for your text matcher to make your matcher more flexible.

Ignored nodes: comments, script, style
[36m<body>[39m
  [36m<div>[39m
    [36m<div[39m
      [33mclass[39m=[32m"max-w-2xl mx-auto p-6"[39m
      [33mdata-testid[39m=[32m"setupwizard-container"[39m
    [36m>[39m
      [0m [0m
      [36m<div[39m
        [33mclass[39m=[32m"mb-8"[39m
      [36m>[39m
        [36m<div[39m
          [33mclass[39m=[32m"flex justify-between items-center mb-2"[39m
        [36m>[39m
          [36m<span[39m
            [33mclass[39m=[32m"text-sm text-gray-600"[39m
            [33mdata-testid[39m=[32m"setupwizard-step-counter"[39m
          [36m>[39m
            [0mStep [0m
            [0m4[0m
            [0m of [0m
            [0m4[0m
          [36m</span>[39m
          [36m<span[39m
            [33mclass[39m=[32m"text-sm text-gray-600"[39m
            [33mdata-testid[39m=[32m"setupwizard-progress-percent"[39m
          [36m>[39m
            [0m100[0m
            [0m%[0m
          [36m</span>[39m
        [36m</div>[39m
        [36m<div[39m
          [33mclass[39m=[32m"w-full bg-gray-200 rounded-full h-2"[39m
        [36m>[39m
          [36m<div[39m
            [33maria-valuemax[39m=[32m"4"[39m
            [33maria-valuemin[39m=[32m"0"[39m
            [33maria-valuenow[39m=[32m"4"[39m
            [33mclass[39m=[32m"bg-blue-600 h-2 rounded-full transition-all duration-300"[39m
            [33mdata-testid[39m=[32m"setupwizard-progressbar"[39m
            [33mrole[39m=[32m"progressbar"[39m
            [33mstyle[39m=[32m"width: 100%;"[39m
          [36m/>[39m
        [36m</div>[39m
      [36m</div>[39m
      [36m<div[39m
        [33mclass[39m=[32m"bg-white rounded-lg shadow-md p-6"[39m
      [36m>[39m
        [36m<h2[39m
          [33mclass[39m=[32m"text-2xl font-bold text-gray-900 mb-2"[39m
          [33mdata-testid[39m=[32m"setupwizard-step-title"[39m
        [36m>[39m
          [0mReview & Complete[0m
        [36m</h2>[39m
        [36m<p[39m
          [33mclass[39m=[32m"text-gray-600 mb-6"[39m
        [36m>[39m
          [0mReview your configuration and complete setup[0m
        [36m</p>[39m
        [36m<div[39m
          [33mclass[39m=[32m"space-y-6"[39m
        [36m>[39m
          [36m<h3[39m
            [33mclass[39m=[32m"text-lg font-semibold text-gray-900"[39m
          [36m>[39m
            [0mConfiguration Summary[0m
          [36m</h3>[39m
          [36m<div[39m
            [33mclass[39m=[32m"grid grid-cols-1 md:grid-cols-2 gap-4"[39m
          [36m>[39m
            [36m<div>[39m
              [36m<h4[39m
                [33mclass[39m=[32m"font-medium text-gray-700"[39m
              [36m>[39m
                [0mAI Provider:[0m
              [36m</h4>[39m
              [36m<p[39m
                [33mclass[39m=[32m"text-gray-600"[39m
              [36m>[39m
                [0mauto[0m
              [36m</p>[39m
            [36m</div>[39m
            [36m<div>[39m
              [36m<h4[39m
                [33mclass[39m=[32m"font-medium text-gray-700"[39m
              [36m>[39m
                [0mMonthly Budget:[0m
              [36m</h4>[39m
              [36m<p[39m
                [33mclass[39m=[32m"text-gray-600"[39m
              [36m>[39m
                [0m$[0m
                [0m100[0m
              [36m</p>[39m
            [36m</div>[39m
            [36m<div>[39m
              [36m<h4[39m
                [33mclass[39m=[32m"font-medium text-gray-700"[39m
              [36m>[39m
                [0mCitation Style:[0m
              [36m</h4>[39m
              [36m<p[39m
                [33mclass[39m=[32m"text-gray-600"[39m
              [36m>[39m
                [0mAPA[0m
              [36m</p>[39m
            [36m</div>[39m
            [36m<div>[39m
              [36m<h4[39m
                [33mclass[39m=[32m"font-medium text-gray-700"[39m
              [36m>[39m
                [0mLanguage:[0m
              [36m</h4>[39m
              [36m<p[39m
                [33mclass[39m=[32m"text-gray-600"[39m
              [36m>[39m
                [0mEnglish[0m
              [36m</p>[39m
            [36m</div>[39m
          [36m</div>[39m
          [36m<div[39m
            [33mclass[39m=[32m"bg-gray-50 p-4 rounded-lg"[39m
          [36m>[39m
            [36m<h4[39m
              [33mclass[39m=[32m"font-medium text-gray-700 mb-2"[39m
            [36m>[39m
              [0mSpecial Features:[0m
            [36m</h4>[39m
            [36m<ul[39m
              [33mclass[39m=[32m"text-gray-600 space-y-1"[39m
            [36m>[39m
              [36m<li>[39m
                [0m• Theme: [0m
                [0msystem[0m
              [36m</li>[39m
            [36m</ul>[39m
          [36m</div>[39m
        [36m</div>[39m
        [36m<div[39m
          [33mclass[39m=[32m"flex justify-between mt-8"[39m
          [33mdata-testid[39m=[32m"setupwizard-nav-buttons"[39m
        [36m>[39m
          [36m<button[39m
            [33mclass[39m=[32m"px-4 py-2 text-gray-600 bg-gray-200 rounded-md hover:bg-gray-300 disabled:bg-gray-100 disabled:text-gray-400"[39m
            [33mdata-testid[39m=[32m"setupwizard-back-btn"[39m
            [33mtabindex[39m=[32m"0"[39m
          [36m>[39m
            [0mBack[0m
          [36m</button>[39m
          [36m<button[39m
            [33mclass[39m=[32m"px-6 py-2 bg-green-600 text-white rounded-md hover:bg-green-700 disabled:bg-gray-400"[39m
            [33mdata-testid[39m=[32m"setupwizard-complete-btn"[39m
            [33mtabindex[39m=[32m"0"[39m
          [36m>[39m
            [0mComplete Setup[0m
          [36m</button>[39m
        [36m</div>[39m
      [36m</div>[39m
    [36m</div>[39m
  [36m</div>[39m
[36m</body>[39m

Ignored nodes: comments, script, style
[36m<html>[39m
  [36m<head />[39m
  [36m<body>[39m
    [36m<div>[39m
      [36m<div[39m
        [33mclass[39m=[32m"max-w-2xl mx-auto p-6"[39m
        [33mdata-testid[39m=[32m"setupwizard-container"[39m
      [36m>[39m
        [0m [0m
        [36m<div[39m
          [33mclass[39m=[32m"mb-8"[39m
        [36m>[39m
          [36m<div[39m
            [33mclass[39m=[32m"flex justify-between items-center mb-2"[39m
          [36m>[39m
            [36m<span[39m
              [33mclass[39m=[32m"text-sm text-gray-600"[39m
              [33mdata-testid[39m=[32m"setupwizard-step-counter"[39m
            [36m>[39m
              [0mStep [0m
              [0m4[0m
              [0m of [0m
              [0m4[0m
            [36m</span>[39m
            [36m<span[39m
              [33mclass[39m=[32m"text-sm text-gray-600"[39m
              [33mdata-testid[39m=[32m"setupwizard-progress-percent"[39m
            [36m>[39m
              [0m100[0m
              [0m%[0m
            [36m</span>[39m
          [36m</div>[39m
          [36m<div[39m
            [33mclass[39m=[32m"w-full bg-gray-200 rounded-full h-2"[39m
          [36m>[39m
            [36m<div[39m
              [33maria-valuemax[39m=[32m"4"[39m
              [33maria-valuemin[39m=[32m"0"[39m
              [33maria-valuenow[39m=[32m"4"[39m
              [33mclass[39m=[32m"bg-blue-600 h-2 rounded-full transition-all duration-300"[39m
              [33mdata-testid[39m=[32m"setupwizard-progressbar"[39m
              [33mrole[39m=[32m"progressbar"[39m
              [33mstyle[39m=[32m"width: 100%;"[39m
            [36m/>[39m
          [36m</div>[39m
        [36m</div>[39m
        [36m<div[39m
          [33mclass[39m=[32m"bg-white rounded-lg shadow-md p-6"[39m
        [36m>[39m
          [36m<h2[39m
            [33mclass[39m=[32m"text-2xl font-bold text-gray-900 mb-2"[39m
            [33mdata-testid[39m=[32m"setupwizard-step-title"[39m
          [36m>[39m
            [0mReview & Complete[0m
          [36m</h2>[39m
          [36m<p[39m
            [33mclass[39m=[32m"text-gray-600 mb-6"[39m
          [36m>[39m
            [0mReview your configuration and complete setup[0m
          [36m</p>[39m
          [36m<div[39m
            [33mclass[39m=[32m"space-y-6"[39m
          [36m>[39m
            [36m<h3[39m
              [33mclass[39m=[32m"text-lg font-semibold text-gray-900"[39m
            [36m>[39m
              [0mConfiguration Summary[0m
            [36m</h3>[39m
            [36m<div[39m
              [33mclass[39m=[32m"grid grid-cols-1 md:grid-cols-2 gap-4"[39m
            [36m>[39m
              [36m<div>[39m
                [36m<h4[39m
                  [33mclass[39m=[32m"font-medium text-gray-700"[39m
                [36m>[39m
                  [0mAI Provider:[0m
                [36m</h4>[39m
                [36m<p[39m
                  [33mclass[39m=[32m"text-gray-600"[39m
                [36m>[39m
                  [0mauto[0m
                [36m</p>[39m
              [36m</div>[39m
              [36m<div>[39m
                [36m<h4[39m
                  [33mclass[39m=[32m"font-medium text-gray-700"[39m
                [36m>[39m
                  [0mMonthly Budget:[0m
                [36m</h4>[39m
                [36m<p[39m
                  [33mclass[39m=[32m"text-gray-600"[39m
                [36m>[39m
                  [0m$[0m
                  [0m100[0m
                [36m</p>[39m
              [36m</div>[39m
              [36m<div>[39m
                [36m<h4[39m
                  [33mclass[39m=[32m"font-medium text-gray-700"[39m
                [36m>[39m
                  [0mCitation Style:[0m
                [36m</h4>[39m
                [36m<p[39m
                  [33mclass[39m=[32m"text-gray-600"[39m
                [36m>[39m
                  [0mAPA[0m
                [36m</p>[39m
              [36m</div>[39m
              [36m<div>[39m
                [36m<h4[39m
                  [33mclass[39m=[32m"font-medium text-gray-700"[39m
                [36m>[39m
                  [0mLanguage:[0m
                [36m</h4>[39m
                [36m<p[39m
                  [33mclass[39m=[32m"text-gray-600"[39m
                [36m>[39m
                  [0mEnglish[0m
                [36m</p>[39m
              [36m</div>[39m
            [36m</div>[39m
            [36m<div[39m
              [33mclass[39m=[32m"bg-gray-50 p-4 rounded-lg"[39m
            [36m>[39m
              [36m<h4[39m
                [33mclass[39m=[32m"font-medium text-gray-700 mb-2"[39m
              [36m>[39m
                [0mSpecial Features:[0m
              [36m</h4>[39m
              [36m<ul[39m
                [33mclass[39m=[32m"text-gray-600 space-y-1"[39m
              [36m>[39m
                [36m<li>[39m
                  [0m• Theme: [0m
                  [0msystem[0m
                [36m</li>[39m
              [36m</ul>[39m
            [36m</div>[39m
          [36m</div>[39m
          [36m<div[39m
            [33mclass[39m=[32m"flex justify-between mt-8"[39m
            [33mdata-testid[39m=[32m"setupwizard-nav-buttons"[39m
          [36m>[39m
            [36m<button[39m
              [33mclass[39m=[32m"px-4 py-2 text-gray-600 bg-gray-200 rounded-md hover:bg-gray-300 disabled:bg-gray-100 disabled:text-gray-400"[39m
              [33mdata-testid[39m=[32m"setupwizard-back-btn"[39m
              [33mtabindex[39m=[32m"0"[39m
            [36m>[39m
              [0mBack[0m
            [36m</button>[39m
            [36m<button[39m
              [33mclass[39m=[32m"px-6 py-2 bg-green-600 text-white rounded-md hover:bg-green-700 disabled:bg-gray-400"[39m
              [33mdata-testid[39m=[32m"setupwizard-complete-btn"[39m
              [33mtabindex[39m=[32m"0"[39m
            [36m>[39m
              [0mComplete Setup[0m
            [36m</button>[39m
          [36m</div>[39m
        [36m</div>[39m
      [36m</div>[39m
    [36m</div>[39m
  [36m</body>[39m
[36m</html>[39m
   ✓ SetupWizard > Step Navigation > should navigate to previous step on back 55ms
   × SetupWizard > Step Navigation > should disable back button on first step 1019ms
     → [2mexpect([22m[31melement[39m[2m).toBeDisabled()[22m

Received element is not disabled:
  [31m<button
  class="px-4 py-2 text-gray-600 bg-gray-200 rounded-md hover:bg-gray-300 disabled:bg-gray-100 disabled:text-gray-400"
  data-testid="setupwizard-back-btn"
  tabindex="0"
/>[39m

Ignored nodes: comments, script, style
[36m<html>[39m
  [36m<head />[39m
  [36m<body>[39m
    [36m<div>[39m
      [36m<div[39m
        [33mclass[39m=[32m"max-w-2xl mx-auto p-6"[39m
        [33mdata-testid[39m=[32m"setupwizard-container"[39m
      [36m>[39m
        [0m [0m
        [36m<div[39m
          [33mclass[39m=[32m"mb-8"[39m
        [36m>[39m
          [36m<div[39m
            [33mclass[39m=[32m"flex justify-between items-center mb-2"[39m
          [36m>[39m
            [36m<span[39m
              [33mclass[39m=[32m"text-sm text-gray-600"[39m
              [33mdata-testid[39m=[32m"setupwizard-step-counter"[39m
            [36m>[39m
              [0mStep [0m
              [0m2[0m
              [0m of [0m
              [0m4[0m
            [36m</span>[39m
            [36m<span[39m
              [33mclass[39m=[32m"text-sm text-gray-600"[39m
              [33mdata-testid[39m=[32m"setupwizard-progress-percent"[39m
            [36m>[39m
              [0m50[0m
              [0m%[0m
            [36m</span>[39m
          [36m</div>[39m
          [36m<div[39m
            [33mclass[39m=[32m"w-full bg-gray-200 rounded-full h-2"[39m
          [36m>[39m
            [36m<div[39m
              [33maria-valuemax[39m=[32m"4"[39m
              [33maria-valuemin[39m=[32m"0"[39m
              [33maria-valuenow[39m=[32m"2"[39m
              [33mclass[39m=[32m"bg-blue-600 h-2 rounded-full transition-all duration-300"[39m
              [33mdata-testid[39m=[32m"setupwizard-progressbar"[39m
              [33mrole[39m=[32m"progressbar"[39m
              [33mstyle[39m=[32m"width: 50%;"[39m
            [36m/>[39m
          [36m</div>[39m
        [36m</div>[39m
        [36m<div[39m
          [33mclass[39m=[32m"bg-white rounded-lg shadow-md p-6"[39m
        [36m>[39m
          [36m<h2[39m
            [33mclass[39m=[32m"text-2xl font-bold text-gray-900 mb-2"[39m
            [33mdata-testid[39m=[32m"setupwizard-step-title"[39m
          [36m>[39m
            [0mAI Provider Configuration[0m
          [36m</h2>[39m
          [36m<p[39m
            [33mclass[39m=[32m"text-gray-600 mb-6"[39m
          [36m>[39m
            [0mConfigure your AI provider settings[0m
          [36m</p>[39m
          [36m<div[39m
            [33mclass[39m=[32m"space-y-6"[39m
            [33mdata-testid[39m=[32m"setupwizard-apikeys-content"[39m
          [36m>[39m
            [36m<div>[39m
              [36m<label[39m
                [33mclass[39m=[32m"block text-sm font-medium text-gray-700 mb-2"[39m
                [33mfor[39m=[32m"anthropicApiKey"[39m
              [36m>[39m
                [0mAnthropic API Key *[0m
              [36m</label>[39m
              [36m<div[39m
                [33mclass[39m=[32m"flex space-x-2"[39m
              [36m>[39m
                [36m<input[39m
                  [33mclass[39m=[32m"flex-1 px-3 py-2 border rounded-md focus:outline-none focus:ring-2 focus:ring-blue-500 border-gray-300"[39m
                  [33mdata-testid[39m=[32m"setupwizard-anthropic-api-key"[39m
                  [33mid[39m=[32m"anthropicApiKey"[39m
                  [33mplaceholder[39m=[32m"sk-ant-..."[39m
                  [33mtabindex[39m=[32m"0"[39m
                  [33mtype[39m=[32m"password"[39m
                  [33mvalue[39m=[32m""[39m
                [36m/>[39m
                [36m<button[39m
                  [33mclass[39m=[32m"px-3 py-2 bg-blue-600 text-white rounded-md hover:bg-blue-700 disabled:bg-gray-400"[39m
                  [33mdisabled[39m=[32m""[39m
                  [33mtype[39m=[32m"button"[39m
                [36m>[39m
                  [0mTest Anthropic Key[0m
                [36m</button>[39m
              [36m</div>[39m
            [36m</div>[39m
            [36m<div>[39m
              [36m<label[39m
                [33mclass[39m=[32m"block text-sm font-medium text-gray-700 mb-2"[39m
                [33mfor[39m=[32m"openaiApiKey"[39m
              [36m>[39m
                [0mOpenAI API Key (Optional)[0m
              [36m</label>[39m
              [36m<div[39m
                [33mclass[39m=[32m"flex space-x-2"[39m
              [36m>[39m
                [36m<input[39m
                  [33mclass[39m=[32m"flex-1 px-3 py-2 border rounded-md focus:outline-none focus:ring-2 focus:ring-blue-500 border-gray-300"[39m
                  [33mid[39m=[32m"openaiApiKey"[39m
                  [33mplaceholder[39m=[32m"sk-..."[39m
                  [33mtabindex[39m=[32m"0"[39m
                  [33mtype[39m=[32m"password"[39m
                  [33mvalue[39m=[32m""[39m
                [36m/>[39m
                [36m<button[39m
                  [33mclass[39m=[32m"px-3 py-2 bg-blue-600 text-white rounded-md hover:bg-blue-700 disabled:bg-gray-400"[39m
                  [33mdisabled[39m=[32m""[39m
                  [33mtype[39m=[32m"button"[39m
                [36m>[39m
                  [0mTest OpenAI Key[0m
                [36m</button>[39m
              [36m</div>[39m
            [36m</div>[39m
            [36m<div>[39m
              [36m<label[39m
                [33mclass[39m=[32m"block text-sm font-medium text-gray-700 mb-2"[39m
                [33mfor[39m=[32m"monthlyBudget"[39m
              [36m>[39m
                [0mMonthly Budget ($) *[0m
              [36m</label>[39m
              [36m<input[39m
                [33mclass[39m=[32m"w-full px-3 py-2 border rounded-md focus:outline-none focus:ring-2 focus:ring-blue-500 border-gray-300"[39m
                [33mid[39m=[32m"monthlyBudget"[39m
                [33mmin[39m=[32m"0"[39m
                [33mstep[39m=[32m"0.01"[39m
                [33mtabindex[39m=[32m"0"[39m
                [33mtype[39m=[32m"number"[39m
                [33mvalue[39m=[32m"100"[39m
              [36m/>[39m
            [36m</div>[39m
            [36m<div>[39m
              [36m<label[39m
                [33mclass[39m=[32m"block text-sm font-medium text-gray-700 mb-2"[39m
                [33mfor[39m=[32m"preferredProvider"[39m
              [36m>[39m
                [0mPreferred Provider[0m
              [36m</label>[39m
              [36m<select[39m
                [33mclass[39m=[32m"w-full px-3 py-2 border border-gray-300 rounded-md focus:outline-none focus:ring-2 focus:ring-blue-500"[39m
                [33mid[39m=[32m"preferredProvider"[39m
                [33mtabindex[39m=[32m"0"[39m
              [36m>[39m
                [36m<option[39m
                  [33mvalue[39m=[32m"auto"[39m
                [36m>[39m
                  [0mAuto[0m
                [36m</option>[39m
                [36m<option[39m
                  [33mvalue[39m=[32m"anthropic"[39m
                [36m>[39m
                  [0mAnthropic[0m
                [36m</option>[39m
                [36m<option[39m
                  [33mvalue[39m=[32m"openai"[39m
                [36m>[39m
                  [0mOpenAI[0m
                [36m</option>[39m
              [36m</select>[39m
            [36m</div>[39m
          [36m</div>[39m
          [36m<div[39m
            [33mclass[39m=[32m"flex justify-between mt-8"[39m
            [33mdata-testid[39m=[32m"setupwizard-nav-buttons"[39m
          [36m>[39m
            [36m<button[39m
              [33mclass[39m=[32m"px-4 py-2 text-gray-600 bg-gray-200 rounded-md hover:bg-gray-300 disabled:bg-gray-100 disabled:text-gray-400"[39m
              [33mdata-testid[39m=[32m"setupwizard-back-btn"[39m
              [33mtabindex[39m=[32m"0"[39m
            [36m>[39m
              [0mBack[0m
            [36m</button>[39m
            [36m<button[39m
              [33mclass[39m=[32m"px-6 py-2 bg-blue-600 text-white rounded-md hover:bg-blue-700 disabled:bg-gray-400"[39m
              [33mdata-testid[39m=[32m"setupwizard-continue-btn"[39m
              [33mdisabled[39m=[32m""[39m
              [33mtabindex[39m=[32m"0"[39m
            [36m>[39m
              [0mContinue[0m
            [36m</button>[39m
          [36m</div>[39m
        [36m</div>[39m
      [36m</div>[39m
    [36m</div>[39m
  [36m</body>[39m
[36m</html>[39m
   × SetupWizard > Step Navigation > should show finish button on last step 1019ms
     → Unable to find role="heading" and name `/AI Provider Configuration/i`

Ignored nodes: comments, script, style
[36m<body>[39m
  [36m<div>[39m
    [36m<div[39m
      [33mclass[39m=[32m"max-w-2xl mx-auto p-6"[39m
      [33mdata-testid[39m=[32m"setupwizard-container"[39m
    [36m>[39m
      [0m [0m
      [36m<div[39m
        [33mclass[39m=[32m"mb-8"[39m
      [36m>[39m
        [36m<div[39m
          [33mclass[39m=[32m"flex justify-between items-center mb-2"[39m
        [36m>[39m
          [36m<span[39m
            [33mclass[39m=[32m"text-sm text-gray-600"[39m
            [33mdata-testid[39m=[32m"setupwizard-step-counter"[39m
          [36m>[39m
            [0mStep [0m
            [0m4[0m
            [0m of [0m
            [0m4[0m
          [36m</span>[39m
          [36m<span[39m
            [33mclass[39m=[32m"text-sm text-gray-600"[39m
            [33mdata-testid[39m=[32m"setupwizard-progress-percent"[39m
          [36m>[39m
            [0m100[0m
            [0m%[0m
          [36m</span>[39m
        [36m</div>[39m
        [36m<div[39m
          [33mclass[39m=[32m"w-full bg-gray-200 rounded-full h-2"[39m
        [36m>[39m
          [36m<div[39m
            [33maria-valuemax[39m=[32m"4"[39m
            [33maria-valuemin[39m=[32m"0"[39m
            [33maria-valuenow[39m=[32m"4"[39m
            [33mclass[39m=[32m"bg-blue-600 h-2 rounded-full transition-all duration-300"[39m
            [33mdata-testid[39m=[32m"setupwizard-progressbar"[39m
            [33mrole[39m=[32m"progressbar"[39m
            [33mstyle[39m=[32m"width: 100%;"[39m
          [36m/>[39m
        [36m</div>[39m
      [36m</div>[39m
      [36m<div[39m
        [33mclass[39m=[32m"bg-white rounded-lg shadow-md p-6"[39m
      [36m>[39m
        [36m<h2[39m
          [33mclass[39m=[32m"text-2xl font-bold text-gray-900 mb-2"[39m
          [33mdata-testid[39m=[32m"setupwizard-step-title"[39m
        [36m>[39m
          [0mReview & Complete[0m
        [36m</h2>[39m
        [36m<p[39m
          [33mclass[39m=[32m"text-gray-600 mb-6"[39m
        [36m>[39m
          [0mReview your configuration and complete setup[0m
        [36m</p>[39m
        [36m<div[39m
          [33mclass[39m=[32m"space-y-6"[39m
        [36m>[39m
          [36m<h3[39m
            [33mclass[39m=[32m"text-lg font-semibold text-gray-900"[39m
          [36m>[39m
            [0mConfiguration Summary[0m
          [36m</h3>[39m
          [36m<div[39m
            [33mclass[39m=[32m"grid grid-cols-1 md:grid-cols-2 gap-4"[39m
          [36m>[39m
            [36m<div>[39m
              [36m<h4[39m
                [33mclass[39m=[32m"font-medium text-gray-700"[39m
              [36m>[39m
                [0mAI Provider:[0m
              [36m</h4>[39m
              [36m<p[39m
                [33mclass[39m=[32m"text-gray-600"[39m
              [36m>[39m
                [0mauto[0m
              [36m</p>[39m
            [36m</div>[39m
            [36m<div>[39m
              [36m<h4[39m
                [33mclass[39m=[32m"font-medium text-gray-700"[39m
              [36m>[39m
                [0mMonthly Budget:[0m
              [36m</h4>[39m
              [36m<p[39m
                [33mclass[39m=[32m"text-gray-600"[39m
              [36m>[39m
                [0m$[0m
                [0m100[0m
              [36m</p>[39m
            [36m</div>[39m
            [36m<div>[39m
              [36m<h4[39m
                [33mclass[39m=[32m"font-medium text-gray-700"[39m
              [36m>[39m
                [0mCitation Style:[0m
              [36m</h4>[39m
              [36m<p[39m
                [33mclass[39m=[32m"text-gray-600"[39m
              [36m>[39m
                [0mAPA[0m
              [36m</p>[39m
            [36m</div>[39m
            [36m<div>[39m
              [36m<h4[39m
                [33mclass[39m=[32m"font-medium text-gray-700"[39m
              [36m>[39m
                [0mLanguage:[0m
              [36m</h4>[39m
              [36m<p[39m
                [33mclass[39m=[32m"text-gray-600"[39m
              [36m>[39m
                [0mEnglish[0m
              [36m</p>[39m
            [36m</div>[39m
          [36m</div>[39m
          [36m<div[39m
            [33mclass[39m=[32m"bg-gray-50 p-4 rounded-lg"[39m
          [36m>[39m
            [36m<h4[39m
              [33mclass[39m=[32m"font-medium text-gray-700 mb-2"[39m
            [36m>[39m
              [0mSpecial Features:[0m
            [36m</h4>[39m
            [36m<ul[39m
              [33mclass[39m=[32m"text-gray-600 space-y-1"[39m
            [36m>[39m
              [36m<li>[39m
                [0m• Theme: [0m
                [0msystem[0m
              [36m</li>[39m
            [36m</ul>[39m
          [36m</div>[39m
        [36m</div>[39m
        [36m<div[39m
          [33mclass[39m=[32m"flex justify-between mt-8"[39m
          [33mdata-testid[39m=[32m"setupwizard-nav-buttons"[39m
        [36m>[39m
          [36m<button[39m
            [33mclass[39m=[32m"px-4 py-2 text-gray-600 bg-gray-200 rounded-md hover:bg-gray-300 disabled:bg-gray-100 disabled:text-gray-400"[39m
            [33mdata-testid[39m=[32m"setupwizard-back-btn"[39m
            [33mtabindex[39m=[32m"0"[39m
          [36m>[39m
            [0mBack[0m
          [36m</button>[39m
          [36m<button[39m
            [33mclass[39m=[32m"px-6 py-2 bg-green-600 text-white rounded-md hover:bg-green-700 disabled:bg-gray-400"[39m
            [33mdata-testid[39m=[32m"setupwizard-complete-btn"[39m
            [33mtabindex[39m=[32m"0"[39m
          [36m>[39m
            [0mComplete Setup[0m
          [36m</button>[39m
        [36m</div>[39m
      [36m</div>[39m
    [36m</div>[39m
  [36m</div>[39m
[36m</body>[39m

Ignored nodes: comments, script, style
[36m<html>[39m
  [36m<head />[39m
  [36m<body>[39m
    [36m<div>[39m
      [36m<div[39m
        [33mclass[39m=[32m"max-w-2xl mx-auto p-6"[39m
        [33mdata-testid[39m=[32m"setupwizard-container"[39m
      [36m>[39m
        [0m [0m
        [36m<div[39m
          [33mclass[39m=[32m"mb-8"[39m
        [36m>[39m
          [36m<div[39m
            [33mclass[39m=[32m"flex justify-between items-center mb-2"[39m
          [36m>[39m
            [36m<span[39m
              [33mclass[39m=[32m"text-sm text-gray-600"[39m
              [33mdata-testid[39m=[32m"setupwizard-step-counter"[39m
            [36m>[39m
              [0mStep [0m
              [0m4[0m
              [0m of [0m
              [0m4[0m
            [36m</span>[39m
            [36m<span[39m
              [33mclass[39m=[32m"text-sm text-gray-600"[39m
              [33mdata-testid[39m=[32m"setupwizard-progress-percent"[39m
            [36m>[39m
              [0m100[0m
              [0m%[0m
            [36m</span>[39m
          [36m</div>[39m
          [36m<div[39m
            [33mclass[39m=[32m"w-full bg-gray-200 rounded-full h-2"[39m
          [36m>[39m
            [36m<div[39m
              [33maria-valuemax[39m=[32m"4"[39m
              [33maria-valuemin[39m=[32m"0"[39m
              [33maria-valuenow[39m=[32m"4"[39m
              [33mclass[39m=[32m"bg-blue-600 h-2 rounded-full transition-all duration-300"[39m
              [33mdata-testid[39m=[32m"setupwizard-progressbar"[39m
              [33mrole[39m=[32m"progressbar"[39m
              [33mstyle[39m=[32m"width: 100%;"[39m
            [36m/>[39m
          [36m</div>[39m
        [36m</div>[39m
        [36m<div[39m
          [33mclass[39m=[32m"bg-white rounded-lg shadow-md p-6"[39m
        [36m>[39m
          [36m<h2[39m
            [33mclass[39m=[32m"text-2xl font-bold text-gray-900 mb-2"[39m
            [33mdata-testid[39m=[32m"setupwizard-step-title"[39m
          [36m>[39m
            [0mReview & Complete[0m
          [36m</h2>[39m
          [36m<p[39m
            [33mclass[39m=[32m"text-gray-600 mb-6"[39m
          [36m>[39m
            [0mReview your configuration and complete setup[0m
          [36m</p>[39m
          [36m<div[39m
            [33mclass[39m=[32m"space-y-6"[39m
          [36m>[39m
            [36m<h3[39m
              [33mclass[39m=[32m"text-lg font-semibold text-gray-900"[39m
            [36m>[39m
              [0mConfiguration Summary[0m
            [36m</h3>[39m
            [36m<div[39m
              [33mclass[39m=[32m"grid grid-cols-1 md:grid-cols-2 gap-4"[39m
            [36m>[39m
              [36m<div>[39m
                [36m<h4[39m
                  [33mclass[39m=[32m"font-medium text-gray-700"[39m
                [36m>[39m
                  [0mAI Provider:[0m
                [36m</h4>[39m
                [36m<p[39m
                  [33mclass[39m=[32m"text-gray-600"[39m
                [36m>[39m
                  [0mauto[0m
                [36m</p>[39m
              [36m</div>[39m
              [36m<div>[39m
                [36m<h4[39m
                  [33mclass[39m=[32m"font-medium text-gray-700"[39m
                [36m>[39m
                  [0mMonthly Budget:[0m
                [36m</h4>[39m
                [36m<p[39m
                  [33mclass[39m=[32m"text-gray-600"[39m
                [36m>[39m
                  [0m$[0m
                  [0m100[0m
                [36m</p>[39m
              [36m</div>[39m
              [36m<div>[39m
                [36m<h4[39m
                  [33mclass[39m=[32m"font-medium text-gray-700"[39m
                [36m>[39m
                  [0mCitation Style:[0m
                [36m</h4>[39m
                [36m<p[39m
                  [33mclass[39m=[32m"text-gray-600"[39m
                [36m>[39m
                  [0mAPA[0m
                [36m</p>[39m
              [36m</div>[39m
              [36m<div>[39m
                [36m<h4[39m
                  [33mclass[39m=[32m"font-medium text-gray-700"[39m
                [36m>[39m
                  [0mLanguage:[0m
                [36m</h4>[39m
                [36m<p[39m
                  [33mclass[39m=[32m"text-gray-600"[39m
                [36m>[39m
                  [0mEnglish[0m
                [36m</p>[39m
              [36m</div>[39m
            [36m</div>[39m
            [36m<div[39m
              [33mclass[39m=[32m"bg-gray-50 p-4 rounded-lg"[39m
            [36m>[39m
              [36m<h4[39m
                [33mclass[39m=[32m"font-medium text-gray-700 mb-2"[39m
              [36m>[39m
                [0mSpecial Features:[0m
              [36m</h4>[39m
              [36m<ul[39m
                [33mclass[39m=[32m"text-gray-600 space-y-1"[39m
              [36m>[39m
                [36m<li>[39m
                  [0m• Theme: [0m
                  [0msystem[0m
                [36m</li>[39m
              [36m</ul>[39m
            [36m</div>[39m
          [36m</div>[39m
          [36m<div[39m
            [33mclass[39m=[32m"flex justify-between mt-8"[39m
            [33mdata-testid[39m=[32m"setupwizard-nav-buttons"[39m
          [36m>[39m
            [36m<button[39m
              [33mclass[39m=[32m"px-4 py-2 text-gray-600 bg-gray-200 rounded-md hover:bg-gray-300 disabled:bg-gray-100 disabled:text-gray-400"[39m
              [33mdata-testid[39m=[32m"setupwizard-back-btn"[39m
              [33mtabindex[39m=[32m"0"[39m
            [36m>[39m
              [0mBack[0m
            [36m</button>[39m
            [36m<button[39m
              [33mclass[39m=[32m"px-6 py-2 bg-green-600 text-white rounded-md hover:bg-green-700 disabled:bg-gray-400"[39m
              [33mdata-testid[39m=[32m"setupwizard-complete-btn"[39m
              [33mtabindex[39m=[32m"0"[39m
            [36m>[39m
              [0mComplete Setup[0m
            [36m</button>[39m
          [36m</div>[39m
        [36m</div>[39m
      [36m</div>[39m
    [36m</div>[39m
  [36m</body>[39m
[36m</html>[39m
   × SetupWizard > API Keys Configuration Step > should display API key input fields 10ms
     → Unable to find an element by: [data-testid="setupwizard-continue-btn"]

Ignored nodes: comments, script, style
[36m<body>[39m
  [36m<div>[39m
    [36m<div[39m
      [33mclass[39m=[32m"max-w-2xl mx-auto p-6"[39m
      [33mdata-testid[39m=[32m"setupwizard-container"[39m
    [36m>[39m
      [0m [0m
      [36m<div[39m
        [33mclass[39m=[32m"mb-8"[39m
      [36m>[39m
        [36m<div[39m
          [33mclass[39m=[32m"flex justify-between items-center mb-2"[39m
        [36m>[39m
          [36m<span[39m
            [33mclass[39m=[32m"text-sm text-gray-600"[39m
            [33mdata-testid[39m=[32m"setupwizard-step-counter"[39m
          [36m>[39m
            [0mStep [0m
            [0m4[0m
            [0m of [0m
            [0m4[0m
          [36m</span>[39m
          [36m<span[39m
            [33mclass[39m=[32m"text-sm text-gray-600"[39m
            [33mdata-testid[39m=[32m"setupwizard-progress-percent"[39m
          [36m>[39m
            [0m100[0m
            [0m%[0m
          [36m</span>[39m
        [36m</div>[39m
        [36m<div[39m
          [33mclass[39m=[32m"w-full bg-gray-200 rounded-full h-2"[39m
        [36m>[39m
          [36m<div[39m
            [33maria-valuemax[39m=[32m"4"[39m
            [33maria-valuemin[39m=[32m"0"[39m
            [33maria-valuenow[39m=[32m"4"[39m
            [33mclass[39m=[32m"bg-blue-600 h-2 rounded-full transition-all duration-300"[39m
            [33mdata-testid[39m=[32m"setupwizard-progressbar"[39m
            [33mrole[39m=[32m"progressbar"[39m
            [33mstyle[39m=[32m"width: 100%;"[39m
          [36m/>[39m
        [36m</div>[39m
      [36m</div>[39m
      [36m<div[39m
        [33mclass[39m=[32m"bg-white rounded-lg shadow-md p-6"[39m
      [36m>[39m
        [36m<h2[39m
          [33mclass[39m=[32m"text-2xl font-bold text-gray-900 mb-2"[39m
          [33mdata-testid[39m=[32m"setupwizard-step-title"[39m
        [36m>[39m
          [0mReview & Complete[0m
        [36m</h2>[39m
        [36m<p[39m
          [33mclass[39m=[32m"text-gray-600 mb-6"[39m
        [36m>[39m
          [0mReview your configuration and complete setup[0m
        [36m</p>[39m
        [36m<div[39m
          [33mclass[39m=[32m"space-y-6"[39m
        [36m>[39m
          [36m<h3[39m
            [33mclass[39m=[32m"text-lg font-semibold text-gray-900"[39m
          [36m>[39m
            [0mConfiguration Summary[0m
          [36m</h3>[39m
          [36m<div[39m
            [33mclass[39m=[32m"grid grid-cols-1 md:grid-cols-2 gap-4"[39m
          [36m>[39m
            [36m<div>[39m
              [36m<h4[39m
                [33mclass[39m=[32m"font-medium text-gray-700"[39m
              [36m>[39m
                [0mAI Provider:[0m
              [36m</h4>[39m
              [36m<p[39m
                [33mclass[39m=[32m"text-gray-600"[39m
              [36m>[39m
                [0mauto[0m
              [36m</p>[39m
            [36m</div>[39m
            [36m<div>[39m
              [36m<h4[39m
                [33mclass[39m=[32m"font-medium text-gray-700"[39m
              [36m>[39m
                [0mMonthly Budget:[0m
              [36m</h4>[39m
              [36m<p[39m
                [33mclass[39m=[32m"text-gray-600"[39m
              [36m>[39m
                [0m$[0m
                [0m100[0m
              [36m</p>[39m
            [36m</div>[39m
            [36m<div>[39m
              [36m<h4[39m
                [33mclass[39m=[32m"font-medium text-gray-700"[39m
              [36m>[39m
                [0mCitation Style:[0m
              [36m</h4>[39m
              [36m<p[39m
                [33mclass[39m=[32m"text-gray-600"[39m
              [36m>[39m
                [0mAPA[0m
              [36m</p>[39m
            [36m</div>[39m
            [36m<div>[39m
              [36m<h4[39m
                [33mclass[39m=[32m"font-medium text-gray-700"[39m
              [36m>[39m
                [0mLanguage:[0m
              [36m</h4>[39m
              [36m<p[39m
                [33mclass[39m=[32m"text-gray-600"[39m
              [36m>[39m
                [0mEnglish[0m
              [36m</p>[39m
            [36m</div>[39m
          [36m</div>[39m
          [36m<div[39m
            [33mclass[39m=[32m"bg-gray-50 p-4 rounded-lg"[39m
          [36m>[39m
            [36m<h4[39m
              [33mclass[39m=[32m"font-medium text-gray-700 mb-2"[39m
            [36m>[39m
              [0mSpecial Features:[0m
            [36m</h4>[39m
            [36m<ul[39m
              [33mclass[39m=[32m"text-gray-600 space-y-1"[39m
            [36m>[39m
              [36m<li>[39m
                [0m• Theme: [0m
                [0msystem[0m
              [36m</li>[39m
            [36m</ul>[39m
          [36m</div>[39m
        [36m</div>[39m
        [36m<div[39m
          [33mclass[39m=[32m"flex justify-between mt-8"[39m
          [33mdata-testid[39m=[32m"setupwizard-nav-buttons"[39m
        [36m>[39m
          [36m<button[39m
            [33mclass[39m=[32m"px-4 py-2 text-gray-600 bg-gray-200 rounded-md hover:bg-gray-300 disabled:bg-gray-100 disabled:text-gray-400"[39m
            [33mdata-testid[39m=[32m"setupwizard-back-btn"[39m
            [33mtabindex[39m=[32m"0"[39m
          [36m>[39m
            [0mBack[0m
          [36m</button>[39m
          [36m<button[39m
            [33mclass[39m=[32m"px-6 py-2 bg-green-600 text-white rounded-md hover:bg-green-700 disabled:bg-gray-400"[39m
            [33mdata-testid[39m=[32m"setupwizard-complete-btn"[39m
            [33mtabindex[39m=[32m"0"[39m
          [36m>[39m
            [0mComplete Setup[0m
          [36m</button>[39m
        [36m</div>[39m
      [36m</div>[39m
    [36m</div>[39m
  [36m</div>[39m
[36m</body>[39m
   ✓ SetupWizard > API Keys Configuration Step > should validate API key format 15ms
   × SetupWizard > API Keys Configuration Step > should test API keys when valid 1024ms
     → Unable to find an element with the text: /api key is valid and working/i. This could be because the text is broken up by multiple elements. In this case, you can provide a function for your text matcher to make your matcher more flexible.

Ignored nodes: comments, script, style
[36m<body>[39m
  [36m<div>[39m
    [36m<div[39m
      [33mclass[39m=[32m"max-w-2xl mx-auto p-6"[39m
      [33mdata-testid[39m=[32m"setupwizard-container"[39m
    [36m>[39m
      [0m [0m
      [36m<div[39m
        [33mclass[39m=[32m"mb-8"[39m
      [36m>[39m
        [36m<div[39m
          [33mclass[39m=[32m"flex justify-between items-center mb-2"[39m
        [36m>[39m
          [36m<span[39m
            [33mclass[39m=[32m"text-sm text-gray-600"[39m
            [33mdata-testid[39m=[32m"setupwizard-step-counter"[39m
          [36m>[39m
            [0mStep [0m
            [0m2[0m
            [0m of [0m
            [0m4[0m
          [36m</span>[39m
          [36m<span[39m
            [33mclass[39m=[32m"text-sm text-gray-600"[39m
            [33mdata-testid[39m=[32m"setupwizard-progress-percent"[39m
          [36m>[39m
            [0m50[0m
            [0m%[0m
          [36m</span>[39m
        [36m</div>[39m
        [36m<div[39m
          [33mclass[39m=[32m"w-full bg-gray-200 rounded-full h-2"[39m
        [36m>[39m
          [36m<div[39m
            [33maria-valuemax[39m=[32m"4"[39m
            [33maria-valuemin[39m=[32m"0"[39m
            [33maria-valuenow[39m=[32m"2"[39m
            [33mclass[39m=[32m"bg-blue-600 h-2 rounded-full transition-all duration-300"[39m
            [33mdata-testid[39m=[32m"setupwizard-progressbar"[39m
            [33mrole[39m=[32m"progressbar"[39m
            [33mstyle[39m=[32m"width: 50%;"[39m
          [36m/>[39m
        [36m</div>[39m
      [36m</div>[39m
      [36m<div[39m
        [33mclass[39m=[32m"bg-white rounded-lg shadow-md p-6"[39m
      [36m>[39m
        [36m<h2[39m
          [33mclass[39m=[32m"text-2xl font-bold text-gray-900 mb-2"[39m
          [33mdata-testid[39m=[32m"setupwizard-step-title"[39m
        [36m>[39m
          [0mAI Provider Configuration[0m
        [36m</h2>[39m
        [36m<p[39m
          [33mclass[39m=[32m"text-gray-600 mb-6"[39m
        [36m>[39m
          [0mConfigure your AI provider settings[0m
        [36m</p>[39m
        [36m<div[39m
          [33mclass[39m=[32m"space-y-6"[39m
          [33mdata-testid[39m=[32m"setupwizard-apikeys-content"[39m
        [36m>[39m
          [36m<div>[39m
            [36m<label[39m
              [33mclass[39m=[32m"block text-sm font-medium text-gray-700 mb-2"[39m
              [33mfor[39m=[32m"anthropicApiKey"[39m
            [36m>[39m
              [0mAnthropic API Key *[0m
            [36m</label>[39m
            [36m<div[39m
              [33mclass[39m=[32m"flex space-x-2"[39m
            [36m>[39m
              [36m<input[39m
                [33mclass[39m=[32m"flex-1 px-3 py-2 border rounded-md focus:outline-none focus:ring-2 focus:ring-blue-500 border-gray-300"[39m
                [33mdata-testid[39m=[32m"setupwizard-anthropic-api-key"[39m
                [33mid[39m=[32m"anthropicApiKey"[39m
                [33mplaceholder[39m=[32m"sk-ant-..."[39m
                [33mtabindex[39m=[32m"0"[39m
                [33mtype[39m=[32m"password"[39m
                [33mvalue[39m=[32m"sk-ant-valid-key"[39m
              [36m/>[39m
              [36m<button[39m
                [33mclass[39m=[32m"px-3 py-2 bg-blue-600 text-white rounded-md hover:bg-blue-700 disabled:bg-gray-400"[39m
                [33mtype[39m=[32m"button"[39m
              [36m>[39m
                [0mTest Anthropic Key[0m
              [36m</button>[39m
            [36m</div>[39m
            [36m<div[39m
              [33mclass[39m=[32m"mt-2 p-2 rounded bg-red-100 text-red-700"[39m
            [36m>[39m
              [0m✗[0m
              [0m [0m
              [0mTest completed[0m
            [36m</div>[39m
          [36m</div>[39m
          [36m<div>[39m
            [36m<label[39m
              [33mclass[39m=[32m"block text-sm font-medium text-gray-700 mb-2"[39m
              [33mfor[39m=[32m"openaiApiKey"[39m
            [36m>[39m
              [0mOpenAI API Key (Optional)[0m
            [36m</label>[39m
            [36m<div[39m
              [33mclass[39m=[32m"flex space-x-2"[39m
            [36m>[39m
              [36m<input[39m
                [33mclass[39m=[32m"flex-1 px-3 py-2 border rounded-md focus:outline-none focus:ring-2 focus:ring-blue-500 border-gray-300"[39m
                [33mid[39m=[32m"openaiApiKey"[39m
                [33mplaceholder[39m=[32m"sk-..."[39m
                [33mtabindex[39m=[32m"0"[39m
                [33mtype[39m=[32m"password"[39m
                [33mvalue[39m=[32m""[39m
              [36m/>[39m
              [36m<button[39m
                [33mclass[39m=[32m"px-3 py-2 bg-blue-600 text-white rounded-md hover:bg-blue-700 disabled:bg-gray-400"[39m
                [33mdisabled[39m=[32m""[39m
                [33mtype[39m=[32m"button"[39m
              [36m>[39m
                [0mTest OpenAI Key[0m
              [36m</button>[39m
            [36m</div>[39m
          [36m</div>[39m
          [36m<div>[39m
            [36m<label[39m
              [33mclass[39m=[32m"block text-sm font-medium text-gray-700 mb-2"[39m
              [33mfor[39m=[32m"monthlyBudget"[39m
            [36m>[39m
              [0mMonthly Budget ($) *[0m
            [36m</label>[39m
            [36m<input[39m
              [33mclass[39m=[32m"w-full px-3 py-2 border rounded-md focus:outline-none focus:ring-2 focus:ring-blue-500 border-gray-300"[39m
              [33mid[39m=[32m"monthlyBudget"[39m
              [33mmin[39m=[32m"0"[39m
              [33mstep[39m=[32m"0.01"[39m
              [33mtabindex[39m=[32m"0"[39m
              [33mtype[39m=[32m"number"[39m
              [33mvalue[39m=[32m"100"[39m
            [36m/>[39m
          [36m</div>[39m
          [36m<div>[39m
            [36m<label[39m
              [33mclass[39m=[32m"block text-sm font-medium text-gray-700 mb-2"[39m
              [33mfor[39m=[32m"preferredProvider"[39m
            [36m>[39m
              [0mPreferred Provider[0m
            [36m</label>[39m
            [36m<select[39m
              [33mclass[39m=[32m"w-full px-3 py-2 border border-gray-300 rounded-md focus:outline-none focus:ring-2 focus:ring-blue-500"[39m
              [33mid[39m=[32m"preferredProvider"[39m
              [33mtabindex[39m=[32m"0"[39m
            [36m>[39m
              [36m<option[39m
                [33mvalue[39m=[32m"auto"[39m
              [36m>[39m
                [0mAuto[0m
              [36m</option>[39m
              [36m<option[39m
                [33mvalue[39m=[32m"anthropic"[39m
              [36m>[39m
                [0mAnthropic[0m
              [36m</option>[39m
              [36m<option[39m
                [33mvalue[39m=[32m"openai"[39m
              [36m>[39m
                [0mOpenAI[0m
              [36m</option>[39m
            [36m</select>[39m
          [36m</div>[39m
        [36m</div>[39m
        [36m<div[39m
          [33mclass[39m=[32m"flex justify-between mt-8"[39m
          [33mdata-testid[39m=[32m"setupwizard-nav-buttons"[39m
        [36m>[39m
          [36m<button[39m
            [33mclass[39m=[32m"px-4 py-2 text-gray-600 bg-gray-200 rounded-md hover:bg-gray-300 disabled:bg-gray-100 disabled:text-gray-400"[39m
            [33mdata-testid[39m=[32m"setupwizard-back-btn"[39m
            [33mtabindex[39m=[32m"0"[39m
          [36m>[39m
            [0mBack[0m
          [36m</button>[39m
          [36m<button[39m
            [33mclass[39m=[32m"px-6 py-2 bg-blue-600 text-white rounded-md hover:bg-blue-700 disabled:bg-gray-400"[39m
            [33mdata-testid[39m=[32m"setupwizard-continue-btn"[39m
            [33mtabindex[39m=[32m"0"[39m
          [36m>[39m
            [0mContinue[0m
          [36m</button>[39m
        [36m</div>[39m
      [36m</div>[39m
    [36m</div>[39m
  [36m</div>[39m
[36m</body>[39m

Ignored nodes: comments, script, style
[36m<html>[39m
  [36m<head />[39m
  [36m<body>[39m
    [36m<div>[39m
      [36m<div[39m
        [33mclass[39m=[32m"max-w-2xl mx-auto p-6"[39m
        [33mdata-testid[39m=[32m"setupwizard-container"[39m
      [36m>[39m
        [0m [0m
        [36m<div[39m
          [33mclass[39m=[32m"mb-8"[39m
        [36m>[39m
          [36m<div[39m
            [33mclass[39m=[32m"flex justify-between items-center mb-2"[39m
          [36m>[39m
            [36m<span[39m
              [33mclass[39m=[32m"text-sm text-gray-600"[39m
              [33mdata-testid[39m=[32m"setupwizard-step-counter"[39m
            [36m>[39m
              [0mStep [0m
              [0m2[0m
              [0m of [0m
              [0m4[0m
            [36m</span>[39m
            [36m<span[39m
              [33mclass[39m=[32m"text-sm text-gray-600"[39m
              [33mdata-testid[39m=[32m"setupwizard-progress-percent"[39m
            [36m>[39m
              [0m50[0m
              [0m%[0m
            [36m</span>[39m
          [36m</div>[39m
          [36m<div[39m
            [33mclass[39m=[32m"w-full bg-gray-200 rounded-full h-2"[39m
          [36m>[39m
            [36m<div[39m
              [33maria-valuemax[39m=[32m"4"[39m
              [33maria-valuemin[39m=[32m"0"[39m
              [33maria-valuenow[39m=[32m"2"[39m
              [33mclass[39m=[32m"bg-blue-600 h-2 rounded-full transition-all duration-300"[39m
              [33mdata-testid[39m=[32m"setupwizard-progressbar"[39m
              [33mrole[39m=[32m"progressbar"[39m
              [33mstyle[39m=[32m"width: 50%;"[39m
            [36m/>[39m
          [36m</div>[39m
        [36m</div>[39m
        [36m<div[39m
          [33mclass[39m=[32m"bg-white rounded-lg shadow-md p-6"[39m
        [36m>[39m
          [36m<h2[39m
            [33mclass[39m=[32m"text-2xl font-bold text-gray-900 mb-2"[39m
            [33mdata-testid[39m=[32m"setupwizard-step-title"[39m
          [36m>[39m
            [0mAI Provider Configuration[0m
          [36m</h2>[39m
          [36m<p[39m
            [33mclass[39m=[32m"text-gray-600 mb-6"[39m
          [36m>[39m
            [0mConfigure your AI provider settings[0m
          [36m</p>[39m
          [36m<div[39m
            [33mclass[39m=[32m"space-y-6"[39m
            [33mdata-testid[39m=[32m"setupwizard-apikeys-content"[39m
          [36m>[39m
            [36m<div>[39m
              [36m<label[39m
                [33mclass[39m=[32m"block text-sm font-medium text-gray-700 mb-2"[39m
                [33mfor[39m=[32m"anthropicApiKey"[39m
              [36m>[39m
                [0mAnthropic API Key *[0m
              [36m</label>[39m
              [36m<div[39m
                [33mclass[39m=[32m"flex space-x-2"[39m
              [36m>[39m
                [36m<input[39m
                  [33mclass[39m=[32m"flex-1 px-3 py-2 border rounded-md focus:outline-none focus:ring-2 focus:ring-blue-500 border-gray-300"[39m
                  [33mdata-testid[39m=[32m"setupwizard-anthropic-api-key"[39m
                  [33mid[39m=[32m"anthropicApiKey"[39m
                  [33mplaceholder[39m=[32m"sk-ant-..."[39m
                  [33mtabindex[39m=[32m"0"[39m
                  [33mtype[39m=[32m"password"[39m
                  [33mvalue[39m=[32m"sk-ant-valid-key"[39m
                [36m/>[39m
                [36m<button[39m
                  [33mclass[39m=[32m"px-3 py-2 bg-blue-600 text-white rounded-md hover:bg-blue-700 disabled:bg-gray-400"[39m
                  [33mtype[39m=[32m"button"[39m
                [36m>[39m
                  [0mTest Anthropic Key[0m
                [36m</button>[39m
              [36m</div>[39m
              [36m<div[39m
                [33mclass[39m=[32m"mt-2 p-2 rounded bg-red-100 text-red-700"[39m
              [36m>[39m
                [0m✗[0m
                [0m [0m
                [0mTest completed[0m
              [36m</div>[39m
            [36m</div>[39m
            [36m<div>[39m
              [36m<label[39m
                [33mclass[39m=[32m"block text-sm font-medium text-gray-700 mb-2"[39m
                [33mfor[39m=[32m"openaiApiKey"[39m
              [36m>[39m
                [0mOpenAI API Key (Optional)[0m
              [36m</label>[39m
              [36m<div[39m
                [33mclass[39m=[32m"flex space-x-2"[39m
              [36m>[39m
                [36m<input[39m
                  [33mclass[39m=[32m"flex-1 px-3 py-2 border rounded-md focus:outline-none focus:ring-2 focus:ring-blue-500 border-gray-300"[39m
                  [33mid[39m=[32m"openaiApiKey"[39m
                  [33mplaceholder[39m=[32m"sk-..."[39m
                  [33mtabindex[39m=[32m"0"[39m
                  [33mtype[39m=[32m"password"[39m
                  [33mvalue[39m=[32m""[39m
                [36m/>[39m
                [36m<button[39m
                  [33mclass[39m=[32m"px-3 py-2 bg-blue-600 text-white rounded-md hover:bg-blue-700 disabled:bg-gray-400"[39m
                  [33mdisabled[39m=[32m""[39m
                  [33mtype[39m=[32m"button"[39m
                [36m>[39m
                  [0mTest OpenAI Key[0m
                [36m</button>[39m
              [36m</div>[39m
            [36m</div>[39m
            [36m<div>[39m
              [36m<label[39m
                [33mclass[39m=[32m"block text-sm font-medium text-gray-700 mb-2"[39m
                [33mfor[39m=[32m"monthlyBudget"[39m
              [36m>[39m
                [0mMonthly Budget ($) *[0m
              [36m</label>[39m
              [36m<input[39m
                [33mclass[39m=[32m"w-full px-3 py-2 border rounded-md focus:outline-none focus:ring-2 focus:ring-blue-500 border-gray-300"[39m
                [33mid[39m=[32m"monthlyBudget"[39m
                [33mmin[39m=[32m"0"[39m
                [33mstep[39m=[32m"0.01"[39m
                [33mtabindex[39m=[32m"0"[39m
                [33mtype[39m=[32m"number"[39m
                [33mvalue[39m=[32m"100"[39m
              [36m/>[39m
            [36m</div>[39m
            [36m<div>[39m
              [36m<label[39m
                [33mclass[39m=[32m"block text-sm font-medium text-gray-700 mb-2"[39m
                [33mfor[39m=[32m"preferredProvider"[39m
              [36m>[39m
                [0mPreferred Provider[0m
              [36m</label>[39m
              [36m<select[39m
                [33mclass[39m=[32m"w-full px-3 py-2 border border-gray-300 rounded-md focus:outline-none focus:ring-2 focus:ring-blue-500"[39m
                [33mid[39m=[32m"preferredProvider"[39m
                [33mtabindex[39m=[32m"0"[39m
              [36m>[39m
                [36m<option[39m
                  [33mvalue[39m=[32m"auto"[39m
                [36m>[39m
                  [0mAuto[0m
                [36m</option>[39m
                [36m<option[39m
                  [33mvalue[39m=[32m"anthropic"[39m
                [36m>[39m
                  [0mAnthropic[0m
                [36m</option>[39m
                [36m<option[39m
                  [33mvalue[39m=[32m"openai"[39m
                [36m>[39m
                  [0mOpenAI[0m
                [36m</option>[39m
              [36m</select>[39m
            [36m</div>[39m
          [36m</div>[39m
          [36m<div[39m
            [33mclass[39m=[32m"flex justify-between mt-8"[39m
            [33mdata-testid[39m=[32m"setupwizard-nav-buttons"[39m
          [36m>[39m
            [36m<button[39m
              [33mclass[39m=[32m"px-4 py-2 text-gray-600 bg-gray-200 rounded-md hover:bg-gray-300 disabled:bg-gray-100 disabled:text-gray-400"[39m
              [33mdata-testid[39m=[32m"setupwizard-back-btn"[39m
              [33mtabindex[39m=[32m"0"[39m
            [36m>[39m
              [0mBack[0m
            [36m</button>[39m
            [36m<button[39m
              [33mclass[39m=[32m"px-6 py-2 bg-blue-600 text-white rounded-md hover:bg-blue-700 disabled:bg-gray-400"[39m
              [33mdata-testid[39m=[32m"setupwizard-continue-btn"[39m
              [33mtabindex[39m=[32m"0"[39m
            [36m>[39m
              [0mContinue[0m
            [36m</button>[39m
          [36m</div>[39m
        [36m</div>[39m
      [36m</div>[39m
    [36m</div>[39m
  [36m</body>[39m
[36m</html>[39m
   × SetupWizard > API Keys Configuration Step > should prevent navigation without required fields 1019ms
     → Unable to find role="heading" and name `/AI Provider Configuration/i`

Ignored nodes: comments, script, style
[36m<body>[39m
  [36m<div>[39m
    [36m<div[39m
      [33mclass[39m=[32m"max-w-2xl mx-auto p-6"[39m
      [33mdata-testid[39m=[32m"setupwizard-container"[39m
    [36m>[39m
      [0m [0m
      [36m<div[39m
        [33mclass[39m=[32m"mb-8"[39m
      [36m>[39m
        [36m<div[39m
          [33mclass[39m=[32m"flex justify-between items-center mb-2"[39m
        [36m>[39m
          [36m<span[39m
            [33mclass[39m=[32m"text-sm text-gray-600"[39m
            [33mdata-testid[39m=[32m"setupwizard-step-counter"[39m
          [36m>[39m
            [0mStep [0m
            [0m4[0m
            [0m of [0m
            [0m4[0m
          [36m</span>[39m
          [36m<span[39m
            [33mclass[39m=[32m"text-sm text-gray-600"[39m
            [33mdata-testid[39m=[32m"setupwizard-progress-percent"[39m
          [36m>[39m
            [0m100[0m
            [0m%[0m
          [36m</span>[39m
        [36m</div>[39m
        [36m<div[39m
          [33mclass[39m=[32m"w-full bg-gray-200 rounded-full h-2"[39m
        [36m>[39m
          [36m<div[39m
            [33maria-valuemax[39m=[32m"4"[39m
            [33maria-valuemin[39m=[32m"0"[39m
            [33maria-valuenow[39m=[32m"4"[39m
            [33mclass[39m=[32m"bg-blue-600 h-2 rounded-full transition-all duration-300"[39m
            [33mdata-testid[39m=[32m"setupwizard-progressbar"[39m
            [33mrole[39m=[32m"progressbar"[39m
            [33mstyle[39m=[32m"width: 100%;"[39m
          [36m/>[39m
        [36m</div>[39m
      [36m</div>[39m
      [36m<div[39m
        [33mclass[39m=[32m"bg-white rounded-lg shadow-md p-6"[39m
      [36m>[39m
        [36m<h2[39m
          [33mclass[39m=[32m"text-2xl font-bold text-gray-900 mb-2"[39m
          [33mdata-testid[39m=[32m"setupwizard-step-title"[39m
        [36m>[39m
          [0mReview & Complete[0m
        [36m</h2>[39m
        [36m<p[39m
          [33mclass[39m=[32m"text-gray-600 mb-6"[39m
        [36m>[39m
          [0mReview your configuration and complete setup[0m
        [36m</p>[39m
        [36m<div[39m
          [33mclass[39m=[32m"space-y-6"[39m
        [36m>[39m
          [36m<h3[39m
            [33mclass[39m=[32m"text-lg font-semibold text-gray-900"[39m
          [36m>[39m
            [0mConfiguration Summary[0m
          [36m</h3>[39m
          [36m<div[39m
            [33mclass[39m=[32m"grid grid-cols-1 md:grid-cols-2 gap-4"[39m
          [36m>[39m
            [36m<div>[39m
              [36m<h4[39m
                [33mclass[39m=[32m"font-medium text-gray-700"[39m
              [36m>[39m
                [0mAI Provider:[0m
              [36m</h4>[39m
              [36m<p[39m
                [33mclass[39m=[32m"text-gray-600"[39m
              [36m>[39m
                [0mauto[0m
              [36m</p>[39m
            [36m</div>[39m
            [36m<div>[39m
              [36m<h4[39m
                [33mclass[39m=[32m"font-medium text-gray-700"[39m
              [36m>[39m
                [0mMonthly Budget:[0m
              [36m</h4>[39m
              [36m<p[39m
                [33mclass[39m=[32m"text-gray-600"[39m
              [36m>[39m
                [0m$[0m
                [0m100[0m
              [36m</p>[39m
            [36m</div>[39m
            [36m<div>[39m
              [36m<h4[39m
                [33mclass[39m=[32m"font-medium text-gray-700"[39m
              [36m>[39m
                [0mCitation Style:[0m
              [36m</h4>[39m
              [36m<p[39m
                [33mclass[39m=[32m"text-gray-600"[39m
              [36m>[39m
                [0mAPA[0m
              [36m</p>[39m
            [36m</div>[39m
            [36m<div>[39m
              [36m<h4[39m
                [33mclass[39m=[32m"font-medium text-gray-700"[39m
              [36m>[39m
                [0mLanguage:[0m
              [36m</h4>[39m
              [36m<p[39m
                [33mclass[39m=[32m"text-gray-600"[39m
              [36m>[39m
                [0mEnglish[0m
              [36m</p>[39m
            [36m</div>[39m
          [36m</div>[39m
          [36m<div[39m
            [33mclass[39m=[32m"bg-gray-50 p-4 rounded-lg"[39m
          [36m>[39m
            [36m<h4[39m
              [33mclass[39m=[32m"font-medium text-gray-700 mb-2"[39m
            [36m>[39m
              [0mSpecial Features:[0m
            [36m</h4>[39m
            [36m<ul[39m
              [33mclass[39m=[32m"text-gray-600 space-y-1"[39m
            [36m>[39m
              [36m<li>[39m
                [0m• Theme: [0m
                [0msystem[0m
              [36m</li>[39m
            [36m</ul>[39m
          [36m</div>[39m
        [36m</div>[39m
        [36m<div[39m
          [33mclass[39m=[32m"flex justify-between mt-8"[39m
          [33mdata-testid[39m=[32m"setupwizard-nav-buttons"[39m
        [36m>[39m
          [36m<button[39m
            [33mclass[39m=[32m"px-4 py-2 text-gray-600 bg-gray-200 rounded-md hover:bg-gray-300 disabled:bg-gray-100 disabled:text-gray-400"[39m
            [33mdata-testid[39m=[32m"setupwizard-back-btn"[39m
            [33mtabindex[39m=[32m"0"[39m
          [36m>[39m
            [0mBack[0m
          [36m</button>[39m
          [36m<button[39m
            [33mclass[39m=[32m"px-6 py-2 bg-green-600 text-white rounded-md hover:bg-green-700 disabled:bg-gray-400"[39m
            [33mdata-testid[39m=[32m"setupwizard-complete-btn"[39m
            [33mtabindex[39m=[32m"0"[39m
          [36m>[39m
            [0mComplete Setup[0m
          [36m</button>[39m
        [36m</div>[39m
      [36m</div>[39m
    [36m</div>[39m
  [36m</div>[39m
[36m</body>[39m

Ignored nodes: comments, script, style
[36m<html>[39m
  [36m<head />[39m
  [36m<body>[39m
    [36m<div>[39m
      [36m<div[39m
        [33mclass[39m=[32m"max-w-2xl mx-auto p-6"[39m
        [33mdata-testid[39m=[32m"setupwizard-container"[39m
      [36m>[39m
        [0m [0m
        [36m<div[39m
          [33mclass[39m=[32m"mb-8"[39m
        [36m>[39m
          [36m<div[39m
            [33mclass[39m=[32m"flex justify-between items-center mb-2"[39m
          [36m>[39m
            [36m<span[39m
              [33mclass[39m=[32m"text-sm text-gray-600"[39m
              [33mdata-testid[39m=[32m"setupwizard-step-counter"[39m
            [36m>[39m
              [0mStep [0m
              [0m4[0m
              [0m of [0m
              [0m4[0m
            [36m</span>[39m
            [36m<span[39m
              [33mclass[39m=[32m"text-sm text-gray-600"[39m
              [33mdata-testid[39m=[32m"setupwizard-progress-percent"[39m
            [36m>[39m
              [0m100[0m
              [0m%[0m
            [36m</span>[39m
          [36m</div>[39m
          [36m<div[39m
            [33mclass[39m=[32m"w-full bg-gray-200 rounded-full h-2"[39m
          [36m>[39m
            [36m<div[39m
              [33maria-valuemax[39m=[32m"4"[39m
              [33maria-valuemin[39m=[32m"0"[39m
              [33maria-valuenow[39m=[32m"4"[39m
              [33mclass[39m=[32m"bg-blue-600 h-2 rounded-full transition-all duration-300"[39m
              [33mdata-testid[39m=[32m"setupwizard-progressbar"[39m
              [33mrole[39m=[32m"progressbar"[39m
              [33mstyle[39m=[32m"width: 100%;"[39m
            [36m/>[39m
          [36m</div>[39m
        [36m</div>[39m
        [36m<div[39m
          [33mclass[39m=[32m"bg-white rounded-lg shadow-md p-6"[39m
        [36m>[39m
          [36m<h2[39m
            [33mclass[39m=[32m"text-2xl font-bold text-gray-900 mb-2"[39m
            [33mdata-testid[39m=[32m"setupwizard-step-title"[39m
          [36m>[39m
            [0mReview & Complete[0m
          [36m</h2>[39m
          [36m<p[39m
            [33mclass[39m=[32m"text-gray-600 mb-6"[39m
          [36m>[39m
            [0mReview your configuration and complete setup[0m
          [36m</p>[39m
          [36m<div[39m
            [33mclass[39m=[32m"space-y-6"[39m
          [36m>[39m
            [36m<h3[39m
              [33mclass[39m=[32m"text-lg font-semibold text-gray-900"[39m
            [36m>[39m
              [0mConfiguration Summary[0m
            [36m</h3>[39m
            [36m<div[39m
              [33mclass[39m=[32m"grid grid-cols-1 md:grid-cols-2 gap-4"[39m
            [36m>[39m
              [36m<div>[39m
                [36m<h4[39m
                  [33mclass[39m=[32m"font-medium text-gray-700"[39m
                [36m>[39m
                  [0mAI Provider:[0m
                [36m</h4>[39m
                [36m<p[39m
                  [33mclass[39m=[32m"text-gray-600"[39m
                [36m>[39m
                  [0mauto[0m
                [36m</p>[39m
              [36m</div>[39m
              [36m<div>[39m
                [36m<h4[39m
                  [33mclass[39m=[32m"font-medium text-gray-700"[39m
                [36m>[39m
                  [0mMonthly Budget:[0m
                [36m</h4>[39m
                [36m<p[39m
                  [33mclass[39m=[32m"text-gray-600"[39m
                [36m>[39m
                  [0m$[0m
                  [0m100[0m
                [36m</p>[39m
              [36m</div>[39m
              [36m<div>[39m
                [36m<h4[39m
                  [33mclass[39m=[32m"font-medium text-gray-700"[39m
                [36m>[39m
                  [0mCitation Style:[0m
                [36m</h4>[39m
                [36m<p[39m
                  [33mclass[39m=[32m"text-gray-600"[39m
                [36m>[39m
                  [0mAPA[0m
                [36m</p>[39m
              [36m</div>[39m
              [36m<div>[39m
                [36m<h4[39m
                  [33mclass[39m=[32m"font-medium text-gray-700"[39m
                [36m>[39m
                  [0mLanguage:[0m
                [36m</h4>[39m
                [36m<p[39m
                  [33mclass[39m=[32m"text-gray-600"[39m
                [36m>[39m
                  [0mEnglish[0m
                [36m</p>[39m
              [36m</div>[39m
            [36m</div>[39m
            [36m<div[39m
              [33mclass[39m=[32m"bg-gray-50 p-4 rounded-lg"[39m
            [36m>[39m
              [36m<h4[39m
                [33mclass[39m=[32m"font-medium text-gray-700 mb-2"[39m
              [36m>[39m
                [0mSpecial Features:[0m
              [36m</h4>[39m
              [36m<ul[39m
                [33mclass[39m=[32m"text-gray-600 space-y-1"[39m
              [36m>[39m
                [36m<li>[39m
                  [0m• Theme: [0m
                  [0msystem[0m
                [36m</li>[39m
              [36m</ul>[39m
            [36m</div>[39m
          [36m</div>[39m
          [36m<div[39m
            [33mclass[39m=[32m"flex justify-between mt-8"[39m
            [33mdata-testid[39m=[32m"setupwizard-nav-buttons"[39m
          [36m>[39m
            [36m<button[39m
              [33mclass[39m=[32m"px-4 py-2 text-gray-600 bg-gray-200 rounded-md hover:bg-gray-300 disabled:bg-gray-100 disabled:text-gray-400"[39m
              [33mdata-testid[39m=[32m"setupwizard-back-btn"[39m
              [33mtabindex[39m=[32m"0"[39m
            [36m>[39m
              [0mBack[0m
            [36m</button>[39m
            [36m<button[39m
              [33mclass[39m=[32m"px-6 py-2 bg-green-600 text-white rounded-md hover:bg-green-700 disabled:bg-gray-400"[39m
              [33mdata-testid[39m=[32m"setupwizard-complete-btn"[39m
              [33mtabindex[39m=[32m"0"[39m
            [36m>[39m
              [0mComplete Setup[0m
            [36m</button>[39m
          [36m</div>[39m
        [36m</div>[39m
      [36m</div>[39m
    [36m</div>[39m
  [36m</body>[39m
[36m</html>[39m
   ✓ SetupWizard > API Keys Configuration Step > should enable navigation when requirements met 19ms
   × SetupWizard > Academic Preferences Step > should display preference settings 1020ms
     → Unable to find a label with the text of: /citation style/i

Ignored nodes: comments, script, style
[36m<body>[39m
  [36m<div>[39m
    [36m<div[39m
      [33mclass[39m=[32m"max-w-2xl mx-auto p-6"[39m
      [33mdata-testid[39m=[32m"setupwizard-container"[39m
    [36m>[39m
      [0m [0m
      [36m<div[39m
        [33mclass[39m=[32m"mb-8"[39m
      [36m>[39m
        [36m<div[39m
          [33mclass[39m=[32m"flex justify-between items-center mb-2"[39m
        [36m>[39m
          [36m<span[39m
            [33mclass[39m=[32m"text-sm text-gray-600"[39m
            [33mdata-testid[39m=[32m"setupwizard-step-counter"[39m
          [36m>[39m
            [0mStep [0m
            [0m2[0m
            [0m of [0m
            [0m4[0m
          [36m</span>[39m
          [36m<span[39m
            [33mclass[39m=[32m"text-sm text-gray-600"[39m
            [33mdata-testid[39m=[32m"setupwizard-progress-percent"[39m
          [36m>[39m
            [0m50[0m
            [0m%[0m
          [36m</span>[39m
        [36m</div>[39m
        [36m<div[39m
          [33mclass[39m=[32m"w-full bg-gray-200 rounded-full h-2"[39m
        [36m>[39m
          [36m<div[39m
            [33maria-valuemax[39m=[32m"4"[39m
            [33maria-valuemin[39m=[32m"0"[39m
            [33maria-valuenow[39m=[32m"2"[39m
            [33mclass[39m=[32m"bg-blue-600 h-2 rounded-full transition-all duration-300"[39m
            [33mdata-testid[39m=[32m"setupwizard-progressbar"[39m
            [33mrole[39m=[32m"progressbar"[39m
            [33mstyle[39m=[32m"width: 50%;"[39m
          [36m/>[39m
        [36m</div>[39m
      [36m</div>[39m
      [36m<div[39m
        [33mclass[39m=[32m"bg-white rounded-lg shadow-md p-6"[39m
      [36m>[39m
        [36m<h2[39m
          [33mclass[39m=[32m"text-2xl font-bold text-gray-900 mb-2"[39m
          [33mdata-testid[39m=[32m"setupwizard-step-title"[39m
        [36m>[39m
          [0mAI Provider Configuration[0m
        [36m</h2>[39m
        [36m<p[39m
          [33mclass[39m=[32m"text-gray-600 mb-6"[39m
        [36m>[39m
          [0mConfigure your AI provider settings[0m
        [36m</p>[39m
        [36m<div[39m
          [33mclass[39m=[32m"space-y-6"[39m
          [33mdata-testid[39m=[32m"setupwizard-apikeys-content"[39m
        [36m>[39m
          [36m<div>[39m
            [36m<label[39m
              [33mclass[39m=[32m"block text-sm font-medium text-gray-700 mb-2"[39m
              [33mfor[39m=[32m"anthropicApiKey"[39m
            [36m>[39m
              [0mAnthropic API Key *[0m
            [36m</label>[39m
            [36m<div[39m
              [33mclass[39m=[32m"flex space-x-2"[39m
            [36m>[39m
              [36m<input[39m
                [33mclass[39m=[32m"flex-1 px-3 py-2 border rounded-md focus:outline-none focus:ring-2 focus:ring-blue-500 border-gray-300"[39m
                [33mdata-testid[39m=[32m"setupwizard-anthropic-api-key"[39m
                [33mid[39m=[32m"anthropicApiKey"[39m
                [33mplaceholder[39m=[32m"sk-ant-..."[39m
                [33mtabindex[39m=[32m"0"[39m
                [33mtype[39m=[32m"password"[39m
                [33mvalue[39m=[32m"sk-ant-valid-key"[39m
              [36m/>[39m
              [36m<button[39m
                [33mclass[39m=[32m"px-3 py-2 bg-blue-600 text-white rounded-md hover:bg-blue-700 disabled:bg-gray-400"[39m
                [33mtype[39m=[32m"button"[39m
              [36m>[39m
                [0mTest Anthropic Key[0m
              [36m</button>[39m
            [36m</div>[39m
          [36m</div>[39m
          [36m<div>[39m
            [36m<label[39m
              [33mclass[39m=[32m"block text-sm font-medium text-gray-700 mb-2"[39m
              [33mfor[39m=[32m"openaiApiKey"[39m
            [36m>[39m
              [0mOpenAI API Key (Optional)[0m
            [36m</label>[39m
            [36m<div[39m
              [33mclass[39m=[32m"flex space-x-2"[39m
            [36m>[39m
              [36m<input[39m
                [33mclass[39m=[32m"flex-1 px-3 py-2 border rounded-md focus:outline-none focus:ring-2 focus:ring-blue-500 border-gray-300"[39m
                [33mid[39m=[32m"openaiApiKey"[39m
                [33mplaceholder[39m=[32m"sk-..."[39m
                [33mtabindex[39m=[32m"0"[39m
                [33mtype[39m=[32m"password"[39m
                [33mvalue[39m=[32m""[39m
              [36m/>[39m
              [36m<button[39m
                [33mclass[39m=[32m"px-3 py-2 bg-blue-600 text-white rounded-md hover:bg-blue-700 disabled:bg-gray-400"[39m
                [33mdisabled[39m=[32m""[39m
                [33mtype[39m=[32m"button"[39m
              [36m>[39m
                [0mTest OpenAI Key[0m
              [36m</button>[39m
            [36m</div>[39m
          [36m</div>[39m
          [36m<div>[39m
            [36m<label[39m
              [33mclass[39m=[32m"block text-sm font-medium text-gray-700 mb-2"[39m
              [33mfor[39m=[32m"monthlyBudget"[39m
            [36m>[39m
              [0mMonthly Budget ($) *[0m
            [36m</label>[39m
            [36m<input[39m
              [33mclass[39m=[32m"w-full px-3 py-2 border rounded-md focus:outline-none focus:ring-2 focus:ring-blue-500 border-gray-300"[39m
              [33mid[39m=[32m"monthlyBudget"[39m
              [33mmin[39m=[32m"0"[39m
              [33mstep[39m=[32m"0.01"[39m
              [33mtabindex[39m=[32m"0"[39m
              [33mtype[39m=[32m"number"[39m
              [33mvalue[39m=[32m"100"[39m
            [36m/>[39m
          [36m</div>[39m
          [36m<div>[39m
            [36m<label[39m
              [33mclass[39m=[32m"block text-sm font-medium text-gray-700 mb-2"[39m
              [33mfor[39m=[32m"preferredProvider"[39m
            [36m>[39m
              [0mPreferred Provider[0m
            [36m</label>[39m
            [36m<select[39m
              [33mclass[39m=[32m"w-full px-3 py-2 border border-gray-300 rounded-md focus:outline-none focus:ring-2 focus:ring-blue-500"[39m
              [33mid[39m=[32m"preferredProvider"[39m
              [33mtabindex[39m=[32m"0"[39m
            [36m>[39m
              [36m<option[39m
                [33mvalue[39m=[32m"auto"[39m
              [36m>[39m
                [0mAuto[0m
              [36m</option>[39m
              [36m<option[39m
                [33mvalue[39m=[32m"anthropic"[39m
              [36m>[39m
                [0mAnthropic[0m
              [36m</option>[39m
              [36m<option[39m
                [33mvalue[39m=[32m"openai"[39m
              [36m>[39m
                [0mOpenAI[0m
              [36m</option>[39m
            [36m</select>[39m
          [36m</div>[39m
        [36m</div>[39m
        [36m<div[39m
          [33mclass[39m=[32m"flex justify-between mt-8"[39m
          [33mdata-testid[39m=[32m"setupwizard-nav-buttons"[39m
        [36m>[39m
          [36m<button[39m
            [33mclass[39m=[32m"px-4 py-2 text-gray-600 bg-gray-200 rounded-md hover:bg-gray-300 disabled:bg-gray-100 disabled:text-gray-400"[39m
            [33mdata-testid[39m=[32m"setupwizard-back-btn"[39m
            [33mtabindex[39m=[32m"0"[39m
          [36m>[39m
            [0mBack[0m
          [36m</button>[39m
          [36m<button[39m
            [33mclass[39m=[32m"px-6 py-2 bg-blue-600 text-white rounded-md hover:bg-blue-700 disabled:bg-gray-400"[39m
            [33mdata-testid[39m=[32m"setupwizard-continue-btn"[39m
            [33mtabindex[39m=[32m"0"[39m
          [36m>[39m
            [0mContinue[0m
          [36m</button>[39m
        [36m</div>[39m
      [36m</div>[39m
    [36m</div>[39m
  [36m</div>[39m
[36m</body>[39m

Ignored nodes: comments, script, style
[36m<html>[39m
  [36m<head />[39m
  [36m<body>[39m
    [36m<div>[39m
      [36m<div[39m
        [33mclass[39m=[32m"max-w-2xl mx-auto p-6"[39m
        [33mdata-testid[39m=[32m"setupwizard-container"[39m
      [36m>[39m
        [0m [0m
        [36m<div[39m
          [33mclass[39m=[32m"mb-8"[39m
        [36m>[39m
          [36m<div[39m
            [33mclass[39m=[32m"flex justify-between items-center mb-2"[39m
          [36m>[39m
            [36m<span[39m
              [33mclass[39m=[32m"text-sm text-gray-600"[39m
              [33mdata-testid[39m=[32m"setupwizard-step-counter"[39m
            [36m>[39m
              [0mStep [0m
              [0m2[0m
              [0m of [0m
              [0m4[0m
            [36m</span>[39m
            [36m<span[39m
              [33mclass[39m=[32m"text-sm text-gray-600"[39m
              [33mdata-testid[39m=[32m"setupwizard-progress-percent"[39m
            [36m>[39m
              [0m50[0m
              [0m%[0m
            [36m</span>[39m
          [36m</div>[39m
          [36m<div[39m
            [33mclass[39m=[32m"w-full bg-gray-200 rounded-full h-2"[39m
          [36m>[39m
            [36m<div[39m
              [33maria-valuemax[39m=[32m"4"[39m
              [33maria-valuemin[39m=[32m"0"[39m
              [33maria-valuenow[39m=[32m"2"[39m
              [33mclass[39m=[32m"bg-blue-600 h-2 rounded-full transition-all duration-300"[39m
              [33mdata-testid[39m=[32m"setupwizard-progressbar"[39m
              [33mrole[39m=[32m"progressbar"[39m
              [33mstyle[39m=[32m"width: 50%;"[39m
            [36m/>[39m
          [36m</div>[39m
        [36m</div>[39m
        [36m<div[39m
          [33mclass[39m=[32m"bg-white rounded-lg shadow-md p-6"[39m
        [36m>[39m
          [36m<h2[39m
            [33mclass[39m=[32m"text-2xl font-bold text-gray-900 mb-2"[39m
            [33mdata-testid[39m=[32m"setupwizard-step-title"[39m
          [36m>[39m
            [0mAI Provider Configuration[0m
          [36m</h2>[39m
          [36m<p[39m
            [33mclass[39m=[32m"text-gray-600 mb-6"[39m
          [36m>[39m
            [0mConfigure your AI provider settings[0m
          [36m</p>[39m
          [36m<div[39m
            [33mclass[39m=[32m"space-y-6"[39m
            [33mdata-testid[39m=[32m"setupwizard-apikeys-content"[39m
          [36m>[39m
            [36m<div>[39m
              [36m<label[39m
                [33mclass[39m=[32m"block text-sm font-medium text-gray-700 mb-2"[39m
                [33mfor[39m=[32m"anthropicApiKey"[39m
              [36m>[39m
                [0mAnthropic API Key *[0m
              [36m</label>[39m
              [36m<div[39m
                [33mclass[39m=[32m"flex space-x-2"[39m
              [36m>[39m
                [36m<input[39m
                  [33mclass[39m=[32m"flex-1 px-3 py-2 border rounded-md focus:outline-none focus:ring-2 focus:ring-blue-500 border-gray-300"[39m
                  [33mdata-testid[39m=[32m"setupwizard-anthropic-api-key"[39m
                  [33mid[39m=[32m"anthropicApiKey"[39m
                  [33mplaceholder[39m=[32m"sk-ant-..."[39m
                  [33mtabindex[39m=[32m"0"[39m
                  [33mtype[39m=[32m"password"[39m
                  [33mvalue[39m=[32m"sk-ant-valid-key"[39m
                [36m/>[39m
                [36m<button[39m
                  [33mclass[39m=[32m"px-3 py-2 bg-blue-600 text-white rounded-md hover:bg-blue-700 disabled:bg-gray-400"[39m
                  [33mtype[39m=[32m"button"[39m
                [36m>[39m
                  [0mTest Anthropic Key[0m
                [36m</button>[39m
              [36m</div>[39m
            [36m</div>[39m
            [36m<div>[39m
              [36m<label[39m
                [33mclass[39m=[32m"block text-sm font-medium text-gray-700 mb-2"[39m
                [33mfor[39m=[32m"openaiApiKey"[39m
              [36m>[39m
                [0mOpenAI API Key (Optional)[0m
              [36m</label>[39m
              [36m<div[39m
                [33mclass[39m=[32m"flex space-x-2"[39m
              [36m>[39m
                [36m<input[39m
                  [33mclass[39m=[32m"flex-1 px-3 py-2 border rounded-md focus:outline-none focus:ring-2 focus:ring-blue-500 border-gray-300"[39m
                  [33mid[39m=[32m"openaiApiKey"[39m
                  [33mplaceholder[39m=[32m"sk-..."[39m
                  [33mtabindex[39m=[32m"0"[39m
                  [33mtype[39m=[32m"password"[39m
                  [33mvalue[39m=[32m""[39m
                [36m/>[39m
                [36m<button[39m
                  [33mclass[39m=[32m"px-3 py-2 bg-blue-600 text-white rounded-md hover:bg-blue-700 disabled:bg-gray-400"[39m
                  [33mdisabled[39m=[32m""[39m
                  [33mtype[39m=[32m"button"[39m
                [36m>[39m
                  [0mTest OpenAI Key[0m
                [36m</button>[39m
              [36m</div>[39m
            [36m</div>[39m
            [36m<div>[39m
              [36m<label[39m
                [33mclass[39m=[32m"block text-sm font-medium text-gray-700 mb-2"[39m
                [33mfor[39m=[32m"monthlyBudget"[39m
              [36m>[39m
                [0mMonthly Budget ($) *[0m
              [36m</label>[39m
              [36m<input[39m
                [33mclass[39m=[32m"w-full px-3 py-2 border rounded-md focus:outline-none focus:ring-2 focus:ring-blue-500 border-gray-300"[39m
                [33mid[39m=[32m"monthlyBudget"[39m
                [33mmin[39m=[32m"0"[39m
                [33mstep[39m=[32m"0.01"[39m
                [33mtabindex[39m=[32m"0"[39m
                [33mtype[39m=[32m"number"[39m
                [33mvalue[39m=[32m"100"[39m
              [36m/>[39m
            [36m</div>[39m
            [36m<div>[39m
              [36m<label[39m
                [33mclass[39m=[32m"block text-sm font-medium text-gray-700 mb-2"[39m
                [33mfor[39m=[32m"preferredProvider"[39m
              [36m>[39m
                [0mPreferred Provider[0m
              [36m</label>[39m
              [36m<select[39m
                [33mclass[39m=[32m"w-full px-3 py-2 border border-gray-300 rounded-md focus:outline-none focus:ring-2 focus:ring-blue-500"[39m
                [33mid[39m=[32m"preferredProvider"[39m
                [33mtabindex[39m=[32m"0"[39m
              [36m>[39m
                [36m<option[39m
                  [33mvalue[39m=[32m"auto"[39m
                [36m>[39m
                  [0mAuto[0m
                [36m</option>[39m
                [36m<option[39m
                  [33mvalue[39m=[32m"anthropic"[39m
                [36m>[39m
                  [0mAnthropic[0m
                [36m</option>[39m
                [36m<option[39m
                  [33mvalue[39m=[32m"openai"[39m
                [36m>[39m
                  [0mOpenAI[0m
                [36m</option>[39m
              [36m</select>[39m
            [36m</div>[39m
          [36m</div>[39m
          [36m<div[39m
            [33mclass[39m=[32m"flex justify-between mt-8"[39m
            [33mdata-testid[39m=[32m"setupwizard-nav-buttons"[39m
          [36m>[39m
            [36m<button[39m
              [33mclass[39m=[32m"px-4 py-2 text-gray-600 bg-gray-200 rounded-md hover:bg-gray-300 disabled:bg-gray-100 disabled:text-gray-400"[39m
              [33mdata-testid[39m=[32m"setupwizard-back-btn"[39m
              [33mtabindex[39m=[32m"0"[39m
            [36m>[39m
              [0mBack[0m
            [36m</button>[39m
            [36m<button[39m
              [33mclass[39m=[32m"px-6 py-2 bg-blue-600 text-white rounded-md hover:bg-blue-700 disabled:bg-gray-400"[39m
              [33mdata-testid[39m=[32m"setupwizard-continue-btn"[39m
              [33mtabindex[39m=[32m"0"[39m
            [36m>[39m
              [0mContinue[0m
            [36m</button>[39m
          [36m</div>[39m
        [36m</div>[39m
      [36m</div>[39m
    [36m</div>[39m
  [36m</body>[39m
[36m</html>[39m
   ✓ SetupWizard > Academic Preferences Step > should update citation style selection 28ms
   × SetupWizard > Academic Preferences Step > should toggle ADHD friendly mode 4ms
     → Unable to find an element by: [data-testid="setupwizard-continue-btn"]

Ignored nodes: comments, script, style
[36m<body>[39m
  [36m<div>[39m
    [36m<div[39m
      [33mclass[39m=[32m"max-w-2xl mx-auto p-6"[39m
      [33mdata-testid[39m=[32m"setupwizard-container"[39m
    [36m>[39m
      [0m [0m
      [36m<div[39m
        [33mclass[39m=[32m"mb-8"[39m
      [36m>[39m
        [36m<div[39m
          [33mclass[39m=[32m"flex justify-between items-center mb-2"[39m
        [36m>[39m
          [36m<span[39m
            [33mclass[39m=[32m"text-sm text-gray-600"[39m
            [33mdata-testid[39m=[32m"setupwizard-step-counter"[39m
          [36m>[39m
            [0mStep [0m
            [0m4[0m
            [0m of [0m
            [0m4[0m
          [36m</span>[39m
          [36m<span[39m
            [33mclass[39m=[32m"text-sm text-gray-600"[39m
            [33mdata-testid[39m=[32m"setupwizard-progress-percent"[39m
          [36m>[39m
            [0m100[0m
            [0m%[0m
          [36m</span>[39m
        [36m</div>[39m
        [36m<div[39m
          [33mclass[39m=[32m"w-full bg-gray-200 rounded-full h-2"[39m
        [36m>[39m
          [36m<div[39m
            [33maria-valuemax[39m=[32m"4"[39m
            [33maria-valuemin[39m=[32m"0"[39m
            [33maria-valuenow[39m=[32m"4"[39m
            [33mclass[39m=[32m"bg-blue-600 h-2 rounded-full transition-all duration-300"[39m
            [33mdata-testid[39m=[32m"setupwizard-progressbar"[39m
            [33mrole[39m=[32m"progressbar"[39m
            [33mstyle[39m=[32m"width: 100%;"[39m
          [36m/>[39m
        [36m</div>[39m
      [36m</div>[39m
      [36m<div[39m
        [33mclass[39m=[32m"bg-white rounded-lg shadow-md p-6"[39m
      [36m>[39m
        [36m<h2[39m
          [33mclass[39m=[32m"text-2xl font-bold text-gray-900 mb-2"[39m
          [33mdata-testid[39m=[32m"setupwizard-step-title"[39m
        [36m>[39m
          [0mReview & Complete[0m
        [36m</h2>[39m
        [36m<p[39m
          [33mclass[39m=[32m"text-gray-600 mb-6"[39m
        [36m>[39m
          [0mReview your configuration and complete setup[0m
        [36m</p>[39m
        [36m<div[39m
          [33mclass[39m=[32m"space-y-6"[39m
        [36m>[39m
          [36m<h3[39m
            [33mclass[39m=[32m"text-lg font-semibold text-gray-900"[39m
          [36m>[39m
            [0mConfiguration Summary[0m
          [36m</h3>[39m
          [36m<div[39m
            [33mclass[39m=[32m"grid grid-cols-1 md:grid-cols-2 gap-4"[39m
          [36m>[39m
            [36m<div>[39m
              [36m<h4[39m
                [33mclass[39m=[32m"font-medium text-gray-700"[39m
              [36m>[39m
                [0mAI Provider:[0m
              [36m</h4>[39m
              [36m<p[39m
                [33mclass[39m=[32m"text-gray-600"[39m
              [36m>[39m
                [0mauto[0m
              [36m</p>[39m
            [36m</div>[39m
            [36m<div>[39m
              [36m<h4[39m
                [33mclass[39m=[32m"font-medium text-gray-700"[39m
              [36m>[39m
                [0mMonthly Budget:[0m
              [36m</h4>[39m
              [36m<p[39m
                [33mclass[39m=[32m"text-gray-600"[39m
              [36m>[39m
                [0m$[0m
                [0m100[0m
              [36m</p>[39m
            [36m</div>[39m
            [36m<div>[39m
              [36m<h4[39m
                [33mclass[39m=[32m"font-medium text-gray-700"[39m
              [36m>[39m
                [0mCitation Style:[0m
              [36m</h4>[39m
              [36m<p[39m
                [33mclass[39m=[32m"text-gray-600"[39m
              [36m>[39m
                [0mAPA[0m
              [36m</p>[39m
            [36m</div>[39m
            [36m<div>[39m
              [36m<h4[39m
                [33mclass[39m=[32m"font-medium text-gray-700"[39m
              [36m>[39m
                [0mLanguage:[0m
              [36m</h4>[39m
              [36m<p[39m
                [33mclass[39m=[32m"text-gray-600"[39m
              [36m>[39m
                [0mEnglish[0m
              [36m</p>[39m
            [36m</div>[39m
          [36m</div>[39m
          [36m<div[39m
            [33mclass[39m=[32m"bg-gray-50 p-4 rounded-lg"[39m
          [36m>[39m
            [36m<h4[39m
              [33mclass[39m=[32m"font-medium text-gray-700 mb-2"[39m
            [36m>[39m
              [0mSpecial Features:[0m
            [36m</h4>[39m
            [36m<ul[39m
              [33mclass[39m=[32m"text-gray-600 space-y-1"[39m
            [36m>[39m
              [36m<li>[39m
                [0m• Theme: [0m
                [0msystem[0m
              [36m</li>[39m
            [36m</ul>[39m
          [36m</div>[39m
        [36m</div>[39m
        [36m<div[39m
          [33mclass[39m=[32m"flex justify-between mt-8"[39m
          [33mdata-testid[39m=[32m"setupwizard-nav-buttons"[39m
        [36m>[39m
          [36m<button[39m
            [33mclass[39m=[32m"px-4 py-2 text-gray-600 bg-gray-200 rounded-md hover:bg-gray-300 disabled:bg-gray-100 disabled:text-gray-400"[39m
            [33mdata-testid[39m=[32m"setupwizard-back-btn"[39m
            [33mtabindex[39m=[32m"0"[39m
          [36m>[39m
            [0mBack[0m
          [36m</button>[39m
          [36m<button[39m
            [33mclass[39m=[32m"px-6 py-2 bg-green-600 text-white rounded-md hover:bg-green-700 disabled:bg-gray-400"[39m
            [33mdata-testid[39m=[32m"setupwizard-complete-btn"[39m
            [33mtabindex[39m=[32m"0"[39m
          [36m>[39m
            [0mComplete Setup[0m
          [36m</button>[39m
        [36m</div>[39m
      [36m</div>[39m
    [36m</div>[39m
  [36m</div>[39m
[36m</body>[39m
   ✓ SetupWizard > Academic Preferences Step > should allow navigation with default preferences 13ms
   × SetupWizard > Review & Complete Step > should display configuration summary 1017ms
     → Unable to find an element with the text: Review & Complete. This could be because the text is broken up by multiple elements. In this case, you can provide a function for your text matcher to make your matcher more flexible.

Ignored nodes: comments, script, style
[36m<body>[39m
  [36m<div>[39m
    [36m<div[39m
      [33mclass[39m=[32m"max-w-2xl mx-auto p-6"[39m
      [33mdata-testid[39m=[32m"setupwizard-container"[39m
    [36m>[39m
      [0m [0m
      [36m<div[39m
        [33mclass[39m=[32m"mb-8"[39m
      [36m>[39m
        [36m<div[39m
          [33mclass[39m=[32m"flex justify-between items-center mb-2"[39m
        [36m>[39m
          [36m<span[39m
            [33mclass[39m=[32m"text-sm text-gray-600"[39m
            [33mdata-testid[39m=[32m"setupwizard-step-counter"[39m
          [36m>[39m
            [0mStep [0m
            [0m3[0m
            [0m of [0m
            [0m4[0m
          [36m</span>[39m
          [36m<span[39m
            [33mclass[39m=[32m"text-sm text-gray-600"[39m
            [33mdata-testid[39m=[32m"setupwizard-progress-percent"[39m
          [36m>[39m
            [0m75[0m
            [0m%[0m
          [36m</span>[39m
        [36m</div>[39m
        [36m<div[39m
          [33mclass[39m=[32m"w-full bg-gray-200 rounded-full h-2"[39m
        [36m>[39m
          [36m<div[39m
            [33maria-valuemax[39m=[32m"4"[39m
            [33maria-valuemin[39m=[32m"0"[39m
            [33maria-valuenow[39m=[32m"3"[39m
            [33mclass[39m=[32m"bg-blue-600 h-2 rounded-full transition-all duration-300"[39m
            [33mdata-testid[39m=[32m"setupwizard-progressbar"[39m
            [33mrole[39m=[32m"progressbar"[39m
            [33mstyle[39m=[32m"width: 75%;"[39m
          [36m/>[39m
        [36m</div>[39m
      [36m</div>[39m
      [36m<div[39m
        [33mclass[39m=[32m"bg-white rounded-lg shadow-md p-6"[39m
      [36m>[39m
        [36m<h2[39m
          [33mclass[39m=[32m"text-2xl font-bold text-gray-900 mb-2"[39m
          [33mdata-testid[39m=[32m"setupwizard-step-title"[39m
        [36m>[39m
          [0mAcademic Preferences[0m
        [36m</h2>[39m
        [36m<p[39m
          [33mclass[39m=[32m"text-gray-600 mb-6"[39m
        [36m>[39m
          [0mSet your academic and citation preferences[0m
        [36m</p>[39m
        [36m<div[39m
          [33mclass[39m=[32m"space-y-6"[39m
        [36m>[39m
          [36m<div[39m
            [33mclass[39m=[32m"grid grid-cols-1 md:grid-cols-2 gap-6"[39m
          [36m>[39m
            [36m<div>[39m
              [36m<label[39m
                [33mclass[39m=[32m"block text-sm font-medium text-gray-700 mb-2"[39m
                [33mfor[39m=[32m"citationStyle"[39m
              [36m>[39m
                [0mCitation Style[0m
              [36m</label>[39m
              [36m<select[39m
                [33mclass[39m=[32m"w-full px-3 py-2 border border-gray-300 rounded-md focus:outline-none focus:ring-2 focus:ring-blue-500"[39m
                [33mid[39m=[32m"citationStyle"[39m
                [33mtabindex[39m=[32m"0"[39m
              [36m>[39m
                [36m<option[39m
                  [33mvalue[39m=[32m"apa"[39m
                [36m>[39m
                  [0mAPA[0m
                [36m</option>[39m
                [36m<option[39m
                  [33mvalue[39m=[32m"mla"[39m
                [36m>[39m
                  [0mMLA[0m
                [36m</option>[39m
                [36m<option[39m
                  [33mvalue[39m=[32m"chicago"[39m
                [36m>[39m
                  [0mChicago[0m
                [36m</option>[39m
                [36m<option[39m
                  [33mvalue[39m=[32m"harvard"[39m
                [36m>[39m
                  [0mHarvard[0m
                [36m</option>[39m
              [36m</select>[39m
            [36m</div>[39m
            [36m<div>[39m
              [36m<label[39m
                [33mclass[39m=[32m"block text-sm font-medium text-gray-700 mb-2"[39m
                [33mfor[39m=[32m"defaultLanguage"[39m
              [36m>[39m
                [0mDefault Language[0m
              [36m</label>[39m
              [36m<select[39m
                [33mclass[39m=[32m"w-full px-3 py-2 border border-gray-300 rounded-md focus:outline-none focus:ring-2 focus:ring-blue-500"[39m
                [33mid[39m=[32m"defaultLanguage"[39m
                [33mtabindex[39m=[32m"0"[39m
              [36m>[39m
                [36m<option[39m
                  [33mvalue[39m=[32m"en"[39m
                [36m>[39m
                  [0mEnglish[0m
                [36m</option>[39m
                [36m<option[39m
                  [33mvalue[39m=[32m"es"[39m
                [36m>[39m
                  [0mSpanish[0m
                [36m</option>[39m
                [36m<option[39m
                  [33mvalue[39m=[32m"fr"[39m
                [36m>[39m
                  [0mFrench[0m
                [36m</option>[39m
                [36m<option[39m
                  [33mvalue[39m=[32m"de"[39m
                [36m>[39m
                  [0mGerman[0m
                [36m</option>[39m
              [36m</select>[39m
            [36m</div>[39m
          [36m</div>[39m
          [36m<div[39m
            [33mclass[39m=[32m"flex items-center"[39m
          [36m>[39m
            [36m<input[39m
              [33mclass[39m=[32m"h-4 w-4 text-blue-600 focus:ring-blue-500 border-gray-300 rounded"[39m
              [33mid[39m=[32m"adhdFriendlyMode"[39m
              [33mtype[39m=[32m"checkbox"[39m
            [36m/>[39m
            [36m<label[39m
              [33mclass[39m=[32m"ml-2 block text-sm text-gray-700"[39m
              [33mfor[39m=[32m"adhdFriendlyMode"[39m
            [36m>[39m
              [0mADHD Friendly Mode[0m
            [36m</label>[39m
          [36m</div>[39m
          [36m<div>[39m
            [36m<label[39m
              [33mclass[39m=[32m"block text-sm font-medium text-gray-700 mb-2"[39m
              [33mfor[39m=[32m"theme"[39m
            [36m>[39m
              [0mTheme[0m
            [36m</label>[39m
            [36m<select[39m
              [33mclass[39m=[32m"w-full px-3 py-2 border border-gray-300 rounded-md focus:outline-none focus:ring-2 focus:ring-blue-500"[39m
              [33mid[39m=[32m"theme"[39m
              [33mtabindex[39m=[32m"0"[39m
            [36m>[39m
              [36m<option[39m
                [33mvalue[39m=[32m"system"[39m
              [36m>[39m
                [0mSystem[0m
              [36m</option>[39m
              [36m<option[39m
                [33mvalue[39m=[32m"light"[39m
              [36m>[39m
                [0mLight[0m
              [36m</option>[39m
              [36m<option[39m
                [33mvalue[39m=[32m"dark"[39m
              [36m>[39m
                [0mDark[0m
              [36m</option>[39m
            [36m</select>[39m
          [36m</div>[39m
          [36m<div[39m
            [33mclass[39m=[32m"space-y-3"[39m
          [36m>[39m
            [36m<div[39m
              [33mclass[39m=[32m"flex items-center"[39m
            [36m>[39m
              [36m<input[39m
                [33mclass[39m=[32m"h-4 w-4 text-blue-600 focus:ring-blue-500 border-gray-300 rounded"[39m
                [33mid[39m=[32m"reducedMotion"[39m
                [33mtype[39m=[32m"checkbox"[39m
              [36m/>[39m
              [36m<label[39m
                [33mclass[39m=[32m"ml-2 block text-sm text-gray-700"[39m
                [33mfor[39m=[32m"reducedMotion"[39m
              [36m>[39m
                [0mReduced Motion[0m
              [36m</label>[39m
            [36m</div>[39m
            [36m<div[39m
              [33mclass[39m=[32m"flex items-center"[39m
            [36m>[39m
              [36m<input[39m
                [33mclass[39m=[32m"h-4 w-4 text-blue-600 focus:ring-blue-500 border-gray-300 rounded"[39m
                [33mid[39m=[32m"highContrast"[39m
                [33mtype[39m=[32m"checkbox"[39m
              [36m/>[39m
              [36m<label[39m
                [33mclass[39m=[32m"ml-2 block text-sm text-gray-700"[39m
                [33mfor[39m=[32m"highContrast"[39m
              [36m>[39m
                [0mHigh Contrast[0m
              [36m</label>[39m
            [36m</div>[39m
          [36m</div>[39m
        [36m</div>[39m
        [36m<div[39m
          [33mclass[39m=[32m"flex justify-between mt-8"[39m
          [33mdata-testid[39m=[32m"setupwizard-nav-buttons"[39m
        [36m>[39m
          [36m<button[39m
            [33mclass[39m=[32m"px-4 py-2 text-gray-600 bg-gray-200 rounded-md hover:bg-gray-300 disabled:bg-gray-100 disabled:text-gray-400"[39m
            [33mdata-testid[39m=[32m"setupwizard-back-btn"[39m
            [33mtabindex[39m=[32m"0"[39m
          [36m>[39m
            [0mBack[0m
          [36m</button>[39m
          [36m<button[39m
            [33mclass[39m=[32m"px-6 py-2 bg-blue-600 text-white rounded-md hover:bg-blue-700 disabled:bg-gray-400"[39m
            [33mdata-testid[39m=[32m"setupwizard-continue-btn"[39m
            [33mtabindex[39m=[32m"0"[39m
          [36m>[39m
            [0mContinue[0m
          [36m</button>[39m
        [36m</div>[39m
      [36m</div>[39m
    [36m</div>[39m
  [36m</div>[39m
[36m</body>[39m

Ignored nodes: comments, script, style
[36m<html>[39m
  [36m<head />[39m
  [36m<body>[39m
    [36m<div>[39m
      [36m<div[39m
        [33mclass[39m=[32m"max-w-2xl mx-auto p-6"[39m
        [33mdata-testid[39m=[32m"setupwizard-container"[39m
      [36m>[39m
        [0m [0m
        [36m<div[39m
          [33mclass[39m=[32m"mb-8"[39m
        [36m>[39m
          [36m<div[39m
            [33mclass[39m=[32m"flex justify-between items-center mb-2"[39m
          [36m>[39m
            [36m<span[39m
              [33mclass[39m=[32m"text-sm text-gray-600"[39m
              [33mdata-testid[39m=[32m"setupwizard-step-counter"[39m
            [36m>[39m
              [0mStep [0m
              [0m3[0m
              [0m of [0m
              [0m4[0m
            [36m</span>[39m
            [36m<span[39m
              [33mclass[39m=[32m"text-sm text-gray-600"[39m
              [33mdata-testid[39m=[32m"setupwizard-progress-percent"[39m
            [36m>[39m
              [0m75[0m
              [0m%[0m
            [36m</span>[39m
          [36m</div>[39m
          [36m<div[39m
            [33mclass[39m=[32m"w-full bg-gray-200 rounded-full h-2"[39m
          [36m>[39m
            [36m<div[39m
              [33maria-valuemax[39m=[32m"4"[39m
              [33maria-valuemin[39m=[32m"0"[39m
              [33maria-valuenow[39m=[32m"3"[39m
              [33mclass[39m=[32m"bg-blue-600 h-2 rounded-full transition-all duration-300"[39m
              [33mdata-testid[39m=[32m"setupwizard-progressbar"[39m
              [33mrole[39m=[32m"progressbar"[39m
              [33mstyle[39m=[32m"width: 75%;"[39m
            [36m/>[39m
          [36m</div>[39m
        [36m</div>[39m
        [36m<div[39m
          [33mclass[39m=[32m"bg-white rounded-lg shadow-md p-6"[39m
        [36m>[39m
          [36m<h2[39m
            [33mclass[39m=[32m"text-2xl font-bold text-gray-900 mb-2"[39m
            [33mdata-testid[39m=[32m"setupwizard-step-title"[39m
          [36m>[39m
            [0mAcademic Preferences[0m
          [36m</h2>[39m
          [36m<p[39m
            [33mclass[39m=[32m"text-gray-600 mb-6"[39m
          [36m>[39m
            [0mSet your academic and citation preferences[0m
          [36m</p>[39m
          [36m<div[39m
            [33mclass[39m=[32m"space-y-6"[39m
          [36m>[39m
            [36m<div[39m
              [33mclass[39m=[32m"grid grid-cols-1 md:grid-cols-2 gap-6"[39m
            [36m>[39m
              [36m<div>[39m
                [36m<label[39m
                  [33mclass[39m=[32m"block text-sm font-medium text-gray-700 mb-2"[39m
                  [33mfor[39m=[32m"citationStyle"[39m
                [36m>[39m
                  [0mCitation Style[0m
                [36m</label>[39m
                [36m<select[39m
                  [33mclass[39m=[32m"w-full px-3 py-2 border border-gray-300 rounded-md focus:outline-none focus:ring-2 focus:ring-blue-500"[39m
                  [33mid[39m=[32m"citationStyle"[39m
                  [33mtabindex[39m=[32m"0"[39m
                [36m>[39m
                  [36m<option[39m
                    [33mvalue[39m=[32m"apa"[39m
                  [36m>[39m
                    [0mAPA[0m
                  [36m</option>[39m
                  [36m<option[39m
                    [33mvalue[39m=[32m"mla"[39m
                  [36m>[39m
                    [0mMLA[0m
                  [36m</option>[39m
                  [36m<option[39m
                    [33mvalue[39m=[32m"chicago"[39m
                  [36m>[39m
                    [0mChicago[0m
                  [36m</option>[39m
                  [36m<option[39m
                    [33mvalue[39m=[32m"harvard"[39m
                  [36m>[39m
                    [0mHarvard[0m
                  [36m</option>[39m
                [36m</select>[39m
              [36m</div>[39m
              [36m<div>[39m
                [36m<label[39m
                  [33mclass[39m=[32m"block text-sm font-medium text-gray-700 mb-2"[39m
                  [33mfor[39m=[32m"defaultLanguage"[39m
                [36m>[39m
                  [0mDefault Language[0m
                [36m</label>[39m
                [36m<select[39m
                  [33mclass[39m=[32m"w-full px-3 py-2 border border-gray-300 rounded-md focus:outline-none focus:ring-2 focus:ring-blue-500"[39m
                  [33mid[39m=[32m"defaultLanguage"[39m
                  [33mtabindex[39m=[32m"0"[39m
                [36m>[39m
                  [36m<option[39m
                    [33mvalue[39m=[32m"en"[39m
                  [36m>[39m
                    [0mEnglish[0m
                  [36m</option>[39m
                  [36m<option[39m
                    [33mvalue[39m=[32m"es"[39m
                  [36m>[39m
                    [0mSpanish[0m
                  [36m</option>[39m
                  [36m<option[39m
                    [33mvalue[39m=[32m"fr"[39m
                  [36m>[39m
                    [0mFrench[0m
                  [36m</option>[39m
                  [36m<option[39m
                    [33mvalue[39m=[32m"de"[39m
                  [36m>[39m
                    [0mGerman[0m
                  [36m</option>[39m
                [36m</select>[39m
              [36m</div>[39m
            [36m</div>[39m
            [36m<div[39m
              [33mclass[39m=[32m"flex items-center"[39m
            [36m>[39m
              [36m<input[39m
                [33mclass[39m=[32m"h-4 w-4 text-blue-600 focus:ring-blue-500 border-gray-300 rounded"[39m
                [33mid[39m=[32m"adhdFriendlyMode"[39m
                [33mtype[39m=[32m"checkbox"[39m
              [36m/>[39m
              [36m<label[39m
                [33mclass[39m=[32m"ml-2 block text-sm text-gray-700"[39m
                [33mfor[39m=[32m"adhdFriendlyMode"[39m
              [36m>[39m
                [0mADHD Friendly Mode[0m
              [36m</label>[39m
            [36m</div>[39m
            [36m<div>[39m
              [36m<label[39m
                [33mclass[39m=[32m"block text-sm font-medium text-gray-700 mb-2"[39m
                [33mfor[39m=[32m"theme"[39m
              [36m>[39m
                [0mTheme[0m
              [36m</label>[39m
              [36m<select[39m
                [33mclass[39m=[32m"w-full px-3 py-2 border border-gray-300 rounded-md focus:outline-none focus:ring-2 focus:ring-blue-500"[39m
                [33mid[39m=[32m"theme"[39m
                [33mtabindex[39m=[32m"0"[39m
              [36m>[39m
                [36m<option[39m
                  [33mvalue[39m=[32m"system"[39m
                [36m>[39m
                  [0mSystem[0m
                [36m</option>[39m
                [36m<option[39m
                  [33mvalue[39m=[32m"light"[39m
                [36m>[39m
                  [0mLight[0m
                [36m</option>[39m
                [36m<option[39m
                  [33mvalue[39m=[32m"dark"[39m
                [36m>[39m
                  [0mDark[0m
                [36m</option>[39m
              [36m</select>[39m
            [36m</div>[39m
            [36m<div[39m
              [33mclass[39m=[32m"space-y-3"[39m
            [36m>[39m
              [36m<div[39m
                [33mclass[39m=[32m"flex items-center"[39m
              [36m>[39m
                [36m<input[39m
                  [33mclass[39m=[32m"h-4 w-4 text-blue-600 focus:ring-blue-500 border-gray-300 rounded"[39m
                  [33mid[39m=[32m"reducedMotion"[39m
                  [33mtype[39m=[32m"checkbox"[39m
                [36m/>[39m
                [36m<label[39m
                  [33mclass[39m=[32m"ml-2 block text-sm text-gray-700"[39m
                  [33mfor[39m=[32m"reducedMotion"[39m
                [36m>[39m
                  [0mReduced Motion[0m
                [36m</label>[39m
              [36m</div>[39m
              [36m<div[39m
                [33mclass[39m=[32m"flex items-center"[39m
              [36m>[39m
                [36m<input[39m
                  [33mclass[39m=[32m"h-4 w-4 text-blue-600 focus:ring-blue-500 border-gray-300 rounded"[39m
                  [33mid[39m=[32m"highContrast"[39m
                  [33mtype[39m=[32m"checkbox"[39m
                [36m/>[39m
                [36m<label[39m
                  [33mclass[39m=[32m"ml-2 block text-sm text-gray-700"[39m
                  [33mfor[39m=[32m"highContrast"[39m
                [36m>[39m
                  [0mHigh Contrast[0m
                [36m</label>[39m
              [36m</div>[39m
            [36m</div>[39m
          [36m</div>[39m
          [36m<div[39m
            [33mclass[39m=[32m"flex justify-between mt-8"[39m
            [33mdata-testid[39m=[32m"setupwizard-nav-buttons"[39m
          [36m>[39m
            [36m<button[39m
              [33mclass[39m=[32m"px-4 py-2 text-gray-600 bg-gray-200 rounded-md hover:bg-gray-300 disabled:bg-gray-100 disabled:text-gray-400"[39m
              [33mdata-testid[39m=[32m"setupwizard-back-btn"[39m
              [33mtabindex[39m=[32m"0"[39m
            [36m>[39m
              [0mBack[0m
            [36m</button>[39m
            [36m<button[39m
              [33mclass[39m=[32m"px-6 py-2 bg-blue-600 text-white rounded-md hover:bg-blue-700 disabled:bg-gray-400"[39m
              [33mdata-testid[39m=[32m"setupwizard-continue-btn"[39m
              [33mtabindex[39m=[32m"0"[39m
            [36m>[39m
              [0mContinue[0m
            [36m</button>[39m
          [36m</div>[39m
        [36m</div>[39m
      [36m</div>[39m
    [36m</div>[39m
  [36m</body>[39m
[36m</html>[39m
   × SetupWizard > Review & Complete Step > should complete setup successfully 1012ms
     → Unable to find role="heading" and name `/AI Provider Configuration/i`

Ignored nodes: comments, script, style
[36m<body>[39m
  [36m<div>[39m
    [36m<div[39m
      [33mclass[39m=[32m"max-w-2xl mx-auto p-6"[39m
    [36m>[39m
      [36m<div[39m
        [33mclass[39m=[32m"text-center"[39m
      [36m>[39m
        [36m<h1[39m
          [33mclass[39m=[32m"text-3xl font-bold text-gray-900 mb-4"[39m
        [36m>[39m
          [0mSetup Complete![0m
        [36m</h1>[39m
        [36m<p[39m
          [33mclass[39m=[32m"text-lg text-gray-600 mb-8"[39m
        [36m>[39m
          [0mYou're all set up and ready to use Academic Workflow Assistant![0m
        [36m</p>[39m
        [36m<button[39m
          [33mclass[39m=[32m"px-6 py-3 bg-green-600 text-white rounded-md hover:bg-green-700 font-medium"[39m
        [36m>[39m
          [0mGet Started[0m
        [36m</button>[39m
      [36m</div>[39m
    [36m</div>[39m
  [36m</div>[39m
[36m</body>[39m

Ignored nodes: comments, script, style
[36m<html>[39m
  [36m<head />[39m
  [36m<body>[39m
    [36m<div>[39m
      [36m<div[39m
        [33mclass[39m=[32m"max-w-2xl mx-auto p-6"[39m
      [36m>[39m
        [36m<div[39m
          [33mclass[39m=[32m"text-center"[39m
        [36m>[39m
          [36m<h1[39m
            [33mclass[39m=[32m"text-3xl font-bold text-gray-900 mb-4"[39m
          [36m>[39m
            [0mSetup Complete![0m
          [36m</h1>[39m
          [36m<p[39m
            [33mclass[39m=[32m"text-lg text-gray-600 mb-8"[39m
          [36m>[39m
            [0mYou're all set up and ready to use Academic Workflow Assistant![0m
          [36m</p>[39m
          [36m<button[39m
            [33mclass[39m=[32m"px-6 py-3 bg-green-600 text-white rounded-md hover:bg-green-700 font-medium"[39m
          [36m>[39m
            [0mGet Started[0m
          [36m</button>[39m
        [36m</div>[39m
      [36m</div>[39m
    [36m</div>[39m
  [36m</body>[39m
[36m</html>[39m
   × SetupWizard > Review & Complete Step > should handle setup completion errors 1030ms
     → Unable to find an element with the text: Review & Complete. This could be because the text is broken up by multiple elements. In this case, you can provide a function for your text matcher to make your matcher more flexible.

Ignored nodes: comments, script, style
[36m<body>[39m
  [36m<div>[39m
    [36m<div[39m
      [33mclass[39m=[32m"max-w-2xl mx-auto p-6"[39m
      [33mdata-testid[39m=[32m"setupwizard-container"[39m
    [36m>[39m
      [0m [0m
      [36m<div[39m
        [33mclass[39m=[32m"mb-8"[39m
      [36m>[39m
        [36m<div[39m
          [33mclass[39m=[32m"flex justify-between items-center mb-2"[39m
        [36m>[39m
          [36m<span[39m
            [33mclass[39m=[32m"text-sm text-gray-600"[39m
            [33mdata-testid[39m=[32m"setupwizard-step-counter"[39m
          [36m>[39m
            [0mStep [0m
            [0m2[0m
            [0m of [0m
            [0m4[0m
          [36m</span>[39m
          [36m<span[39m
            [33mclass[39m=[32m"text-sm text-gray-600"[39m
            [33mdata-testid[39m=[32m"setupwizard-progress-percent"[39m
          [36m>[39m
            [0m50[0m
            [0m%[0m
          [36m</span>[39m
        [36m</div>[39m
        [36m<div[39m
          [33mclass[39m=[32m"w-full bg-gray-200 rounded-full h-2"[39m
        [36m>[39m
          [36m<div[39m
            [33maria-valuemax[39m=[32m"4"[39m
            [33maria-valuemin[39m=[32m"0"[39m
            [33maria-valuenow[39m=[32m"2"[39m
            [33mclass[39m=[32m"bg-blue-600 h-2 rounded-full transition-all duration-300"[39m
            [33mdata-testid[39m=[32m"setupwizard-progressbar"[39m
            [33mrole[39m=[32m"progressbar"[39m
            [33mstyle[39m=[32m"width: 50%;"[39m
          [36m/>[39m
        [36m</div>[39m
      [36m</div>[39m
      [36m<div[39m
        [33mclass[39m=[32m"bg-white rounded-lg shadow-md p-6"[39m
      [36m>[39m
        [36m<h2[39m
          [33mclass[39m=[32m"text-2xl font-bold text-gray-900 mb-2"[39m
          [33mdata-testid[39m=[32m"setupwizard-step-title"[39m
        [36m>[39m
          [0mAI Provider Configuration[0m
        [36m</h2>[39m
        [36m<p[39m
          [33mclass[39m=[32m"text-gray-600 mb-6"[39m
        [36m>[39m
          [0mConfigure your AI provider settings[0m
        [36m</p>[39m
        [36m<div[39m
          [33mclass[39m=[32m"space-y-6"[39m
          [33mdata-testid[39m=[32m"setupwizard-apikeys-content"[39m
        [36m>[39m
          [36m<div>[39m
            [36m<label[39m
              [33mclass[39m=[32m"block text-sm font-medium text-gray-700 mb-2"[39m
              [33mfor[39m=[32m"anthropicApiKey"[39m
            [36m>[39m
              [0mAnthropic API Key *[0m
            [36m</label>[39m
            [36m<div[39m
              [33mclass[39m=[32m"flex space-x-2"[39m
            [36m>[39m
              [36m<input[39m
                [33mclass[39m=[32m"flex-1 px-3 py-2 border rounded-md focus:outline-none focus:ring-2 focus:ring-blue-500 border-gray-300"[39m
                [33mdata-testid[39m=[32m"setupwizard-anthropic-api-key"[39m
                [33mid[39m=[32m"anthropicApiKey"[39m
                [33mplaceholder[39m=[32m"sk-ant-..."[39m
                [33mtabindex[39m=[32m"0"[39m
                [33mtype[39m=[32m"password"[39m
                [33mvalue[39m=[32m"sk-ant-valid-key"[39m
              [36m/>[39m
              [36m<button[39m
                [33mclass[39m=[32m"px-3 py-2 bg-blue-600 text-white rounded-md hover:bg-blue-700 disabled:bg-gray-400"[39m
                [33mtype[39m=[32m"button"[39m
              [36m>[39m
                [0mTest Anthropic Key[0m
              [36m</button>[39m
            [36m</div>[39m
          [36m</div>[39m
          [36m<div>[39m
            [36m<label[39m
              [33mclass[39m=[32m"block text-sm font-medium text-gray-700 mb-2"[39m
              [33mfor[39m=[32m"openaiApiKey"[39m
            [36m>[39m
              [0mOpenAI API Key (Optional)[0m
            [36m</label>[39m
            [36m<div[39m
              [33mclass[39m=[32m"flex space-x-2"[39m
            [36m>[39m
              [36m<input[39m
                [33mclass[39m=[32m"flex-1 px-3 py-2 border rounded-md focus:outline-none focus:ring-2 focus:ring-blue-500 border-gray-300"[39m
                [33mid[39m=[32m"openaiApiKey"[39m
                [33mplaceholder[39m=[32m"sk-..."[39m
                [33mtabindex[39m=[32m"0"[39m
                [33mtype[39m=[32m"password"[39m
                [33mvalue[39m=[32m""[39m
              [36m/>[39m
              [36m<button[39m
                [33mclass[39m=[32m"px-3 py-2 bg-blue-600 text-white rounded-md hover:bg-blue-700 disabled:bg-gray-400"[39m
                [33mdisabled[39m=[32m""[39m
                [33mtype[39m=[32m"button"[39m
              [36m>[39m
                [0mTest OpenAI Key[0m
              [36m</button>[39m
            [36m</div>[39m
          [36m</div>[39m
          [36m<div>[39m
            [36m<label[39m
              [33mclass[39m=[32m"block text-sm font-medium text-gray-700 mb-2"[39m
              [33mfor[39m=[32m"monthlyBudget"[39m
            [36m>[39m
              [0mMonthly Budget ($) *[0m
            [36m</label>[39m
            [36m<input[39m
              [33mclass[39m=[32m"w-full px-3 py-2 border rounded-md focus:outline-none focus:ring-2 focus:ring-blue-500 border-gray-300"[39m
              [33mid[39m=[32m"monthlyBudget"[39m
              [33mmin[39m=[32m"0"[39m
              [33mstep[39m=[32m"0.01"[39m
              [33mtabindex[39m=[32m"0"[39m
              [33mtype[39m=[32m"number"[39m
              [33mvalue[39m=[32m"100"[39m
            [36m/>[39m
          [36m</div>[39m
          [36m<div>[39m
            [36m<label[39m
              [33mclass[39m=[32m"block text-sm font-medium text-gray-700 mb-2"[39m
              [33mfor[39m=[32m"preferredProvider"[39m
            [36m>[39m
              [0mPreferred Provider[0m
            [36m</label>[39m
            [36m<select[39m
              [33mclass[39m=[32m"w-full px-3 py-2 border border-gray-300 rounded-md focus:outline-none focus:ring-2 focus:ring-blue-500"[39m
              [33mid[39m=[32m"preferredProvider"[39m
              [33mtabindex[39m=[32m"0"[39m
            [36m>[39m
              [36m<option[39m
                [33mvalue[39m=[32m"auto"[39m
              [36m>[39m
                [0mAuto[0m
              [36m</option>[39m
              [36m<option[39m
                [33mvalue[39m=[32m"anthropic"[39m
              [36m>[39m
                [0mAnthropic[0m
              [36m</option>[39m
              [36m<option[39m
                [33mvalue[39m=[32m"openai"[39m
              [36m>[39m
                [0mOpenAI[0m
              [36m</option>[39m
            [36m</select>[39m
          [36m</div>[39m
        [36m</div>[39m
        [36m<div[39m
          [33mclass[39m=[32m"flex justify-between mt-8"[39m
          [33mdata-testid[39m=[32m"setupwizard-nav-buttons"[39m
        [36m>[39m
          [36m<button[39m
            [33mclass[39m=[32m"px-4 py-2 text-gray-600 bg-gray-200 rounded-md hover:bg-gray-300 disabled:bg-gray-100 disabled:text-gray-400"[39m
            [33mdata-testid[39m=[32m"setupwizard-back-btn"[39m
            [33mtabindex[39m=[32m"0"[39m
          [36m>[39m
            [0mBack[0m
          [36m</button>[39m
          [36m<button[39m
            [33mclass[39m=[32m"px-6 py-2 bg-blue-600 text-white rounded-md hover:bg-blue-700 disabled:bg-gray-400"[39m
            [33mdata-testid[39m=[32m"setupwizard-continue-btn"[39m
            [33mtabindex[39m=[32m"0"[39m
          [36m>[39m
            [0mContinue[0m
          [36m</button>[39m
        [36m</div>[39m
      [36m</div>[39m
    [36m</div>[39m
  [36m</div>[39m
[36m</body>[39m

Ignored nodes: comments, script, style
[36m<html>[39m
  [36m<head />[39m
  [36m<body>[39m
    [36m<div>[39m
      [36m<div[39m
        [33mclass[39m=[32m"max-w-2xl mx-auto p-6"[39m
        [33mdata-testid[39m=[32m"setupwizard-container"[39m
      [36m>[39m
        [0m [0m
        [36m<div[39m
          [33mclass[39m=[32m"mb-8"[39m
        [36m>[39m
          [36m<div[39m
            [33mclass[39m=[32m"flex justify-between items-center mb-2"[39m
          [36m>[39m
            [36m<span[39m
              [33mclass[39m=[32m"text-sm text-gray-600"[39m
              [33mdata-testid[39m=[32m"setupwizard-step-counter"[39m
            [36m>[39m
              [0mStep [0m
              [0m2[0m
              [0m of [0m
              [0m4[0m
            [36m</span>[39m
            [36m<span[39m
              [33mclass[39m=[32m"text-sm text-gray-600"[39m
              [33mdata-testid[39m=[32m"setupwizard-progress-percent"[39m
            [36m>[39m
              [0m50[0m
              [0m%[0m
            [36m</span>[39m
          [36m</div>[39m
          [36m<div[39m
            [33mclass[39m=[32m"w-full bg-gray-200 rounded-full h-2"[39m
          [36m>[39m
            [36m<div[39m
              [33maria-valuemax[39m=[32m"4"[39m
              [33maria-valuemin[39m=[32m"0"[39m
              [33maria-valuenow[39m=[32m"2"[39m
              [33mclass[39m=[32m"bg-blue-600 h-2 rounded-full transition-all duration-300"[39m
              [33mdata-testid[39m=[32m"setupwizard-progressbar"[39m
              [33mrole[39m=[32m"progressbar"[39m
              [33mstyle[39m=[32m"width: 50%;"[39m
            [36m/>[39m
          [36m</div>[39m
        [36m</div>[39m
        [36m<div[39m
          [33mclass[39m=[32m"bg-white rounded-lg shadow-md p-6"[39m
        [36m>[39m
          [36m<h2[39m
            [33mclass[39m=[32m"text-2xl font-bold text-gray-900 mb-2"[39m
            [33mdata-testid[39m=[32m"setupwizard-step-title"[39m
          [36m>[39m
            [0mAI Provider Configuration[0m
          [36m</h2>[39m
          [36m<p[39m
            [33mclass[39m=[32m"text-gray-600 mb-6"[39m
          [36m>[39m
            [0mConfigure your AI provider settings[0m
          [36m</p>[39m
          [36m<div[39m
            [33mclass[39m=[32m"space-y-6"[39m
            [33mdata-testid[39m=[32m"setupwizard-apikeys-content"[39m
          [36m>[39m
            [36m<div>[39m
              [36m<label[39m
                [33mclass[39m=[32m"block text-sm font-medium text-gray-700 mb-2"[39m
                [33mfor[39m=[32m"anthropicApiKey"[39m
              [36m>[39m
                [0mAnthropic API Key *[0m
              [36m</label>[39m
              [36m<div[39m
                [33mclass[39m=[32m"flex space-x-2"[39m
              [36m>[39m
                [36m<input[39m
                  [33mclass[39m=[32m"flex-1 px-3 py-2 border rounded-md focus:outline-none focus:ring-2 focus:ring-blue-500 border-gray-300"[39m
                  [33mdata-testid[39m=[32m"setupwizard-anthropic-api-key"[39m
                  [33mid[39m=[32m"anthropicApiKey"[39m
                  [33mplaceholder[39m=[32m"sk-ant-..."[39m
                  [33mtabindex[39m=[32m"0"[39m
                  [33mtype[39m=[32m"password"[39m
                  [33mvalue[39m=[32m"sk-ant-valid-key"[39m
                [36m/>[39m
                [36m<button[39m
                  [33mclass[39m=[32m"px-3 py-2 bg-blue-600 text-white rounded-md hover:bg-blue-700 disabled:bg-gray-400"[39m
                  [33mtype[39m=[32m"button"[39m
                [36m>[39m
                  [0mTest Anthropic Key[0m
                [36m</button>[39m
              [36m</div>[39m
            [36m</div>[39m
            [36m<div>[39m
              [36m<label[39m
                [33mclass[39m=[32m"block text-sm font-medium text-gray-700 mb-2"[39m
                [33mfor[39m=[32m"openaiApiKey"[39m
              [36m>[39m
                [0mOpenAI API Key (Optional)[0m
              [36m</label>[39m
              [36m<div[39m
                [33mclass[39m=[32m"flex space-x-2"[39m
              [36m>[39m
                [36m<input[39m
                  [33mclass[39m=[32m"flex-1 px-3 py-2 border rounded-md focus:outline-none focus:ring-2 focus:ring-blue-500 border-gray-300"[39m
                  [33mid[39m=[32m"openaiApiKey"[39m
                  [33mplaceholder[39m=[32m"sk-..."[39m
                  [33mtabindex[39m=[32m"0"[39m
                  [33mtype[39m=[32m"password"[39m
                  [33mvalue[39m=[32m""[39m
                [36m/>[39m
                [36m<button[39m
                  [33mclass[39m=[32m"px-3 py-2 bg-blue-600 text-white rounded-md hover:bg-blue-700 disabled:bg-gray-400"[39m
                  [33mdisabled[39m=[32m""[39m
                  [33mtype[39m=[32m"button"[39m
                [36m>[39m
                  [0mTest OpenAI Key[0m
                [36m</button>[39m
              [36m</div>[39m
            [36m</div>[39m
            [36m<div>[39m
              [36m<label[39m
                [33mclass[39m=[32m"block text-sm font-medium text-gray-700 mb-2"[39m
                [33mfor[39m=[32m"monthlyBudget"[39m
              [36m>[39m
                [0mMonthly Budget ($) *[0m
              [36m</label>[39m
              [36m<input[39m
                [33mclass[39m=[32m"w-full px-3 py-2 border rounded-md focus:outline-none focus:ring-2 focus:ring-blue-500 border-gray-300"[39m
                [33mid[39m=[32m"monthlyBudget"[39m
                [33mmin[39m=[32m"0"[39m
                [33mstep[39m=[32m"0.01"[39m
                [33mtabindex[39m=[32m"0"[39m
                [33mtype[39m=[32m"number"[39m
                [33mvalue[39m=[32m"100"[39m
              [36m/>[39m
            [36m</div>[39m
            [36m<div>[39m
              [36m<label[39m
                [33mclass[39m=[32m"block text-sm font-medium text-gray-700 mb-2"[39m
                [33mfor[39m=[32m"preferredProvider"[39m
              [36m>[39m
                [0mPreferred Provider[0m
              [36m</label>[39m
              [36m<select[39m
                [33mclass[39m=[32m"w-full px-3 py-2 border border-gray-300 rounded-md focus:outline-none focus:ring-2 focus:ring-blue-500"[39m
                [33mid[39m=[32m"preferredProvider"[39m
                [33mtabindex[39m=[32m"0"[39m
              [36m>[39m
                [36m<option[39m
                  [33mvalue[39m=[32m"auto"[39m
                [36m>[39m
                  [0mAuto[0m
                [36m</option>[39m
                [36m<option[39m
                  [33mvalue[39m=[32m"anthropic"[39m
                [36m>[39m
                  [0mAnthropic[0m
                [36m</option>[39m
                [36m<option[39m
                  [33mvalue[39m=[32m"openai"[39m
                [36m>[39m
                  [0mOpenAI[0m
                [36m</option>[39m
              [36m</select>[39m
            [36m</div>[39m
          [36m</div>[39m
          [36m<div[39m
            [33mclass[39m=[32m"flex justify-between mt-8"[39m
            [33mdata-testid[39m=[32m"setupwizard-nav-buttons"[39m
          [36m>[39m
            [36m<button[39m
              [33mclass[39m=[32m"px-4 py-2 text-gray-600 bg-gray-200 rounded-md hover:bg-gray-300 disabled:bg-gray-100 disabled:text-gray-400"[39m
              [33mdata-testid[39m=[32m"setupwizard-back-btn"[39m
              [33mtabindex[39m=[32m"0"[39m
            [36m>[39m
              [0mBack[0m
            [36m</button>[39m
            [36m<button[39m
              [33mclass[39m=[32m"px-6 py-2 bg-blue-600 text-white rounded-md hover:bg-blue-700 disabled:bg-gray-400"[39m
              [33mdata-testid[39m=[32m"setupwizard-continue-btn"[39m
              [33mtabindex[39m=[32m"0"[39m
            [36m>[39m
              [0mContinue[0m
            [36m</button>[39m
          [36m</div>[39m
        [36m</div>[39m
      [36m</div>[39m
    [36m</div>[39m
  [36m</body>[39m
[36m</html>[39m
   × SetupWizard > Review & Complete Step > should show loading state during setup 1028ms
     → Unable to find an element with the text: Review & Complete. This could be because the text is broken up by multiple elements. In this case, you can provide a function for your text matcher to make your matcher more flexible.

Ignored nodes: comments, script, style
[36m<body>[39m
  [36m<div>[39m
    [36m<div[39m
      [33mclass[39m=[32m"max-w-2xl mx-auto p-6"[39m
      [33mdata-testid[39m=[32m"setupwizard-container"[39m
    [36m>[39m
      [0m [0m
      [36m<div[39m
        [33mclass[39m=[32m"mb-8"[39m
      [36m>[39m
        [36m<div[39m
          [33mclass[39m=[32m"flex justify-between items-center mb-2"[39m
        [36m>[39m
          [36m<span[39m
            [33mclass[39m=[32m"text-sm text-gray-600"[39m
            [33mdata-testid[39m=[32m"setupwizard-step-counter"[39m
          [36m>[39m
            [0mStep [0m
            [0m3[0m
            [0m of [0m
            [0m4[0m
          [36m</span>[39m
          [36m<span[39m
            [33mclass[39m=[32m"text-sm text-gray-600"[39m
            [33mdata-testid[39m=[32m"setupwizard-progress-percent"[39m
          [36m>[39m
            [0m75[0m
            [0m%[0m
          [36m</span>[39m
        [36m</div>[39m
        [36m<div[39m
          [33mclass[39m=[32m"w-full bg-gray-200 rounded-full h-2"[39m
        [36m>[39m
          [36m<div[39m
            [33maria-valuemax[39m=[32m"4"[39m
            [33maria-valuemin[39m=[32m"0"[39m
            [33maria-valuenow[39m=[32m"3"[39m
            [33mclass[39m=[32m"bg-blue-600 h-2 rounded-full transition-all duration-300"[39m
            [33mdata-testid[39m=[32m"setupwizard-progressbar"[39m
            [33mrole[39m=[32m"progressbar"[39m
            [33mstyle[39m=[32m"width: 75%;"[39m
          [36m/>[39m
        [36m</div>[39m
      [36m</div>[39m
      [36m<div[39m
        [33mclass[39m=[32m"bg-white rounded-lg shadow-md p-6"[39m
      [36m>[39m
        [36m<h2[39m
          [33mclass[39m=[32m"text-2xl font-bold text-gray-900 mb-2"[39m
          [33mdata-testid[39m=[32m"setupwizard-step-title"[39m
        [36m>[39m
          [0mAcademic Preferences[0m
        [36m</h2>[39m
        [36m<p[39m
          [33mclass[39m=[32m"text-gray-600 mb-6"[39m
        [36m>[39m
          [0mSet your academic and citation preferences[0m
        [36m</p>[39m
        [36m<div[39m
          [33mclass[39m=[32m"space-y-6"[39m
        [36m>[39m
          [36m<div[39m
            [33mclass[39m=[32m"grid grid-cols-1 md:grid-cols-2 gap-6"[39m
          [36m>[39m
            [36m<div>[39m
              [36m<label[39m
                [33mclass[39m=[32m"block text-sm font-medium text-gray-700 mb-2"[39m
                [33mfor[39m=[32m"citationStyle"[39m
              [36m>[39m
                [0mCitation Style[0m
              [36m</label>[39m
              [36m<select[39m
                [33mclass[39m=[32m"w-full px-3 py-2 border border-gray-300 rounded-md focus:outline-none focus:ring-2 focus:ring-blue-500"[39m
                [33mid[39m=[32m"citationStyle"[39m
                [33mtabindex[39m=[32m"0"[39m
              [36m>[39m
                [36m<option[39m
                  [33mvalue[39m=[32m"apa"[39m
                [36m>[39m
                  [0mAPA[0m
                [36m</option>[39m
                [36m<option[39m
                  [33mvalue[39m=[32m"mla"[39m
                [36m>[39m
                  [0mMLA[0m
                [36m</option>[39m
                [36m<option[39m
                  [33mvalue[39m=[32m"chicago"[39m
                [36m>[39m
                  [0mChicago[0m
                [36m</option>[39m
                [36m<option[39m
                  [33mvalue[39m=[32m"harvard"[39m
                [36m>[39m
                  [0mHarvard[0m
                [36m</option>[39m
              [36m</select>[39m
            [36m</div>[39m
            [36m<div>[39m
              [36m<label[39m
                [33mclass[39m=[32m"block text-sm font-medium text-gray-700 mb-2"[39m
                [33mfor[39m=[32m"defaultLanguage"[39m
              [36m>[39m
                [0mDefault Language[0m
              [36m</label>[39m
              [36m<select[39m
                [33mclass[39m=[32m"w-full px-3 py-2 border border-gray-300 rounded-md focus:outline-none focus:ring-2 focus:ring-blue-500"[39m
                [33mid[39m=[32m"defaultLanguage"[39m
                [33mtabindex[39m=[32m"0"[39m
              [36m>[39m
                [36m<option[39m
                  [33mvalue[39m=[32m"en"[39m
                [36m>[39m
                  [0mEnglish[0m
                [36m</option>[39m
                [36m<option[39m
                  [33mvalue[39m=[32m"es"[39m
                [36m>[39m
                  [0mSpanish[0m
                [36m</option>[39m
                [36m<option[39m
                  [33mvalue[39m=[32m"fr"[39m
                [36m>[39m
                  [0mFrench[0m
                [36m</option>[39m
                [36m<option[39m
                  [33mvalue[39m=[32m"de"[39m
                [36m>[39m
                  [0mGerman[0m
                [36m</option>[39m
              [36m</select>[39m
            [36m</div>[39m
          [36m</div>[39m
          [36m<div[39m
            [33mclass[39m=[32m"flex items-center"[39m
          [36m>[39m
            [36m<input[39m
              [33mclass[39m=[32m"h-4 w-4 text-blue-600 focus:ring-blue-500 border-gray-300 rounded"[39m
              [33mid[39m=[32m"adhdFriendlyMode"[39m
              [33mtype[39m=[32m"checkbox"[39m
            [36m/>[39m
            [36m<label[39m
              [33mclass[39m=[32m"ml-2 block text-sm text-gray-700"[39m
              [33mfor[39m=[32m"adhdFriendlyMode"[39m
            [36m>[39m
              [0mADHD Friendly Mode[0m
            [36m</label>[39m
          [36m</div>[39m
          [36m<div>[39m
            [36m<label[39m
              [33mclass[39m=[32m"block text-sm font-medium text-gray-700 mb-2"[39m
              [33mfor[39m=[32m"theme"[39m
            [36m>[39m
              [0mTheme[0m
            [36m</label>[39m
            [36m<select[39m
              [33mclass[39m=[32m"w-full px-3 py-2 border border-gray-300 rounded-md focus:outline-none focus:ring-2 focus:ring-blue-500"[39m
              [33mid[39m=[32m"theme"[39m
              [33mtabindex[39m=[32m"0"[39m
            [36m>[39m
              [36m<option[39m
                [33mvalue[39m=[32m"system"[39m
              [36m>[39m
                [0mSystem[0m
              [36m</option>[39m
              [36m<option[39m
                [33mvalue[39m=[32m"light"[39m
              [36m>[39m
                [0mLight[0m
              [36m</option>[39m
              [36m<option[39m
                [33mvalue[39m=[32m"dark"[39m
              [36m>[39m
                [0mDark[0m
              [36m</option>[39m
            [36m</select>[39m
          [36m</div>[39m
          [36m<div[39m
            [33mclass[39m=[32m"space-y-3"[39m
          [36m>[39m
            [36m<div[39m
              [33mclass[39m=[32m"flex items-center"[39m
            [36m>[39m
              [36m<input[39m
                [33mclass[39m=[32m"h-4 w-4 text-blue-600 focus:ring-blue-500 border-gray-300 rounded"[39m
                [33mid[39m=[32m"reducedMotion"[39m
                [33mtype[39m=[32m"checkbox"[39m
              [36m/>[39m
              [36m<label[39m
                [33mclass[39m=[32m"ml-2 block text-sm text-gray-700"[39m
                [33mfor[39m=[32m"reducedMotion"[39m
              [36m>[39m
                [0mReduced Motion[0m
              [36m</label>[39m
            [36m</div>[39m
            [36m<div[39m
              [33mclass[39m=[32m"flex items-center"[39m
            [36m>[39m
              [36m<input[39m
                [33mclass[39m=[32m"h-4 w-4 text-blue-600 focus:ring-blue-500 border-gray-300 rounded"[39m
                [33mid[39m=[32m"highContrast"[39m
                [33mtype[39m=[32m"checkbox"[39m
              [36m/>[39m
              [36m<label[39m
                [33mclass[39m=[32m"ml-2 block text-sm text-gray-700"[39m
                [33mfor[39m=[32m"highContrast"[39m
              [36m>[39m
                [0mHigh Contrast[0m
              [36m</label>[39m
            [36m</div>[39m
          [36m</div>[39m
        [36m</div>[39m
        [36m<div[39m
          [33mclass[39m=[32m"flex justify-between mt-8"[39m
          [33mdata-testid[39m=[32m"setupwizard-nav-buttons"[39m
        [36m>[39m
          [36m<button[39m
            [33mclass[39m=[32m"px-4 py-2 text-gray-600 bg-gray-200 rounded-md hover:bg-gray-300 disabled:bg-gray-100 disabled:text-gray-400"[39m
            [33mdata-testid[39m=[32m"setupwizard-back-btn"[39m
            [33mtabindex[39m=[32m"0"[39m
          [36m>[39m
            [0mBack[0m
          [36m</button>[39m
          [36m<button[39m
            [33mclass[39m=[32m"px-6 py-2 bg-blue-600 text-white rounded-md hover:bg-blue-700 disabled:bg-gray-400"[39m
            [33mdata-testid[39m=[32m"setupwizard-continue-btn"[39m
            [33mtabindex[39m=[32m"0"[39m
          [36m>[39m
            [0mContinue[0m
          [36m</button>[39m
        [36m</div>[39m
      [36m</div>[39m
    [36m</div>[39m
  [36m</div>[39m
[36m</body>[39m

Ignored nodes: comments, script, style
[36m<html>[39m
  [36m<head />[39m
  [36m<body>[39m
    [36m<div>[39m
      [36m<div[39m
        [33mclass[39m=[32m"max-w-2xl mx-auto p-6"[39m
        [33mdata-testid[39m=[32m"setupwizard-container"[39m
      [36m>[39m
        [0m [0m
        [36m<div[39m
          [33mclass[39m=[32m"mb-8"[39m
        [36m>[39m
          [36m<div[39m
            [33mclass[39m=[32m"flex justify-between items-center mb-2"[39m
          [36m>[39m
            [36m<span[39m
              [33mclass[39m=[32m"text-sm text-gray-600"[39m
              [33mdata-testid[39m=[32m"setupwizard-step-counter"[39m
            [36m>[39m
              [0mStep [0m
              [0m3[0m
              [0m of [0m
              [0m4[0m
            [36m</span>[39m
            [36m<span[39m
              [33mclass[39m=[32m"text-sm text-gray-600"[39m
              [33mdata-testid[39m=[32m"setupwizard-progress-percent"[39m
            [36m>[39m
              [0m75[0m
              [0m%[0m
            [36m</span>[39m
          [36m</div>[39m
          [36m<div[39m
            [33mclass[39m=[32m"w-full bg-gray-200 rounded-full h-2"[39m
          [36m>[39m
            [36m<div[39m
              [33maria-valuemax[39m=[32m"4"[39m
              [33maria-valuemin[39m=[32m"0"[39m
              [33maria-valuenow[39m=[32m"3"[39m
              [33mclass[39m=[32m"bg-blue-600 h-2 rounded-full transition-all duration-300"[39m
              [33mdata-testid[39m=[32m"setupwizard-progressbar"[39m
              [33mrole[39m=[32m"progressbar"[39m
              [33mstyle[39m=[32m"width: 75%;"[39m
            [36m/>[39m
          [36m</div>[39m
        [36m</div>[39m
        [36m<div[39m
          [33mclass[39m=[32m"bg-white rounded-lg shadow-md p-6"[39m
        [36m>[39m
          [36m<h2[39m
            [33mclass[39m=[32m"text-2xl font-bold text-gray-900 mb-2"[39m
            [33mdata-testid[39m=[32m"setupwizard-step-title"[39m
          [36m>[39m
            [0mAcademic Preferences[0m
          [36m</h2>[39m
          [36m<p[39m
            [33mclass[39m=[32m"text-gray-600 mb-6"[39m
          [36m>[39m
            [0mSet your academic and citation preferences[0m
          [36m</p>[39m
          [36m<div[39m
            [33mclass[39m=[32m"space-y-6"[39m
          [36m>[39m
            [36m<div[39m
              [33mclass[39m=[32m"grid grid-cols-1 md:grid-cols-2 gap-6"[39m
            [36m>[39m
              [36m<div>[39m
                [36m<label[39m
                  [33mclass[39m=[32m"block text-sm font-medium text-gray-700 mb-2"[39m
                  [33mfor[39m=[32m"citationStyle"[39m
                [36m>[39m
                  [0mCitation Style[0m
                [36m</label>[39m
                [36m<select[39m
                  [33mclass[39m=[32m"w-full px-3 py-2 border border-gray-300 rounded-md focus:outline-none focus:ring-2 focus:ring-blue-500"[39m
                  [33mid[39m=[32m"citationStyle"[39m
                  [33mtabindex[39m=[32m"0"[39m
                [36m>[39m
                  [36m<option[39m
                    [33mvalue[39m=[32m"apa"[39m
                  [36m>[39m
                    [0mAPA[0m
                  [36m</option>[39m
                  [36m<option[39m
                    [33mvalue[39m=[32m"mla"[39m
                  [36m>[39m
                    [0mMLA[0m
                  [36m</option>[39m
                  [36m<option[39m
                    [33mvalue[39m=[32m"chicago"[39m
                  [36m>[39m
                    [0mChicago[0m
                  [36m</option>[39m
                  [36m<option[39m
                    [33mvalue[39m=[32m"harvard"[39m
                  [36m>[39m
                    [0mHarvard[0m
                  [36m</option>[39m
                [36m</select>[39m
              [36m</div>[39m
              [36m<div>[39m
                [36m<label[39m
                  [33mclass[39m=[32m"block text-sm font-medium text-gray-700 mb-2"[39m
                  [33mfor[39m=[32m"defaultLanguage"[39m
                [36m>[39m
                  [0mDefault Language[0m
                [36m</label>[39m
                [36m<select[39m
                  [33mclass[39m=[32m"w-full px-3 py-2 border border-gray-300 rounded-md focus:outline-none focus:ring-2 focus:ring-blue-500"[39m
                  [33mid[39m=[32m"defaultLanguage"[39m
                  [33mtabindex[39m=[32m"0"[39m
                [36m>[39m
                  [36m<option[39m
                    [33mvalue[39m=[32m"en"[39m
                  [36m>[39m
                    [0mEnglish[0m
                  [36m</option>[39m
                  [36m<option[39m
                    [33mvalue[39m=[32m"es"[39m
                  [36m>[39m
                    [0mSpanish[0m
                  [36m</option>[39m
                  [36m<option[39m
                    [33mvalue[39m=[32m"fr"[39m
                  [36m>[39m
                    [0mFrench[0m
                  [36m</option>[39m
                  [36m<option[39m
                    [33mvalue[39m=[32m"de"[39m
                  [36m>[39m
                    [0mGerman[0m
                  [36m</option>[39m
                [36m</select>[39m
              [36m</div>[39m
            [36m</div>[39m
            [36m<div[39m
              [33mclass[39m=[32m"flex items-center"[39m
            [36m>[39m
              [36m<input[39m
                [33mclass[39m=[32m"h-4 w-4 text-blue-600 focus:ring-blue-500 border-gray-300 rounded"[39m
                [33mid[39m=[32m"adhdFriendlyMode"[39m
                [33mtype[39m=[32m"checkbox"[39m
              [36m/>[39m
              [36m<label[39m
                [33mclass[39m=[32m"ml-2 block text-sm text-gray-700"[39m
                [33mfor[39m=[32m"adhdFriendlyMode"[39m
              [36m>[39m
                [0mADHD Friendly Mode[0m
              [36m</label>[39m
            [36m</div>[39m
            [36m<div>[39m
              [36m<label[39m
                [33mclass[39m=[32m"block text-sm font-medium text-gray-700 mb-2"[39m
                [33mfor[39m=[32m"theme"[39m
              [36m>[39m
                [0mTheme[0m
              [36m</label>[39m
              [36m<select[39m
                [33mclass[39m=[32m"w-full px-3 py-2 border border-gray-300 rounded-md focus:outline-none focus:ring-2 focus:ring-blue-500"[39m
                [33mid[39m=[32m"theme"[39m
                [33mtabindex[39m=[32m"0"[39m
              [36m>[39m
                [36m<option[39m
                  [33mvalue[39m=[32m"system"[39m
                [36m>[39m
                  [0mSystem[0m
                [36m</option>[39m
                [36m<option[39m
                  [33mvalue[39m=[32m"light"[39m
                [36m>[39m
                  [0mLight[0m
                [36m</option>[39m
                [36m<option[39m
                  [33mvalue[39m=[32m"dark"[39m
                [36m>[39m
                  [0mDark[0m
                [36m</option>[39m
              [36m</select>[39m
            [36m</div>[39m
            [36m<div[39m
              [33mclass[39m=[32m"space-y-3"[39m
            [36m>[39m
              [36m<div[39m
                [33mclass[39m=[32m"flex items-center"[39m
              [36m>[39m
                [36m<input[39m
                  [33mclass[39m=[32m"h-4 w-4 text-blue-600 focus:ring-blue-500 border-gray-300 rounded"[39m
                  [33mid[39m=[32m"reducedMotion"[39m
                  [33mtype[39m=[32m"checkbox"[39m
                [36m/>[39m
                [36m<label[39m
                  [33mclass[39m=[32m"ml-2 block text-sm text-gray-700"[39m
                  [33mfor[39m=[32m"reducedMotion"[39m
                [36m>[39m
                  [0mReduced Motion[0m
                [36m</label>[39m
              [36m</div>[39m
              [36m<div[39m
                [33mclass[39m=[32m"flex items-center"[39m
              [36m>[39m
                [36m<input[39m
                  [33mclass[39m=[32m"h-4 w-4 text-blue-600 focus:ring-blue-500 border-gray-300 rounded"[39m
                  [33mid[39m=[32m"highContrast"[39m
                  [33mtype[39m=[32m"checkbox"[39m
                [36m/>[39m
                [36m<label[39m
                  [33mclass[39m=[32m"ml-2 block text-sm text-gray-700"[39m
                  [33mfor[39m=[32m"highContrast"[39m
                [36m>[39m
                  [0mHigh Contrast[0m
                [36m</label>[39m
              [36m</div>[39m
            [36m</div>[39m
          [36m</div>[39m
          [36m<div[39m
            [33mclass[39m=[32m"flex justify-between mt-8"[39m
            [33mdata-testid[39m=[32m"setupwizard-nav-buttons"[39m
          [36m>[39m
            [36m<button[39m
              [33mclass[39m=[32m"px-4 py-2 text-gray-600 bg-gray-200 rounded-md hover:bg-gray-300 disabled:bg-gray-100 disabled:text-gray-400"[39m
              [33mdata-testid[39m=[32m"setupwizard-back-btn"[39m
              [33mtabindex[39m=[32m"0"[39m
            [36m>[39m
              [0mBack[0m
            [36m</button>[39m
            [36m<button[39m
              [33mclass[39m=[32m"px-6 py-2 bg-blue-600 text-white rounded-md hover:bg-blue-700 disabled:bg-gray-400"[39m
              [33mdata-testid[39m=[32m"setupwizard-continue-btn"[39m
              [33mtabindex[39m=[32m"0"[39m
            [36m>[39m
              [0mContinue[0m
            [36m</button>[39m
          [36m</div>[39m
        [36m</div>[39m
      [36m</div>[39m
    [36m</div>[39m
  [36m</body>[39m
[36m</html>[39m
   ✓ SetupWizard > Accessibility > should have proper ARIA labels and roles 12ms
   ✓ SetupWizard > Accessibility > should support keyboard navigation 7ms
   ✓ SetupWizard > Data Persistence > should save progress between steps 14ms
   × SetupWizard Edge Cases (TDD RED Phase) > should resume at correct step after partial completion (user leaves and returns) 1004ms
     → [2mexpect([22m[31mreceived[39m[2m).toBeInTheDocument()[22m

[31mreceived[39m value must be an HTMLElement or an SVGElement.
Received has type:  Undefined
Received has value: [31mundefined[39m

Ignored nodes: comments, script, style
[36m<html>[39m
  [36m<head />[39m
  [36m<body>[39m
    [36m<div>[39m
      [36m<div[39m
        [33mclass[39m=[32m"max-w-2xl mx-auto p-6"[39m
        [33mdata-testid[39m=[32m"setupwizard-container"[39m
      [36m>[39m
        [0m [0m
        [36m<div[39m
          [33mclass[39m=[32m"mb-8"[39m
        [36m>[39m
          [36m<div[39m
            [33mclass[39m=[32m"flex justify-between items-center mb-2"[39m
          [36m>[39m
            [36m<span[39m
              [33mclass[39m=[32m"text-sm text-gray-600"[39m
              [33mdata-testid[39m=[32m"setupwizard-step-counter"[39m
            [36m>[39m
              [0mStep [0m
              [0m1[0m
              [0m of [0m
              [0m4[0m
            [36m</span>[39m
            [36m<span[39m
              [33mclass[39m=[32m"text-sm text-gray-600"[39m
              [33mdata-testid[39m=[32m"setupwizard-progress-percent"[39m
            [36m>[39m
              [0m25[0m
              [0m%[0m
            [36m</span>[39m
          [36m</div>[39m
          [36m<div[39m
            [33mclass[39m=[32m"w-full bg-gray-200 rounded-full h-2"[39m
          [36m>[39m
            [36m<div[39m
              [33maria-valuemax[39m=[32m"4"[39m
              [33maria-valuemin[39m=[32m"0"[39m
              [33maria-valuenow[39m=[32m"1"[39m
              [33mclass[39m=[32m"bg-blue-600 h-2 rounded-full transition-all duration-300"[39m
              [33mdata-testid[39m=[32m"setupwizard-progressbar"[39m
              [33mrole[39m=[32m"progressbar"[39m
              [33mstyle[39m=[32m"width: 25%;"[39m
            [36m/>[39m
          [36m</div>[39m
        [36m</div>[39m
        [36m<div[39m
          [33mclass[39m=[32m"bg-white rounded-lg shadow-md p-6"[39m
        [36m>[39m
          [36m<h2[39m
            [33mclass[39m=[32m"text-2xl font-bold text-gray-900 mb-2"[39m
            [33mdata-testid[39m=[32m"setupwizard-step-title"[39m
          [36m>[39m
            [0mWelcome to Academic Workflow Assistant[0m
          [36m</h2>[39m
          [36m<p[39m
            [33mclass[39m=[32m"text-gray-600 mb-6"[39m
          [36m>[39m
            [0mLet's get you set up with your AI-powered research assistant[0m
          [36m</p>[39m
          [36m<div[39m
            [33mclass[39m=[32m"space-y-4"[39m
            [33mdata-testid[39m=[32m"setupwizard-welcome-content"[39m
          [36m>[39m
            [36m<p[39m
              [33mclass[39m=[32m"text-gray-700"[39m
            [36m>[39m
              [0mThis wizard will help you configure your Academic Workflow Assistant with:[0m
            [36m</p>[39m
            [36m<ul[39m
              [33mclass[39m=[32m"list-disc list-inside text-gray-700 space-y-2"[39m
            [36m>[39m
              [36m<li>[39m
                [0mAI provider settings (API keys and preferences)[0m
              [36m</li>[39m
              [36m<li>[39m
                [0mAcademic preferences (citation style, language)[0m
              [36m</li>[39m
              [36m<li>[39m
                [0mUI preferences (theme, accessibility)[0m
              [36m</li>[39m
            [36m</ul>[39m
            [36m<p[39m
              [33mclass[39m=[32m"text-gray-700"[39m
            [36m>[39m
              [0mLet's get started![0m
            [36m</p>[39m
          [36m</div>[39m
          [36m<div[39m
            [33mclass[39m=[32m"flex justify-between mt-8"[39m
            [33mdata-testid[39m=[32m"setupwizard-nav-buttons"[39m
          [36m>[39m
            [36m<button[39m
              [33mclass[39m=[32m"px-4 py-2 text-gray-600 bg-gray-200 rounded-md hover:bg-gray-300 disabled:bg-gray-100 disabled:text-gray-400"[39m
              [33mdata-testid[39m=[32m"setupwizard-back-btn"[39m
              [33mdisabled[39m=[32m""[39m
              [33mtabindex[39m=[32m"0"[39m
            [36m>[39m
              [0mBack[0m
            [36m</button>[39m
            [36m<button[39m
              [33mclass[39m=[32m"px-6 py-2 bg-blue-600 text-white rounded-md hover:bg-blue-700 disabled:bg-gray-400"[39m
              [33mdata-testid[39m=[32m"setupwizard-continue-btn"[39m
              [33mtabindex[39m=[32m"0"[39m
            [36m>[39m
              [0mContinue[0m
            [36m</button>[39m
          [36m</div>[39m
        [36m</div>[39m
      [36m</div>[39m
    [36m</div>[39m
  [36m</body>[39m
[36m</html>[39m
   × SetupWizard Edge Cases (TDD RED Phase) > should handle corrupted/missing settings from API 1008ms
     → Unable to find an element with the text: /failed to load setup status/i. This could be because the text is broken up by multiple elements. In this case, you can provide a function for your text matcher to make your matcher more flexible.

Ignored nodes: comments, script, style
[36m<body>[39m
  [36m<div>[39m
    [36m<div[39m
      [33mclass[39m=[32m"max-w-2xl mx-auto p-6"[39m
      [33mdata-testid[39m=[32m"setupwizard-container"[39m
    [36m>[39m
      [0m [0m
      [36m<div[39m
        [33mclass[39m=[32m"mb-8"[39m
      [36m>[39m
        [36m<div[39m
          [33mclass[39m=[32m"flex justify-between items-center mb-2"[39m
        [36m>[39m
          [36m<span[39m
            [33mclass[39m=[32m"text-sm text-gray-600"[39m
            [33mdata-testid[39m=[32m"setupwizard-step-counter"[39m
          [36m>[39m
            [0mStep [0m
            [0m1[0m
            [0m of [0m
            [0m4[0m
          [36m</span>[39m
          [36m<span[39m
            [33mclass[39m=[32m"text-sm text-gray-600"[39m
            [33mdata-testid[39m=[32m"setupwizard-progress-percent"[39m
          [36m>[39m
            [0m25[0m
            [0m%[0m
          [36m</span>[39m
        [36m</div>[39m
        [36m<div[39m
          [33mclass[39m=[32m"w-full bg-gray-200 rounded-full h-2"[39m
        [36m>[39m
          [36m<div[39m
            [33maria-valuemax[39m=[32m"4"[39m
            [33maria-valuemin[39m=[32m"0"[39m
            [33maria-valuenow[39m=[32m"1"[39m
            [33mclass[39m=[32m"bg-blue-600 h-2 rounded-full transition-all duration-300"[39m
            [33mdata-testid[39m=[32m"setupwizard-progressbar"[39m
            [33mrole[39m=[32m"progressbar"[39m
            [33mstyle[39m=[32m"width: 25%;"[39m
          [36m/>[39m
        [36m</div>[39m
      [36m</div>[39m
      [36m<div[39m
        [33mclass[39m=[32m"bg-white rounded-lg shadow-md p-6"[39m
      [36m>[39m
        [36m<h2[39m
          [33mclass[39m=[32m"text-2xl font-bold text-gray-900 mb-2"[39m
          [33mdata-testid[39m=[32m"setupwizard-step-title"[39m
        [36m>[39m
          [0mWelcome to Academic Workflow Assistant[0m
        [36m</h2>[39m
        [36m<p[39m
          [33mclass[39m=[32m"text-gray-600 mb-6"[39m
        [36m>[39m
          [0mLet's get you set up with your AI-powered research assistant[0m
        [36m</p>[39m
        [36m<div[39m
          [33mclass[39m=[32m"space-y-4"[39m
          [33mdata-testid[39m=[32m"setupwizard-welcome-content"[39m
        [36m>[39m
          [36m<p[39m
            [33mclass[39m=[32m"text-gray-700"[39m
          [36m>[39m
            [0mThis wizard will help you configure your Academic Workflow Assistant with:[0m
          [36m</p>[39m
          [36m<ul[39m
            [33mclass[39m=[32m"list-disc list-inside text-gray-700 space-y-2"[39m
          [36m>[39m
            [36m<li>[39m
              [0mAI provider settings (API keys and preferences)[0m
            [36m</li>[39m
            [36m<li>[39m
              [0mAcademic preferences (citation style, language)[0m
            [36m</li>[39m
            [36m<li>[39m
              [0mUI preferences (theme, accessibility)[0m
            [36m</li>[39m
          [36m</ul>[39m
          [36m<p[39m
            [33mclass[39m=[32m"text-gray-700"[39m
          [36m>[39m
            [0mLet's get started![0m
          [36m</p>[39m
        [36m</div>[39m
        [36m<div[39m
          [33mclass[39m=[32m"flex justify-between mt-8"[39m
          [33mdata-testid[39m=[32m"setupwizard-nav-buttons"[39m
        [36m>[39m
          [36m<button[39m
            [33mclass[39m=[32m"px-4 py-2 text-gray-600 bg-gray-200 rounded-md hover:bg-gray-300 disabled:bg-gray-100 disabled:text-gray-400"[39m
            [33mdata-testid[39m=[32m"setupwizard-back-btn"[39m
            [33mdisabled[39m=[32m""[39m
            [33mtabindex[39m=[32m"0"[39m
          [36m>[39m
            [0mBack[0m
          [36m</button>[39m
          [36m<button[39m
            [33mclass[39m=[32m"px-6 py-2 bg-blue-600 text-white rounded-md hover:bg-blue-700 disabled:bg-gray-400"[39m
            [33mdata-testid[39m=[32m"setupwizard-continue-btn"[39m
            [33mtabindex[39m=[32m"0"[39m
          [36m>[39m
            [0mContinue[0m
          [36m</button>[39m
        [36m</div>[39m
      [36m</div>[39m
    [36m</div>[39m
  [36m</div>[39m
  [36m<div>[39m
    [36m<div[39m
      [33mclass[39m=[32m"max-w-2xl mx-auto p-6"[39m
      [33mdata-testid[39m=[32m"setupwizard-container"[39m
    [36m>[39m
      [0m [0m
      [36m<div[39m
        [33mclass[39m=[32m"mb-8"[39m
      [36m>[39m
        [36m<div[39m
          [33mclass[39m=[32m"flex justify-between items-center mb-2"[39m
        [36m>[39m
          [36m<span[39m
            [33mclass[39m=[32m"text-sm text-gray-600"[39m
            [33mdata-testid[39m=[32m"setupwizard-step-counter"[39m
          [36m>[39m
            [0mStep [0m
            [0m2[0m
            [0m of [0m
            [0m4[0m
          [36m</span>[39m
          [36m<span[39m
            [33mclass[39m=[32m"text-sm text-gray-600"[39m
            [33mdata-testid[39m=[32m"setupwizard-progress-percent"[39m
          [36m>[39m
            [0m50[0m
            [0m%[0m
          [36m</span>[39m
        [36m</div>[39m
        [36m<div[39m
          [33mclass[39m=[32m"w-full bg-gray-200 rounded-full h-2"[39m
        [36m>[39m
          [36m<div[39m
            [33maria-valuemax[39m=[32m"4"[39m
            [33maria-valuemin[39m=[32m"0"[39m
            [33maria-valuenow[39m=[32m"2"[39m
            [33mclass[39m=[32m"bg-blue-600 h-2 rounded-full transition-all duration-300"[39m
            [33mdata-testid[39m=[32m"setupwizard-progressbar"[39m
            [33mrole[39m=[32m"progressbar"[39m
            [33mstyle[39m=[32m"width: 50%;"[39m
          [36m/>[39m
        [36m</div>[39m
      [36m</div>[39m
      [36m<div[39m
        [33mclass[39m=[32m"bg-white rounded-lg shadow-md p-6"[39m
      [36m>[39m
        [36m<h2[39m
          [33mclass[39m=[32m"text-2xl font-bold text-gray-900 mb-2"[39m
          [33mdata-testid[39m=[32m"setupwizard-step-title"[39m
        [36m>[39m
          [0mAI Provider Configuration[0m
        [36m</h2>[39m
        [36m<p[39m
          [33mclass[39m=[32m"text-gray-600 mb-6"[39m
        [36m>[39m
          [0mConfigure your AI provider settings[0m
        [36m</p>[39m
        [36m<div[39m
          [33mclass[39m=[32m"space-y-6"[39m
          [33mdata-testid[39m=[32m"setupwizard-apikeys-content"[39m
        [36m>[39m
          [36m<div>[39m
            [36m<label[39m
              [33mclass[39m=[32m"block text-sm font-medium text-gray-700 mb-2"[39m
              [33mfor[39m=[32m"anthropicApiKey"[39m
            [36m>[39m
              [0mAnthropic API Key *[0m
            [36m</label>[39m
            [36m<div[39m
              [33mclass[39m=[32m"flex space-x-2"[39m
            [36m>[39m
              [36m<input[39m
                [33mclass[39m=[32m"flex-1 px-3 py-2 border rounded-md focus:outline-none focus:ring-2 focus:ring-blue-500 border-gray-300"[39m
                [33mdata-testid[39m=[32m"setupwizard-anthropic-api-key"[39m
                [33mid[39m=[32m"anthropicApiKey"[39m
                [33mplaceholder[39m=[32m"sk-ant-..."[39m
                [33mtabindex[39m=[32m"0"[39m
                [33mtype[39m=[32m"password"[39m
                [33mvalue[39m=[32m""[39m
              [36m/>[39m
              [36m<button[39m
                [33mclass[39m=[32m"px-3 py-2 bg-blue-600 text-white rounded-md hover:bg-blue-700 disabled:bg-gray-400"[39m
                [33mdisabled[39m=[32m""[39m
                [33mtype[39m=[32m"button"[39m
              [36m>[39m
                [0mTest Anthropic Key[0m
              [36m</button>[39m
            [36m</div>[39m
          [36m</div>[39m
          [36m<div>[39m
            [36m<label[39m
              [33mclass[39m=[32m"block text-sm font-medium text-gray-700 mb-2"[39m
              [33mfor[39m=[32m"openaiApiKey"[39m
            [36m>[39m
              [0mOpenAI API Key (Optional)[0m
            [36m</label>[39m
            [36m<div[39m
              [33mclass[39m=[32m"flex space-x-2"[39m
            [36m>[39m
              [36m<input[39m
                [33mclass[39m=[32m"flex-1 px-3 py-2 border rounded-md focus:outline-none focus:ring-2 focus:ring-blue-500 border-gray-300"[39m
                [33mid[39m=[32m"openaiApiKey"[39m
                [33mplaceholder[39m=[32m"sk-..."[39m
                [33mtabindex[39m=[32m"0"[39m
                [33mtype[39m=[32m"password"[39m
                [33mvalue[39m=[32m""[39m
              [36m/>[39m
              [36m<button[39m
                [33mclass[39m=[32m"px-3 py-2 bg-blue-600 text-white rounded-md hover:bg-blue-700 disabled:bg-gray-400"[39m
                [33mdisabled[39m=[32m""[39m
                [33mtype[39m=[32m"button"[39m
              [36m>[39m
                [0mTest OpenAI Key[0m
              [36m</button>[39m
            [36m</div>[39m
          [36m</div>[39m
          [36m<div>[39m
            [36m<label[39m
              [33mclass[39m=[32m"block text-sm font-medium text-gray-700 mb-2"[39m
              [33mfor[39m=[32m"monthlyBudget"[39m
            [36m>[39m
              [0mMonthly Budget ($) *[0m
            [36m</label>[39m
            [36m<input[39m
              [33mclass[39m=[32m"w-full px-3 py-2 border rounded-md focus:outline-none focus:ring-2 focus:ring-blue-500 border-gray-300"[39m
              [33mid[39m=[32m"monthlyBudget"[39m
              [33mmin[39m=[32m"0"[39m
              [33mstep[39m=[32m"0.01"[39m
              [33mtabindex[39m=[32m"0"[39m
              [33mtype[39m=[32m"number"[39m
              [33mvalue[39m=[32m"100"[39m
            [36m/>[39m
          [36m</div>[39m
          [36m<div>[39m
            [36m<label[39m
              [33mclass[39m=[32m"block text-sm font-medium text-gray-700 mb-2"[39m
              [33mfor[39m=[32m"preferredProvider"[39m
            [36m>[39m
              [0mPreferred Provider[0m
            [36m</label>[39m
            [36m<select[39m
              [33mclass[39m=[32m"w-full px-3 py-2 border border-gray-300 rounded-md focus:outline-none focus:ring-2 focus:ring-blue-500"[39m
              [33mid[39m=[32m"preferredProvider"[39m
              [33mtabindex[39m=[32m"0"[39m
            [36m>[39m
              [36m<option[39m
                [33mvalue[39m=[32m"auto"[39m
              [36m>[39m
                [0mAuto[0m
              [36m</option>[39m
              [36m<option[39m
                [33mvalue[39m=[32m"anthropic"[39m
              [36m>[39m
                [0mAnthropic[0m
              [36m</option>[39m
              [36m<option[39m
                [33mvalue[39m=[32m"openai"[39m
              [36m>[39m
                [0mOpenAI[0m
              [36m</option>[39m
            [36m</select>[39m
          [36m</div>[39m
        [36m</div>[39m
        [36m<div[39m
          [33mclass[39m=[32m"flex justify-between mt-8"[39m
          [33mdata-testid[39m=[32m"setupwizard-nav-buttons"[39m
        [36m>[39m
          [36m<button[39m
            [33mclass[39m=[32m"px-4 py-2 text-gray-600 bg-gray-200 rounded-md hover:bg-gray-300 disabled:bg-gray-100 disabled:text-gray-400"[39m
            [33mdata-testid[39m=[32m"setupwizard-back-btn"[39m
            [33mtabindex[39m=[32m"0"[39m
          [36m>[39m
            [0mBack[0m
          [36m</button>[39m
          [36m<button[39m
            [33mclass[39m=[32m"px-6 py-2 bg-blue-600 text-white rounded-md hover:bg-blue-700 disabled:bg-gray-400"[39m
            [33mdata-testid[39m=[32m"setupwizard-continue-btn"[39m
            [33mdisabled[39m=[32m""[39m
            [33mtabindex[39m=[32m"0"[39m
          [36m>[39m
            [0mContinue[0m
          [36m</button>[39m
        [36m</div>[39m
      [36m</div>[39m
    [36m</div>[39m
  [36m</div>[39m
[36m</body>[39m

Ignored nodes: comments, script, style
[36m<html>[39m
  [36m<head />[39m
  [36m<body>[39m
    [36m<div>[39m
      [36m<div[39m
        [33mclass[39m=[32m"max-w-2xl mx-auto p-6"[39m
        [33mdata-testid[39m=[32m"setupwizard-container"[39m
      [36m>[39m
        [0m [0m
        [36m<div[39m
          [33mclass[39m=[32m"mb-8"[39m
        [36m>[39m
          [36m<div[39m
            [33mclass[39m=[32m"flex justify-between items-center mb-2"[39m
          [36m>[39m
            [36m<span[39m
              [33mclass[39m=[32m"text-sm text-gray-600"[39m
              [33mdata-testid[39m=[32m"setupwizard-step-counter"[39m
            [36m>[39m
              [0mStep [0m
              [0m1[0m
              [0m of [0m
              [0m4[0m
            [36m</span>[39m
            [36m<span[39m
              [33mclass[39m=[32m"text-sm text-gray-600"[39m
              [33mdata-testid[39m=[32m"setupwizard-progress-percent"[39m
            [36m>[39m
              [0m25[0m
              [0m%[0m
            [36m</span>[39m
          [36m</div>[39m
          [36m<div[39m
            [33mclass[39m=[32m"w-full bg-gray-200 rounded-full h-2"[39m
          [36m>[39m
            [36m<div[39m
              [33maria-valuemax[39m=[32m"4"[39m
              [33maria-valuemin[39m=[32m"0"[39m
              [33maria-valuenow[39m=[32m"1"[39m
              [33mclass[39m=[32m"bg-blue-600 h-2 rounded-full transition-all duration-300"[39m
              [33mdata-testid[39m=[32m"setupwizard-progressbar"[39m
              [33mrole[39m=[32m"progressbar"[39m
              [33mstyle[39m=[32m"width: 25%;"[39m
            [36m/>[39m
          [36m</div>[39m
        [36m</div>[39m
        [36m<div[39m
          [33mclass[39m=[32m"bg-white rounded-lg shadow-md p-6"[39m
        [36m>[39m
          [36m<h2[39m
            [33mclass[39m=[32m"text-2xl font-bold text-gray-900 mb-2"[39m
            [33mdata-testid[39m=[32m"setupwizard-step-title"[39m
          [36m>[39m
            [0mWelcome to Academic Workflow Assistant[0m
          [36m</h2>[39m
          [36m<p[39m
            [33mclass[39m=[32m"text-gray-600 mb-6"[39m
          [36m>[39m
            [0mLet's get you set up with your AI-powered research assistant[0m
          [36m</p>[39m
          [36m<div[39m
            [33mclass[39m=[32m"space-y-4"[39m
            [33mdata-testid[39m=[32m"setupwizard-welcome-content"[39m
          [36m>[39m
            [36m<p[39m
              [33mclass[39m=[32m"text-gray-700"[39m
            [36m>[39m
              [0mThis wizard will help you configure your Academic Workflow Assistant with:[0m
            [36m</p>[39m
            [36m<ul[39m
              [33mclass[39m=[32m"list-disc list-inside text-gray-700 space-y-2"[39m
            [36m>[39m
              [36m<li>[39m
                [0mAI provider settings (API keys and preferences)[0m
              [36m</li>[39m
              [36m<li>[39m
                [0mAcademic preferences (citation style, language)[0m
              [36m</li>[39m
              [36m<li>[39m
                [0mUI preferences (theme, accessibility)[0m
              [36m</li>[39m
            [36m</ul>[39m
            [36m<p[39m
              [33mclass[39m=[32m"text-gray-700"[39m
            [36m>[39m
              [0mLet's get started![0m
            [36m</p>[39m
          [36m</div>[39m
          [36m<div[39m
            [33mclass[39m=[32m"flex justify-between mt-8"[39m
            [33mdata-testid[39m=[32m"setupwizard-nav-buttons"[39m
          [36m>[39m
            [36m<button[39m
              [33mclass[39m=[32m"px-4 py-2 text-gray-600 bg-gray-200 rounded-md hover:bg-gray-300 disabled:bg-gray-100 disabled:text-gray-400"[39m
              [33mdata-testid[39m=[32m"setupwizard-back-btn"[39m
              [33mdisabled[39m=[32m""[39m
              [33mtabindex[39m=[32m"0"[39m
            [36m>[39m
              [0mBack[0m
            [36m</button>[39m
            [36m<button[39m
              [33mclass[39m=[32m"px-6 py-2 bg-blue-600 text-white rounded-md hover:bg-blue-700 disabled:bg-gray-400"[39m
              [33mdata-testid[39m=[32m"setupwizard-continue-btn"[39m
              [33mtabindex[39m=[32m"0"[39m
            [36m>[39m
              [0mContinue[0m
            [36m</button>[39m
          [36m</div>[39m
        [36m</div>[39m
      [36m</div>[39m
    [36m</div>[39m
    [36m<div>[39m
      [36m<div[39m
        [33mclass[39m=[32m"max-w-2xl mx-auto p-6"[39m
        [33mdata-testid[39m=[32m"setupwizard-container"[39m
      [36m>[39m
        [0m [0m
        [36m<div[39m
          [33mclass[39m=[32m"mb-8"[39m
        [36m>[39m
          [36m<div[39m
            [33mclass[39m=[32m"flex justify-between items-center mb-2"[39m
          [36m>[39m
            [36m<span[39m
              [33mclass[39m=[32m"text-sm text-gray-600"[39m
              [33mdata-testid[39m=[32m"setupwizard-step-counter"[39m
            [36m>[39m
              [0mStep [0m
              [0m2[0m
              [0m of [0m
              [0m4[0m
            [36m</span>[39m
            [36m<span[39m
              [33mclass[39m=[32m"text-sm text-gray-600"[39m
              [33mdata-testid[39m=[32m"setupwizard-progress-percent"[39m
            [36m>[39m
              [0m50[0m
              [0m%[0m
            [36m</span>[39m
          [36m</div>[39m
          [36m<div[39m
            [33mclass[39m=[32m"w-full bg-gray-200 rounded-full h-2"[39m
          [36m>[39m
            [36m<div[39m
              [33maria-valuemax[39m=[32m"4"[39m
              [33maria-valuemin[39m=[32m"0"[39m
              [33maria-valuenow[39m=[32m"2"[39m
              [33mclass[39m=[32m"bg-blue-600 h-2 rounded-full transition-all duration-300"[39m
              [33mdata-testid[39m=[32m"setupwizard-progressbar"[39m
              [33mrole[39m=[32m"progressbar"[39m
              [33mstyle[39m=[32m"width: 50%;"[39m
            [36m/>[39m
          [36m</div>[39m
        [36m</div>[39m
        [36m<div[39m
          [33mclass[39m=[32m"bg-white rounded-lg shadow-md p-6"[39m
        [36m>[39m
          [36m<h2[39m
            [33mclass[39m=[32m"text-2xl font-bold text-gray-900 mb-2"[39m
            [33mdata-testid[39m=[32m"setupwizard-step-title"[39m
          [36m>[39m
            [0mAI Provider Configuration[0m
          [36m</h2>[39m
          [36m<p[39m
            [33mclass[39m=[32m"text-gray-600 mb-6"[39m
          [36m>[39m
            [0mConfigure your AI provider settings[0m
          [36m</p>[39m
          [36m<div[39m
            [33mclass[39m=[32m"space-y-6"[39m
            [33mdata-testid[39m=[32m"setupwizard-apikeys-content"[39m
          [36m>[39m
            [36m<div>[39m
              [36m<label[39m
                [33mclass[39m=[32m"block text-sm font-medium text-gray-700 mb-2"[39m
                [33mfor[39m=[32m"anthropicApiKey"[39m
              [36m>[39m
                [0mAnthropic API Key *[0m
              [36m</label>[39m
              [36m<div[39m
                [33mclass[39m=[32m"flex space-x-2"[39m
              [36m>[39m
                [36m<input[39m
                  [33mclass[39m=[32m"flex-1 px-3 py-2 border rounded-md focus:outline-none focus:ring-2 focus:ring-blue-500 border-gray-300"[39m
                  [33mdata-testid[39m=[32m"setupwizard-anthropic-api-key"[39m
                  [33mid[39m=[32m"anthropicApiKey"[39m
                  [33mplaceholder[39m=[32m"sk-ant-..."[39m
                  [33mtabindex[39m=[32m"0"[39m
                  [33mtype[39m=[32m"password"[39m
                  [33mvalue[39m=[32m""[39m
                [36m/>[39m
                [36m<button[39m
                  [33mclass[39m=[32m"px-3 py-2 bg-blue-600 text-white rounded-md hover:bg-blue-700 disabled:bg-gray-400"[39m
                  [33mdisabled[39m=[32m""[39m
                  [33mtype[39m=[32m"button"[39m
                [36m>[39m
                  [0mTest Anthropic Key[0m
                [36m</button>[39m
              [36m</div>[39m
            [36m</div>[39m
            [36m<div>[39m
              [36m<label[39m
                [33mclass[39m=[32m"block text-sm font-medium text-gray-700 mb-2"[39m
                [33mfor[39m=[32m"openaiApiKey"[39m
              [36m>[39m
                [0mOpenAI API Key (Optional)[0m
              [36m</label>[39m
              [36m<div[39m
                [33mclass[39m=[32m"flex space-x-2"[39m
              [36m>[39m
                [36m<input[39m
                  [33mclass[39m=[32m"flex-1 px-3 py-2 border rounded-md focus:outline-none focus:ring-2 focus:ring-blue-500 border-gray-300"[39m
                  [33mid[39m=[32m"openaiApiKey"[39m
                  [33mplaceholder[39m=[32m"sk-..."[39m
                  [33mtabindex[39m=[32m"0"[39m
                  [33mtype[39m=[32m"password"[39m
                  [33mvalue[39m=[32m""[39m
                [36m/>[39m
                [36m<button[39m
                  [33mclass[39m=[32m"px-3 py-2 bg-blue-600 text-white rounded-md hover:bg-blue-700 disabled:bg-gray-400"[39m
                  [33mdisabled[39m=[32m""[39m
                  [33mtype[39m=[32m"button"[39m
                [36m>[39m
                  [0mTest OpenAI Key[0m
                [36m</button>[39m
              [36m</div>[39m
            [36m</div>[39m
            [36m<div>[39m
              [36m<label[39m
                [33mclass[39m=[32m"block text-sm font-medium text-gray-700 mb-2"[39m
                [33mfor[39m=[32m"monthlyBudget"[39m
              [36m>[39m
                [0mMonthly Budget ($) *[0m
              [36m</label>[39m
              [36m<input[39m
                [33mclass[39m=[32m"w-full px-3 py-2 border rounded-md focus:outline-none focus:ring-2 focus:ring-blue-500 border-gray-300"[39m
                [33mid[39m=[32m"monthlyBudget"[39m
                [33mmin[39m=[32m"0"[39m
                [33mstep[39m=[32m"0.01"[39m
                [33mtabindex[39m=[32m"0"[39m
                [33mtype[39m=[32m"number"[39m
                [33mvalue[39m=[32m"100"[39m
              [36m/>[39m
            [36m</div>[39m
            [36m<div>[39m
              [36m<label[39m
                [33mclass[39m=[32m"block text-sm font-medium text-gray-700 mb-2"[39m
                [33mfor[39m=[32m"preferredProvider"[39m
              [36m>[39m
                [0mPreferred Provider[0m
              [36m</label>[39m
              [36m<select[39m
                [33mclass[39m=[32m"w-full px-3 py-2 border border-gray-300 rounded-md focus:outline-none focus:ring-2 focus:ring-blue-500"[39m
                [33mid[39m=[32m"preferredProvider"[39m
                [33mtabindex[39m=[32m"0"[39m
              [36m>[39m
                [36m<option[39m
                  [33mvalue[39m=[32m"auto"[39m
                [36m>[39m
                  [0mAuto[0m
                [36m</option>[39m
                [36m<option[39m
                  [33mvalue[39m=[32m"anthropic"[39m
                [36m>[39m
                  [0mAnthropic[0m
                [36m</option>[39m
                [36m<option[39m
                  [33mvalue[39m=[32m"openai"[39m
                [36m>[39m
                  [0mOpenAI[0m
                [36m</option>[39m
              [36m</select>[39m
            [36m</div>[39m
          [36m</div>[39m
          [36m<div[39m
            [33mclass[39m=[32m"flex justify-between mt-8"[39m
            [33mdata-testid[39m=[32m"setupwizard-nav-buttons"[39m
          [36m>[39m
            [36m<button[39m
              [33mclass[39m=[32m"px-4 py-2 text-gray-600 bg-gray-200 rounded-md hover:bg-gray-300 disabled:bg-gray-100 disabled:text-gray-400"[39m
              [33mdata-testid[39m=[32m"setupwizard-back-btn"[39m
              [33mtabindex[39m=[32m"0"[39m
            [36m>[39m
              [0mBack[0m
            [36m</button>[39m
            [36m<button[39m
              [33mclass[39m=[32m"px-6 py-2 bg-blue-600 text-white rounded-md hover:bg-blue-700 disabled:bg-gray-400"[39m
              [33mdata-testid[39m=[32m"setupwizard-continue-btn"[39m
              [33mdisabled[39m=[32m""[39m
              [33mtabindex[39m=[32m"0"[39m
            [36m>[39m
              [0mContinue[0m
            [36m</button>[39m
          [36m</div>[39m
        [36m</div>[39m
      [36m</div>[39m
    [36m</div>[39m
  [36m</body>[39m
[36m</html>[39m
   × SetupWizard Edge Cases (TDD RED Phase) > should navigate steps sequentially without skipping (TDD RED) 7ms
     → Found multiple elements by: [data-testid="setupwizard-continue-btn"]

Here are the matching elements:

Ignored nodes: comments, script, style
[36m<button[39m
  [33mclass[39m=[32m"px-6 py-2 bg-blue-600 text-white rounded-md hover:bg-blue-700 disabled:bg-gray-400"[39m
  [33mdata-testid[39m=[32m"setupwizard-continue-btn"[39m
  [33mtabindex[39m=[32m"0"[39m
[36m>[39m
  [0mContinue[0m
[36m</button>[39m

Ignored nodes: comments, script, style
[36m<button[39m
  [33mclass[39m=[32m"px-6 py-2 bg-blue-600 text-white rounded-md hover:bg-blue-700 disabled:bg-gray-400"[39m
  [33mdata-testid[39m=[32m"setupwizard-continue-btn"[39m
  [33mdisabled[39m=[32m""[39m
  [33mtabindex[39m=[32m"0"[39m
[36m>[39m
  [0mContinue[0m
[36m</button>[39m

Ignored nodes: comments, script, style
[36m<button[39m
  [33mclass[39m=[32m"px-6 py-2 bg-blue-600 text-white rounded-md hover:bg-blue-700 disabled:bg-gray-400"[39m
  [33mdata-testid[39m=[32m"setupwizard-continue-btn"[39m
  [33mtabindex[39m=[32m"0"[39m
[36m>[39m
  [0mContinue[0m
[36m</button>[39m

(If this is intentional, then use the `*AllBy*` variant of the query (like `queryAllByText`, `getAllByText`, or `findAllByText`)).

Ignored nodes: comments, script, style
[36m<body>[39m
  [36m<div>[39m
    [36m<div[39m
      [33mclass[39m=[32m"max-w-2xl mx-auto p-6"[39m
      [33mdata-testid[39m=[32m"setupwizard-container"[39m
    [36m>[39m
      [0m [0m
      [36m<div[39m
        [33mclass[39m=[32m"mb-8"[39m
      [36m>[39m
        [36m<div[39m
          [33mclass[39m=[32m"flex justify-between items-center mb-2"[39m
        [36m>[39m
          [36m<span[39m
            [33mclass[39m=[32m"text-sm text-gray-600"[39m
            [33mdata-testid[39m=[32m"setupwizard-step-counter"[39m
          [36m>[39m
            [0mStep [0m
            [0m1[0m
            [0m of [0m
            [0m4[0m
          [36m</span>[39m
          [36m<span[39m
            [33mclass[39m=[32m"text-sm text-gray-600"[39m
            [33mdata-testid[39m=[32m"setupwizard-progress-percent"[39m
          [36m>[39m
            [0m25[0m
            [0m%[0m
          [36m</span>[39m
        [36m</div>[39m
        [36m<div[39m
          [33mclass[39m=[32m"w-full bg-gray-200 rounded-full h-2"[39m
        [36m>[39m
          [36m<div[39m
            [33maria-valuemax[39m=[32m"4"[39m
            [33maria-valuemin[39m=[32m"0"[39m
            [33maria-valuenow[39m=[32m"1"[39m
            [33mclass[39m=[32m"bg-blue-600 h-2 rounded-full transition-all duration-300"[39m
            [33mdata-testid[39m=[32m"setupwizard-progressbar"[39m
            [33mrole[39m=[32m"progressbar"[39m
            [33mstyle[39m=[32m"width: 25%;"[39m
          [36m/>[39m
        [36m</div>[39m
      [36m</div>[39m
      [36m<div[39m
        [33mclass[39m=[32m"bg-white rounded-lg shadow-md p-6"[39m
      [36m>[39m
        [36m<h2[39m
          [33mclass[39m=[32m"text-2xl font-bold text-gray-900 mb-2"[39m
          [33mdata-testid[39m=[32m"setupwizard-step-title"[39m
        [36m>[39m
          [0mWelcome to Academic Workflow Assistant[0m
        [36m</h2>[39m
        [36m<p[39m
          [33mclass[39m=[32m"text-gray-600 mb-6"[39m
        [36m>[39m
          [0mLet's get you set up with your AI-powered research assistant[0m
        [36m</p>[39m
        [36m<div[39m
          [33mclass[39m=[32m"space-y-4"[39m
          [33mdata-testid[39m=[32m"setupwizard-welcome-content"[39m
        [36m>[39m
          [36m<p[39m
            [33mclass[39m=[32m"text-gray-700"[39m
          [36m>[39m
            [0mThis wizard will help you configure your Academic Workflow Assistant with:[0m
          [36m</p>[39m
          [36m<ul[39m
            [33mclass[39m=[32m"list-disc list-inside text-gray-700 space-y-2"[39m
          [36m>[39m
            [36m<li>[39m
              [0mAI provider settings (API keys and preferences)[0m
            [36m</li>[39m
            [36m<li>[39m
              [0mAcademic preferences (citation style, language)[0m
            [36m</li>[39m
            [36m<li>[39m
              [0mUI preferences (theme, accessibility)[0m
            [36m</li>[39m
          [36m</ul>[39m
          [36m<p[39m
            [33mclass[39m=[32m"text-gray-700"[39m
          [36m>[39m
            [0mLet's get started![0m
          [36m</p>[39m
        [36m</div>[39m
        [36m<div[39m
          [33mclass[39m=[32m"flex justify-between mt-8"[39m
          [33mdata-testid[39m=[32m"setupwizard-nav-buttons"[39m
        [36m>[39m
          [36m<button[39m
            [33mclass[39m=[32m"px-4 py-2 text-gray-600 bg-gray-200 rounded-md hover:bg-gray-300 disabled:bg-gray-100 disabled:text-gray-400"[39m
            [33mdata-testid[39m=[32m"setupwizard-back-btn"[39m
            [33mdisabled[39m=[32m""[39m
            [33mtabindex[39m=[32m"0"[39m
          [36m>[39m
            [0mBack[0m
          [36m</button>[39m
          [36m<button[39m
            [33mclass[39m=[32m"px-6 py-2 bg-blue-600 text-white rounded-md hover:bg-blue-700 disabled:bg-gray-400"[39m
            [33mdata-testid[39m=[32m"setupwizard-continue-btn"[39m
            [33mtabindex[39m=[32m"0"[39m
          [36m>[39m
            [0mContinue[0m
          [36m</button>[39m
        [36m</div>[39m
      [36m</div>[39m
    [36m</div>[39m
  [36m</div>[39m
  [36m<div>[39m
    [36m<div[39m
      [33mclass[39m=[32m"max-w-2xl mx-auto p-6"[39m
      [33mdata-testid[39m=[32m"setupwizard-container"[39m
    [36m>[39m
      [0m [0m
      [36m<div[39m
        [33mclass[39m=[32m"mb-8"[39m
      [36m>[39m
        [36m<div[39m
          [33mclass[39m=[32m"flex justify-between items-center mb-2"[39m
        [36m>[39m
          [36m<span[39m
            [33mclass[39m=[32m"text-sm text-gray-600"[39m
            [33mdata-testid[39m=[32m"setupwizard-step-counter"[39m
          [36m>[39m
            [0mStep [0m
            [0m2[0m
            [0m of [0m
            [0m4[0m
          [36m</span>[39m
          [36m<span[39m
            [33mclass[39m=[32m"text-sm text-gray-600"[39m
            [33mdata-testid[39m=[32m"setupwizard-progress-percent"[39m
          [36m>[39m
            [0m50[0m
            [0m%[0m
          [36m</span>[39m
        [36m</div>[39m
        [36m<div[39m
          [33mclass[39m=[32m"w-full bg-gray-200 rounded-full h-2"[39m
        [36m>[39m
          [36m<div[39m
            [33maria-valuemax[39m=[32m"4"[39m
            [33maria-valuemin[39m=[32m"0"[39m
            [33maria-valuenow[39m=[32m"2"[39m
            [33mclass[39m=[32m"bg-blue-600 h-2 rounded-full transition-all duration-300"[39m
            [33mdata-testid[39m=[32m"setupwizard-progressbar"[39m
            [33mrole[39m=[32m"progressbar"[39m
            [33mstyle[39m=[32m"width: 50%;"[39m
          [36m/>[39m
        [36m</div>[39m
      [36m</div>[39m
      [36m<div[39m
        [33mclass[39m=[32m"bg-white rounded-lg shadow-md p-6"[39m
      [36m>[39m
        [36m<h2[39m
          [33mclass[39m=[32m"text-2xl font-bold text-gray-900 mb-2"[39m
          [33mdata-testid[39m=[32m"setupwizard-step-title"[39m
        [36m>[39m
          [0mAI Provider Configuration[0m
        [36m</h2>[39m
        [36m<p[39m
          [33mclass[39m=[32m"text-gray-600 mb-6"[39m
        [36m>[39m
          [0mConfigure your AI provider settings[0m
        [36m</p>[39m
        [36m<div[39m
          [33mclass[39m=[32m"space-y-6"[39m
          [33mdata-testid[39m=[32m"setupwizard-apikeys-content"[39m
        [36m>[39m
          [36m<div>[39m
            [36m<label[39m
              [33mclass[39m=[32m"block text-sm font-medium text-gray-700 mb-2"[39m
              [33mfor[39m=[32m"anthropicApiKey"[39m
            [36m>[39m
              [0mAnthropic API Key *[0m
            [36m</label>[39m
            [36m<div[39m
              [33mclass[39m=[32m"flex space-x-2"[39m
            [36m>[39m
              [36m<input[39m
                [33mclass[39m=[32m"flex-1 px-3 py-2 border rounded-md focus:outline-none focus:ring-2 focus:ring-blue-500 border-gray-300"[39m
                [33mdata-testid[39m=[32m"setupwizard-anthropic-api-key"[39m
                [33mid[39m=[32m"anthropicApiKey"[39m
                [33mplaceholder[39m=[32m"sk-ant-..."[39m
                [33mtabindex[39m=[32m"0"[39m
                [33mtype[39m=[32m"password"[39m
                [33mvalue[39m=[32m""[39m
              [36m/>[39m
              [36m<button[39m
                [33mclass[39m=[32m"px-3 py-2 bg-blue-600 text-white rounded-md hover:bg-blue-700 disabled:bg-gray-400"[39m
                [33mdisabled[39m=[32m""[39m
                [33mtype[39m=[32m"button"[39m
              [36m>[39m
                [0mTest Anthropic Key[0m
              [36m</button>[39m
            [36m</div>[39m
          [36m</div>[39m
          [36m<div>[39m
            [36m<label[39m
              [33mclass[39m=[32m"block text-sm font-medium text-gray-700 mb-2"[39m
              [33mfor[39m=[32m"openaiApiKey"[39m
            [36m>[39m
              [0mOpenAI API Key (Optional)[0m
            [36m</label>[39m
            [36m<div[39m
              [33mclass[39m=[32m"flex space-x-2"[39m
            [36m>[39m
              [36m<input[39m
                [33mclass[39m=[32m"flex-1 px-3 py-2 border rounded-md focus:outline-none focus:ring-2 focus:ring-blue-500 border-gray-300"[39m
                [33mid[39m=[32m"openaiApiKey"[39m
                [33mplaceholder[39m=[32m"sk-..."[39m
                [33mtabindex[39m=[32m"0"[39m
                [33mtype[39m=[32m"password"[39m
                [33mvalue[39m=[32m""[39m
              [36m/>[39m
              [36m<button[39m
                [33mclass[39m=[32m"px-3 py-2 bg-blue-600 text-white rounded-md hover:bg-blue-700 disabled:bg-gray-400"[39m
                [33mdisabled[39m=[32m""[39m
                [33mtype[39m=[32m"button"[39m
              [36m>[39m
                [0mTest OpenAI Key[0m
              [36m</button>[39m
            [36m</div>[39m
          [36m</div>[39m
          [36m<div>[39m
            [36m<label[39m
              [33mclass[39m=[32m"block text-sm font-medium text-gray-700 mb-2"[39m
              [33mfor[39m=[32m"monthlyBudget"[39m
            [36m>[39m
              [0mMonthly Budget ($) *[0m
            [36m</label>[39m
            [36m<input[39m
              [33mclass[39m=[32m"w-full px-3 py-2 border rounded-md focus:outline-none focus:ring-2 focus:ring-blue-500 border-gray-300"[39m
              [33mid[39m=[32m"monthlyBudget"[39m
              [33mmin[39m=[32m"0"[39m
              [33mstep[39m=[32m"0.01"[39m
              [33mtabindex[39m=[32m"0"[39m
              [33mtype[39m=[32m"number"[39m
              [33mvalue[39m=[32m"100"[39m
            [36m/>[39m
          [36m</div>[39m
          [36m<div>[39m
            [36m<label[39m
              [33mclass[39m=[32m"block text-sm font-medium text-gray-700 mb-2"[39m
              [33mfor[39m=[32m"preferredProvider"[39m
            [36m>[39m
              [0mPreferred Provider[0m
            [36m</label>[39m
            [36m<select[39m
              [33mclass[39m=[32m"w-full px-3 py-2 border border-gray-300 rounded-md focus:outline-none focus:ring-2 focus:ring-blue-500"[39m
              [33mid[39m=[32m"preferredProvider"[39m
              [33mtabindex[39m=[32m"0"[39m
            [36m>[39m
              [36m<option[39m
                [33mvalue[39m=[32m"auto"[39m
              [36m>[39m
                [0mAuto[0m
              [36m</option>[39m
              [36m<option[39m
                [33mvalue[39m=[32m"anthropic"[39m
              [36m>[39m
                [0mAnthropic[0m
              [36m</option>[39m
              [36m<option[39m
                [33mvalue[39m=[32m"openai"[39m
              [36m>[39m
                [0mOpenAI[0m
              [36m</option>[39m
            [36m</select>[39m
          [36m</div>[39m
        [36m</div>[39m
        [36m<div[39m
          [33mclass[39m=[32m"flex justify-between mt-8"[39m
          [33mdata-testid[39m=[32m"setupwizard-nav-buttons"[39m
        [36m>[39m
          [36m<button[39m
            [33mclass[39m=[32m"px-4 py-2 text-gray-600 bg-gray-200 rounded-md hover:bg-gray-300 disabled:bg-gray-100 disabled:text-gray-400"[39m
            [33mdata-testid[39m=[32m"setupwizard-back-btn"[39m
            [33mtabindex[39m=[32m"0"[39m
          [36m>[39m
            [0mBack[0m
          [36m</button>[39m
          [36m<button[39m
            [33mclass[39m=[32m"px-6 py-2 bg-blue-600 text-white rounded-md hover:bg-blue-700 disabled:bg-gray-400"[39m
            [33mdata-testid[39m=[32m"setupwizard-continue-btn"[39m
            [33mdisabled[39m=[32m""[39m
            [33mtabindex[39m=[32m"0"[39m
          [36m>[39m
            [0mContinue[0m
          [36m</button>[39m
        [36m</div>[39m
      [36m</div>[39m
    [36m</div>[39m
  [36m</div>[39m
  [36m<div>[39m
    [36m<div[39m
      [33mclass[39m=[32m"max-w-2xl mx-auto p-6"[39m
      [33mdata-testid[39m=[32m"setupwizard-container"[39m
    [36m>[39m
      [0m [0m
      [36m<div[39m
        [33mclass[39m=[32m"mb-8"[39m
      [36m>[39m
        [36m<div[39m
          [33mclass[39m=[32m"flex justify-between items-center mb-2"[39m
        [36m>[39m
          [36m<span[39m
            [33mclass[39m=[32m"text-sm text-gray-600"[39m
            [33mdata-testid[39m=[32m"setupwizard-step-counter"[39m
          [36m>[39m
            [0mStep [0m
            [0m1[0m
            [0m of [0m
            [0m4[0m
          [36m</span>[39m
          [36m<span[39m
            [33mclass[39m=[32m"text-sm text-gray-600"[39m
            [33mdata-testid[39m=[32m"setupwizard-progress-percent"[39m
          [36m>[39m
            [0m25[0m
            [0m%[0m
          [36m</span>[39m
        [36m</div>[39m
        [36m<div[39m
          [33mclass[39m=[32m"w-full bg-gray-200 rounded-full h-2"[39m
        [36m>[39m
          [36m<div[39m
            [33maria-valuemax[39m=[32m"4"[39m
            [33maria-valuemin[39m=[32m"0"[39m
            [33maria-valuenow[39m=[32m"1"[39m
            [33mclass[39m=[32m"bg-blue-600 h-2 rounded-full transition-all duration-300"[39m
            [33mdata-testid[39m=[32m"setupwizard-progressbar"[39m
            [33mrole[39m=[32m"progressbar"[39m
            [33mstyle[39m=[32m"width: 25%;"[39m
          [36m/>[39m
        [36m</div>[39m
      [36m</div>[39m
      [36m<div[39m
        [33mclass[39m=[32m"bg-white rounded-lg shadow-md p-6"[39m
      [36m>[39m
        [36m<h2[39m
          [33mclass[39m=[32m"text-2xl font-bold text-gray-900 mb-2"[39m
          [33mdata-testid[39m=[32m"setupwizard-step-title"[39m
        [36m>[39m
          [0mWelcome to Academic Workflow Assistant[0m
        [36m</h2>[39m
        [36m<p[39m
          [33mclass[39m=[32m"text-gray-600 mb-6"[39m
        [36m>[39m
          [0mLet's get you set up with your AI-powered research assistant[0m
        [36m</p>[39m
        [36m<div[39m
          [33mclass[39m=[32m"space-y-4"[39m
          [33mdata-testid[39m=[32m"setupwizard-welcome-content"[39m
        [36m>[39m
          [36m<p[39m
            [33mclass[39m=[32m"text-gray-700"[39m
          [36m>[39m
            [0mThis wizard will help you configure your Academic Workflow Assistant with:[0m
          [36m</p>[39m
          [36m<ul[39m
            [33mclass[39m=[32m"list-disc list-inside text-gray-700 space-y-2"[39m
          [36m>[39m
            [36m<li>[39m
              [0mAI provider settings (API keys and preferences)[0m
            [36m</li>[39m
            [36m<li>[39m
              [0mAcademic preferences (citation style, language)[0m
            [36m</li>[39m
            [36m<li>[39m
              [0mUI preferences (theme, accessibility)[0m
            [36m</li>[39m
          [36m</ul>[39m
          [36m<p[39m
            [33mclass[39m=[32m"text-gray-700"[39m
          [36m>[39m
            [0mLet's get started![0m
          [36m</p>[39m
        [36m</div>[39m
        [36m<div[39m
          [33mclass[39m=[32m"flex justify-between mt-8"[39m
          [33mdata-testid[39m=[32m"setupwizard-nav-buttons"[39m
        [36m>[39m
          [36m<button[39m
            [33mclass[39m=[32m"px-4 py-2 text-gray-600 bg-gray-200 rounded-md hover:bg-gray-300 disabled:bg-gray-100 disabled:text-gray-400"[39m
            [33mdata-testid[39m=[32m"setupwizard-back-btn"[39m
            [33mdisabled[39m=[32m""[39m
            [33mtabindex[39m=[32m"0"[39m
          [36m>[39m
            [0mBack[0m
          [36m</button>[39m
          [36m<button[39m
            [33mclass[39m=[32m"px-6 py-2 bg-blue-600 text-white rounded-md hover:bg-blue-700 disabled:bg-gray-400"[39m
            [33mdata-testid[39m=[32m"setupwizard-continue-btn"[39m
            [33mtabindex[39m=[32m"0"[39m
          [36m>[39m
            [0mContinue[0m
          [36m</button>[39m
        [36m</div>[39m
      [36m</div>[39m
    [36m</div>[39m
  [36m</div>[39m
[36m</body>[39m
   × SetupWizard Edge Cases (TDD RED Phase) > should handle rapid navigation between steps (simulate fast user) 1010ms
     → Found multiple elements with the text: (content, node) => !!node && !!node.textContent && node.textContent.includes("Welcome to Academic Workflow Assistant")

Here are the matching elements:

Ignored nodes: comments, script, style
[36m<body>[39m
  [36m<div>[39m
    [36m<div[39m
      [33mclass[39m=[32m"max-w-2xl mx-auto p-6"[39m
      [33mdata-testid[39m=[32m"setupwizard-container"[39m
    [36m>[39m
      [0m [0m
      [36m<div[39m
        [33mclass[39m=[32m"mb-8"[39m
      [36m>[39m
        [36m<div[39m
          [33mclass[39m=[32m"flex justify-between items-center mb-2"[39m
        [36m>[39m
          [36m<span[39m
            [33mclass[39m=[32m"text-sm text-gray-600"[39m
            [33mdata-testid[39m=[32m"setupwizard-step-counter"[39m
          [36m>[39m
            [0mStep [0m
            [0m1[0m
            [0m of [0m
            [0m4[0m
          [36m</span>[39m
          [36m<span[39m
            [33mclass[39m=[32m"text-sm text-gray-600"[39m
            [33mdata-testid[39m=[32m"setupwizard-progress-percent"[39m
          [36m>[39m
            [0m25[0m
            [0m%[0m
          [36m</span>[39m
        [36m</div>[39m
        [36m<div[39m
          [33mclass[39m=[32m"w-full bg-gray-200 rounded-full h-2"[39m
        [36m>[39m
          [36m<div[39m
            [33maria-valuemax[39m=[32m"4"[39m
            [33maria-valuemin[39m=[32m"0"[39m
            [33maria-valuenow[39m=[32m"1"[39m
            [33mclass[39m=[32m"bg-blue-600 h-2 rounded-full transition-all duration-300"[39m
            [33mdata-testid[39m=[32m"setupwizard-progressbar"[39m
            [33mrole[39m=[32m"progressbar"[39m
            [33mstyle[39m=[32m"width: 25%;"[39m
          [36m/>[39m
        [36m</div>[39m
      [36m</div>[39m
      [36m<div[39m
        [33mclass[39m=[32m"bg-white rounded-lg shadow-md p-6"[39m
      [36m>[39m
        [36m<h2[39m
          [33mclass[39m=[32m"text-2xl font-bold text-gray-900 mb-2"[39m
          [33mdata-testid[39m=[32m"setupwizard-step-title"[39m
        [36m>[39m
          [0mWelcome to Academic Workflow Assistant[0m
        [36m</h2>[39m
        [36m<p[39m
          [33mclass[39m=[32m"text-gray-600 mb-6"[39m
        [36m>[39m
          [0mLet's get you set up with your AI-powered research assistant[0m
        [36m</p>[39m
        [36m<div[39m
          [33mclass[39m=[32m"space-y-4"[39m
          [33mdata-testid[39m=[32m"setupwizard-welcome-content"[39m
        [36m>[39m
          [36m<p[39m
            [33mclass[39m=[32m"text-gray-700"[39m
          [36m>[39m
            [0mThis wizard will help you configure your Academic Workflow Assistant with:[0m
          [36m</p>[39m
          [36m<ul[39m
            [33mclass[39m=[32m"list-disc list-inside text-gray-700 space-y-2"[39m
          [36m>[39m
            [36m<li>[39m
              [0mAI provider settings (API keys and preferences)[0m
            [36m</li>[39m
            [36m<li>[39m
              [0mAcademic preferences (citation style, language)[0m
            [36m</li>[39m
            [36m<li>[39m
              [0mUI preferences (theme, accessibility)[0m
            [36m</li>[39m
          [36m</ul>[39m
          [36m<p[39m
            [33mclass[39m=[32m"text-gray-700"[39m
          [36m>[39m
            [0mLet's get started![0m
          [36m</p>[39m
        [36m</div>[39m
        [36m<div[39m
          [33mclass[39m=[32m"flex justify-between mt-8"[39m
          [33mdata-testid[39m=[32m"setupwizard-nav-buttons"[39m
        [36m>[39m
          [36m<button[39m
            [33mclass[39m=[32m"px-4 py-2 text-gray-600 bg-gray-200 rounded-md hover:bg-gray-300 disabled:bg-gray-100 disabled:text-gray-400"[39m
            [33mdata-testid[39m=[32m"setupwizard-back-btn"[39m
            [33mdisabled[39m=[32m""[39m
            [33mtabindex[39m=[32m"0"[39m
          [36m>[39m
            [0mBack[0m
          [36m</button>[39m
          [36m<button[39m
            [33mclass[39m=[32m"px-6 py-2 bg-blue-600 text-white rounded-md hover:bg-blue-700 disabled:bg-gray-400"[39m
            [33mdata-testid[39m=[32m"setupwizard-continue-btn"[39m
            [33mtabindex[39m=[32m"0"[39m
          [36m>[39m
            [0mContinue[0m
          [36m</button>[39m
        [36m</div>[39m
      [36m</div>[39m
    [36m</div>[39m
  [36m</div>[39m
  [36m<div>[39m
    [36m<div[39m
      [33mclass[39m=[32m"max-w-2xl mx-auto p-6"[39m
      [33mdata-testid[39m=[32m"setupwizard-container"[39m
    [36m>[39m
      [0m [0m
      [36m<div[39m
        [33mclass[39m=[32m"mb-8"[39m
      [36m>[39m
        [36m<div[39m
          [33mclass[39m=[32m"flex justify-between items-center mb-2"[39m
        [36m>[39m
          [36m<span[39m
            [33mclass[39m=[32m"text-sm text-gray-600"[39m
            [33mdata-testid[39m=[32m"setupwizard-step-counter"[39m
          [36m>[39m
            [0mStep [0m
            [0m2[0m
            [0m of [0m
            [0m4[0m
          [36m</span>[39m
          [36m<span[39m
            [33mclass[39m=[32m"text-sm text-gray-600"[39m
            [33mdata-testid[39m=[32m"setupwizard-progress-percent"[39m
          [36m>[39m
            [0m50[0m
            [0m%[0m
          [36m</span>[39m
        [36m</div>[39m
        [36m<div[39m
          [33mclass[39m=[32m"w-full bg-gray-200 rounded-full h-2"[39m
        [36m>[39m
          [36m<div[39m
            [33maria-valuemax[39m=[32m"4"[39m
            [33maria-valuemin[39m=[32m"0"[39m
            [33maria-valuenow[39m=[32m"2"[39m
            [33mclass[39m=[32m"bg-blue-600 h-2 rounded-full transition-all duration-300"[39m
            [33mdata-testid[39m=[32m"setupwizard-progressbar"[39m
            [33mrole[39m=[32m"progressbar"[39m
            [33mstyle[39m=[32m"width: 50%;"[39m
          [36m/>[39m
        [36m</div>[39m
      [36m</div>[39m
      [36m<div[39m
        [33mclass[39m=[32m"bg-white rounded-lg shadow-md p-6"[39m
      [36m>[39m
        [36m<h2[39m
          [33mclass[39m=[32m"text-2xl font-bold text-gray-900 mb-2"[39m
          [33mdata-testid[39m=[32m"setupwizard-step-title"[39m
        [36m>[39m
          [0mAI Provider Configuration[0m
        [36m</h2>[39m
        [36m<p[39m
          [33mclass[39m=[32m"text-gray-600 mb-6"[39m
        [36m>[39m
          [0mConfigure your AI provider settings[0m
        [36m</p>[39m
        [36m<div[39m
          [33mclass[39m=[32m"space-y-6"[39m
          [33mdata-testid[39m=[32m"setupwizard-apikeys-content"[39m
        [36m>[39m
          [36m<div>[39m
            [36m<label[39m
              [33mclass[39m=[32m"block text-sm font-medium text-gray-700 mb-2"[39m
              [33mfor[39m=[32m"anthropicApiKey"[39m
            [36m>[39m
              [0mAnthropic API Key *[0m
            [36m</label>[39m
            [36m<div[39m
              [33mclass[39m=[32m"flex space-x-2"[39m
 ...

Ignored nodes: comments, script, style
[36m<div>[39m
  [36m<div[39m
    [33mclass[39m=[32m"max-w-2xl mx-auto p-6"[39m
    [33mdata-testid[39m=[32m"setupwizard-container"[39m
  [36m>[39m
    [0m [0m
    [36m<div[39m
      [33mclass[39m=[32m"mb-8"[39m
    [36m>[39m
      [36m<div[39m
        [33mclass[39m=[32m"flex justify-between items-center mb-2"[39m
      [36m>[39m
        [36m<span[39m
          [33mclass[39m=[32m"text-sm text-gray-600"[39m
          [33mdata-testid[39m=[32m"setupwizard-step-counter"[39m
        [36m>[39m
          [0mStep [0m
          [0m1[0m
          [0m of [0m
          [0m4[0m
        [36m</span>[39m
        [36m<span[39m
          [33mclass[39m=[32m"text-sm text-gray-600"[39m
          [33mdata-testid[39m=[32m"setupwizard-progress-percent"[39m
        [36m>[39m
          [0m25[0m
          [0m%[0m
        [36m</span>[39m
      [36m</div>[39m
      [36m<div[39m
        [33mclass[39m=[32m"w-full bg-gray-200 rounded-full h-2"[39m
      [36m>[39m
        [36m<div[39m
          [33maria-valuemax[39m=[32m"4"[39m
          [33maria-valuemin[39m=[32m"0"[39m
          [33maria-valuenow[39m=[32m"1"[39m
          [33mclass[39m=[32m"bg-blue-600 h-2 rounded-full transition-all duration-300"[39m
          [33mdata-testid[39m=[32m"setupwizard-progressbar"[39m
          [33mrole[39m=[32m"progressbar"[39m
          [33mstyle[39m=[32m"width: 25%;"[39m
        [36m/>[39m
      [36m</div>[39m
    [36m</div>[39m
    [36m<div[39m
      [33mclass[39m=[32m"bg-white rounded-lg shadow-md p-6"[39m
    [36m>[39m
      [36m<h2[39m
        [33mclass[39m=[32m"text-2xl font-bold text-gray-900 mb-2"[39m
        [33mdata-testid[39m=[32m"setupwizard-step-title"[39m
      [36m>[39m
        [0mWelcome to Academic Workflow Assistant[0m
      [36m</h2>[39m
      [36m<p[39m
        [33mclass[39m=[32m"text-gray-600 mb-6"[39m
      [36m>[39m
        [0mLet's get you set up with your AI-powered research assistant[0m
      [36m</p>[39m
      [36m<div[39m
        [33mclass[39m=[32m"space-y-4"[39m
        [33mdata-testid[39m=[32m"setupwizard-welcome-content"[39m
      [36m>[39m
        [36m<p[39m
          [33mclass[39m=[32m"text-gray-700"[39m
        [36m>[39m
          [0mThis wizard will help you configure your Academic Workflow Assistant with:[0m
        [36m</p>[39m
        [36m<ul[39m
          [33mclass[39m=[32m"list-disc list-inside text-gray-700 space-y-2"[39m
        [36m>[39m
          [36m<li>[39m
            [0mAI provider settings (API keys and preferences)[0m
          [36m</li>[39m
          [36m<li>[39m
            [0mAcademic preferences (citation style, language)[0m
          [36m</li>[39m
          [36m<li>[39m
            [0mUI preferences (theme, accessibility)[0m
          [36m</li>[39m
        [36m</ul>[39m
        [36m<p[39m
          [33mclass[39m=[32m"text-gray-700"[39m
        [36m>[39m
          [0mLet's get started![0m
        [36m</p>[39m
      [36m</div>[39m
      [36m<div[39m
        [33mclass[39m=[32m"flex justify-between mt-8"[39m
        [33mdata-testid[39m=[32m"setupwizard-nav-buttons"[39m
      [36m>[39m
        [36m<button[39m
          [33mclass[39m=[32m"px-4 py-2 text-gray-600 bg-gray-200 rounded-md hover:bg-gray-300 disabled:bg-gray-100 disabled:text-gray-400"[39m
          [33mdata-testid[39m=[32m"setupwizard-back-btn"[39m
          [33mdisabled[39m=[32m""[39m
          [33mtabindex[39m=[32m"0"[39m
        [36m>[39m
          [0mBack[0m
        [36m</button>[39m
        [36m<button[39m
          [33mclass[39m=[32m"px-6 py-2 bg-blue-600 text-white rounded-md hover:bg-blue-700 disabled:bg-gray-400"[39m
          [33mdata-testid[39m=[32m"setupwizard-continue-btn"[39m
          [33mtabindex[39m=[32m"0"[39m
        [36m>[39m
          [0mContinue[0m
        [36m</button>[39m
      [36m</div>[39m
    [36m</div>[39m
  [36m</div>[39m
[36m</div>[39m

Ignored nodes: comments, script, style
[36m<div[39m
  [33mclass[39m=[32m"max-w-2xl mx-auto p-6"[39m
  [33mdata-testid[39m=[32m"setupwizard-container"[39m
[36m>[39m
  [0m [0m
  [36m<div[39m
    [33mclass[39m=[32m"mb-8"[39m
  [36m>[39m
    [36m<div[39m
      [33mclass[39m=[32m"flex justify-between items-center mb-2"[39m
    [36m>[39m
      [36m<span[39m
        [33mclass[39m=[32m"text-sm text-gray-600"[39m
        [33mdata-testid[39m=[32m"setupwizard-step-counter"[39m
      [36m>[39m
        [0mStep [0m
        [0m1[0m
        [0m of [0m
        [0m4[0m
      [36m</span>[39m
      [36m<span[39m
        [33mclass[39m=[32m"text-sm text-gray-600"[39m
        [33mdata-testid[39m=[32m"setupwizard-progress-percent"[39m
      [36m>[39m
        [0m25[0m
        [0m%[0m
      [36m</span>[39m
    [36m</div>[39m
    [36m<div[39m
      [33mclass[39m=[32m"w-full bg-gray-200 rounded-full h-2"[39m
    [36m>[39m
      [36m<div[39m
        [33maria-valuemax[39m=[32m"4"[39m
        [33maria-valuemin[39m=[32m"0"[39m
        [33maria-valuenow[39m=[32m"1"[39m
        [33mclass[39m=[32m"bg-blue-600 h-2 rounded-full transition-all duration-300"[39m
        [33mdata-testid[39m=[32m"setupwizard-progressbar"[39m
        [33mrole[39m=[32m"progressbar"[39m
        [33mstyle[39m=[32m"width: 25%;"[39m
      [36m/>[39m
    [36m</div>[39m
  [36m</div>[39m
  [36m<div[39m
    [33mclass[39m=[32m"bg-white rounded-lg shadow-md p-6"[39m
  [36m>[39m
    [36m<h2[39m
      [33mclass[39m=[32m"text-2xl font-bold text-gray-900 mb-2"[39m
      [33mdata-testid[39m=[32m"setupwizard-step-title"[39m
    [36m>[39m
      [0mWelcome to Academic Workflow Assistant[0m
    [36m</h2>[39m
    [36m<p[39m
      [33mclass[39m=[32m"text-gray-600 mb-6"[39m
    [36m>[39m
      [0mLet's get you set up with your AI-powered research assistant[0m
    [36m</p>[39m
    [36m<div[39m
      [33mclass[39m=[32m"space-y-4"[39m
      [33mdata-testid[39m=[32m"setupwizard-welcome-content"[39m
    [36m>[39m
      [36m<p[39m
        [33mclass[39m=[32m"text-gray-700"[39m
      [36m>[39m
        [0mThis wizard will help you configure your Academic Workflow Assistant with:[0m
      [36m</p>[39m
      [36m<ul[39m
        [33mclass[39m=[32m"list-disc list-inside text-gray-700 space-y-2"[39m
      [36m>[39m
        [36m<li>[39m
          [0mAI provider settings (API keys and preferences)[0m
        [36m</li>[39m
        [36m<li>[39m
          [0mAcademic preferences (citation style, language)[0m
        [36m</li>[39m
        [36m<li>[39m
          [0mUI preferences (theme, accessibility)[0m
        [36m</li>[39m
      [36m</ul>[39m
      [36m<p[39m
        [33mclass[39m=[32m"text-gray-700"[39m
      [36m>[39m
        [0mLet's get started![0m
      [36m</p>[39m
    [36m</div>[39m
    [36m<div[39m
      [33mclass[39m=[32m"flex justify-between mt-8"[39m
      [33mdata-testid[39m=[32m"setupwizard-nav-buttons"[39m
    [36m>[39m
      [36m<button[39m
        [33mclass[39m=[32m"px-4 py-2 text-gray-600 bg-gray-200 rounded-md hover:bg-gray-300 disabled:bg-gray-100 disabled:text-gray-400"[39m
        [33mdata-testid[39m=[32m"setupwizard-back-btn"[39m
        [33mdisabled[39m=[32m""[39m
        [33mtabindex[39m=[32m"0"[39m
      [36m>[39m
        [0mBack[0m
      [36m</button>[39m
      [36m<button[39m
        [33mclass[39m=[32m"px-6 py-2 bg-blue-600 text-white rounded-md hover:bg-blue-700 disabled:bg-gray-400"[39m
        [33mdata-testid[39m=[32m"setupwizard-continue-btn"[39m
        [33mtabindex[39m=[32m"0"[39m
      [36m>[39m
        [0mContinue[0m
      [36m</button>[39m
    [36m</div>[39m
  [36m</div>[39m
[36m</div>[39m

Ignored nodes: comments, script, style
[36m<div[39m
  [33mclass[39m=[32m"bg-white rounded-lg shadow-md p-6"[39m
[36m>[39m
  [36m<h2[39m
    [33mclass[39m=[32m"text-2xl font-bold text-gray-900 mb-2"[39m
    [33mdata-testid[39m=[32m"setupwizard-step-title"[39m
  [36m>[39m
    [0mWelcome to Academic Workflow Assistant[0m
  [36m</h2>[39m
  [36m<p[39m
    [33mclass[39m=[32m"text-gray-600 mb-6"[39m
  [36m>[39m
    [0mLet's get you set up with your AI-powered research assistant[0m
  [36m</p>[39m
  [36m<div[39m
    [33mclass[39m=[32m"space-y-4"[39m
    [33mdata-testid[39m=[32m"setupwizard-welcome-content"[39m
  [36m>[39m
    [36m<p[39m
      [33mclass[39m=[32m"text-gray-700"[39m
    [36m>[39m
      [0mThis wizard will help you configure your Academic Workflow Assistant with:[0m
    [36m</p>[39m
    [36m<ul[39m
      [33mclass[39m=[32m"list-disc list-inside text-gray-700 space-y-2"[39m
    [36m>[39m
      [36m<li>[39m
        [0mAI provider settings (API keys and preferences)[0m
      [36m</li>[39m
      [36m<li>[39m
        [0mAcademic preferences (citation style, language)[0m
      [36m</li>[39m
      [36m<li>[39m
        [0mUI preferences (theme, accessibility)[0m
      [36m</li>[39m
    [36m</ul>[39m
    [36m<p[39m
      [33mclass[39m=[32m"text-gray-700"[39m
    [36m>[39m
      [0mLet's get started![0m
    [36m</p>[39m
  [36m</div>[39m
  [36m<div[39m
    [33mclass[39m=[32m"flex justify-between mt-8"[39m
    [33mdata-testid[39m=[32m"setupwizard-nav-buttons"[39m
  [36m>[39m
    [36m<button[39m
      [33mclass[39m=[32m"px-4 py-2 text-gray-600 bg-gray-200 rounded-md hover:bg-gray-300 disabled:bg-gray-100 disabled:text-gray-400"[39m
      [33mdata-testid[39m=[32m"setupwizard-back-btn"[39m
      [33mdisabled[39m=[32m""[39m
      [33mtabindex[39m=[32m"0"[39m
    [36m>[39m
      [0mBack[0m
    [36m</button>[39m
    [36m<button[39m
      [33mclass[39m=[32m"px-6 py-2 bg-blue-600 text-white rounded-md hover:bg-blue-700 disabled:bg-gray-400"[39m
      [33mdata-testid[39m=[32m"setupwizard-continue-btn"[39m
      [33mtabindex[39m=[32m"0"[39m
    [36m>[39m
      [0mContinue[0m
    [36m</button>[39m
  [36m</div>[39m
[36m</div>[39m

Ignored nodes: comments, script, style
[36m<h2[39m
  [33mclass[39m=[32m"text-2xl font-bold text-gray-900 mb-2"[39m
  [33mdata-testid[39m=[32m"setupwizard-step-title"[39m
[36m>[39m
  [0mWelcome to Academic Workflow Assistant[0m
[36m</h2>[39m

Ignored nodes: comments, script, style
[36m<div>[39m
  [36m<div[39m
    [33mclass[39m=[32m"max-w-2xl mx-auto p-6"[39m
    [33mdata-testid[39m=[32m"setupwizard-container"[39m
  [36m>[39m
    [0m [0m
    [36m<div[39m
      [33mclass[39m=[32m"mb-8"[39m
    [36m>[39m
      [36m<div[39m
        [33mclass[39m=[32m"flex justify-between items-center mb-2"[39m
      [36m>[39m
        [36m<span[39m
          [33mclass[39m=[32m"text-sm text-gray-600"[39m
          [33mdata-testid[39m=[32m"setupwizard-step-counter"[39m
        [36m>[39m
          [0mStep [0m
          [0m1[0m
          [0m of [0m
          [0m4[0m
        [36m</span>[39m
        [36m<span[39m
          [33mclass[39m=[32m"text-sm text-gray-600"[39m
          [33mdata-testid[39m=[32m"setupwizard-progress-percent"[39m
        [36m>[39m
          [0m25[0m
          [0m%[0m
        [36m</span>[39m
      [36m</div>[39m
      [36m<div[39m
        [33mclass[39m=[32m"w-full bg-gray-200 rounded-full h-2"[39m
      [36m>[39m
        [36m<div[39m
          [33maria-valuemax[39m=[32m"4"[39m
          [33maria-valuemin[39m=[32m"0"[39m
          [33maria-valuenow[39m=[32m"1"[39m
          [33mclass[39m=[32m"bg-blue-600 h-2 rounded-full transition-all duration-300"[39m
          [33mdata-testid[39m=[32m"setupwizard-progressbar"[39m
          [33mrole[39m=[32m"progressbar"[39m
          [33mstyle[39m=[32m"width: 25%;"[39m
        [36m/>[39m
      [36m</div>[39m
    [36m</div>[39m
    [36m<div[39m
      [33mclass[39m=[32m"bg-white rounded-lg shadow-md p-6"[39m
    [36m>[39m
      [36m<h2[39m
        [33mclass[39m=[32m"text-2xl font-bold text-gray-900 mb-2"[39m
        [33mdata-testid[39m=[32m"setupwizard-step-title"[39m
      [36m>[39m
        [0mWelcome to Academic Workflow Assistant[0m
      [36m</h2>[39m
      [36m<p[39m
        [33mclass[39m=[32m"text-gray-600 mb-6"[39m
      [36m>[39m
        [0mLet's get you set up with your AI-powered research assistant[0m
      [36m</p>[39m
      [36m<div[39m
        [33mclass[39m=[32m"space-y-4"[39m
        [33mdata-testid[39m=[32m"setupwizard-welcome-content"[39m
      [36m>[39m
        [36m<p[39m
          [33mclass[39m=[32m"text-gray-700"[39m
        [36m>[39m
          [0mThis wizard will help you configure your Academic Workflow Assistant with:[0m
        [36m</p>[39m
        [36m<ul[39m
          [33mclass[39m=[32m"list-disc list-inside text-gray-700 space-y-2"[39m
        [36m>[39m
          [36m<li>[39m
            [0mAI provider settings (API keys and preferences)[0m
          [36m</li>[39m
          [36m<li>[39m
            [0mAcademic preferences (citation style, language)[0m
          [36m</li>[39m
          [36m<li>[39m
            [0mUI preferences (theme, accessibility)[0m
          [36m</li>[39m
        [36m</ul>[39m
        [36m<p[39m
          [33mclass[39m=[32m"text-gray-700"[39m
        [36m>[39m
          [0mLet's get started![0m
        [36m</p>[39m
      [36m</div>[39m
      [36m<div[39m
        [33mclass[39m=[32m"flex justify-between mt-8"[39m
        [33mdata-testid[39m=[32m"setupwizard-nav-buttons"[39m
      [36m>[39m
        [36m<button[39m
          [33mclass[39m=[32m"px-4 py-2 text-gray-600 bg-gray-200 rounded-md hover:bg-gray-300 disabled:bg-gray-100 disabled:text-gray-400"[39m
          [33mdata-testid[39m=[32m"setupwizard-back-btn"[39m
          [33mdisabled[39m=[32m""[39m
          [33mtabindex[39m=[32m"0"[39m
        [36m>[39m
          [0mBack[0m
        [36m</button>[39m
        [36m<button[39m
          [33mclass[39m=[32m"px-6 py-2 bg-blue-600 text-white rounded-md hover:bg-blue-700 disabled:bg-gray-400"[39m
          [33mdata-testid[39m=[32m"setupwizard-continue-btn"[39m
          [33mtabindex[39m=[32m"0"[39m
        [36m>[39m
          [0mContinue[0m
        [36m</button>[39m
      [36m</div>[39m
    [36m</div>[39m
  [36m</div>[39m
[36m</div>[39m

Ignored nodes: comments, script, style
[36m<div[39m
  [33mclass[39m=[32m"max-w-2xl mx-auto p-6"[39m
  [33mdata-testid[39m=[32m"setupwizard-container"[39m
[36m>[39m
  [0m [0m
  [36m<div[39m
    [33mclass[39m=[32m"mb-8"[39m
  [36m>[39m
    [36m<div[39m
      [33mclass[39m=[32m"flex justify-between items-center mb-2"[39m
    [36m>[39m
      [36m<span[39m
        [33mclass[39m=[32m"text-sm text-gray-600"[39m
        [33mdata-testid[39m=[32m"setupwizard-step-counter"[39m
      [36m>[39m
        [0mStep [0m
        [0m1[0m
        [0m of [0m
        [0m4[0m
      [36m</span>[39m
      [36m<span[39m
        [33mclass[39m=[32m"text-sm text-gray-600"[39m
        [33mdata-testid[39m=[32m"setupwizard-progress-percent"[39m
      [36m>[39m
        [0m25[0m
        [0m%[0m
      [36m</span>[39m
    [36m</div>[39m
    [36m<div[39m
      [33mclass[39m=[32m"w-full bg-gray-200 rounded-full h-2"[39m
    [36m>[39m
      [36m<div[39m
        [33maria-valuemax[39m=[32m"4"[39m
        [33maria-valuemin[39m=[32m"0"[39m
        [33maria-valuenow[39m=[32m"1"[39m
        [33mclass[39m=[32m"bg-blue-600 h-2 rounded-full transition-all duration-300"[39m
        [33mdata-testid[39m=[32m"setupwizard-progressbar"[39m
        [33mrole[39m=[32m"progressbar"[39m
        [33mstyle[39m=[32m"width: 25%;"[39m
      [36m/>[39m
    [36m</div>[39m
  [36m</div>[39m
  [36m<div[39m
    [33mclass[39m=[32m"bg-white rounded-lg shadow-md p-6"[39m
  [36m>[39m
    [36m<h2[39m
      [33mclass[39m=[32m"text-2xl font-bold text-gray-900 mb-2"[39m
      [33mdata-testid[39m=[32m"setupwizard-step-title"[39m
    [36m>[39m
      [0mWelcome to Academic Workflow Assistant[0m
    [36m</h2>[39m
    [36m<p[39m
      [33mclass[39m=[32m"text-gray-600 mb-6"[39m
    [36m>[39m
      [0mLet's get you set up with your AI-powered research assistant[0m
    [36m</p>[39m
    [36m<div[39m
      [33mclass[39m=[32m"space-y-4"[39m
      [33mdata-testid[39m=[32m"setupwizard-welcome-content"[39m
    [36m>[39m
      [36m<p[39m
        [33mclass[39m=[32m"text-gray-700"[39m
      [36m>[39m
        [0mThis wizard will help you configure your Academic Workflow Assistant with:[0m
      [36m</p>[39m
      [36m<ul[39m
        [33mclass[39m=[32m"list-disc list-inside text-gray-700 space-y-2"[39m
      [36m>[39m
        [36m<li>[39m
          [0mAI provider settings (API keys and preferences)[0m
        [36m</li>[39m
        [36m<li>[39m
          [0mAcademic preferences (citation style, language)[0m
        [36m</li>[39m
        [36m<li>[39m
          [0mUI preferences (theme, accessibility)[0m
        [36m</li>[39m
      [36m</ul>[39m
      [36m<p[39m
        [33mclass[39m=[32m"text-gray-700"[39m
      [36m>[39m
        [0mLet's get started![0m
      [36m</p>[39m
    [36m</div>[39m
    [36m<div[39m
      [33mclass[39m=[32m"flex justify-between mt-8"[39m
      [33mdata-testid[39m=[32m"setupwizard-nav-buttons"[39m
    [36m>[39m
      [36m<button[39m
        [33mclass[39m=[32m"px-4 py-2 text-gray-600 bg-gray-200 rounded-md hover:bg-gray-300 disabled:bg-gray-100 disabled:text-gray-400"[39m
        [33mdata-testid[39m=[32m"setupwizard-back-btn"[39m
        [33mdisabled[39m=[32m""[39m
        [33mtabindex[39m=[32m"0"[39m
      [36m>[39m
        [0mBack[0m
      [36m</button>[39m
      [36m<button[39m
        [33mclass[39m=[32m"px-6 py-2 bg-blue-600 text-white rounded-md hover:bg-blue-700 disabled:bg-gray-400"[39m
        [33mdata-testid[39m=[32m"setupwizard-continue-btn"[39m
        [33mtabindex[39m=[32m"0"[39m
      [36m>[39m
        [0mContinue[0m
      [36m</button>[39m
    [36m</div>[39m
  [36m</div>[39m
[36m</div>[39m

Ignored nodes: comments, script, style
[36m<div[39m
  [33mclass[39m=[32m"bg-white rounded-lg shadow-md p-6"[39m
[36m>[39m
  [36m<h2[39m
    [33mclass[39m=[32m"text-2xl font-bold text-gray-900 mb-2"[39m
    [33mdata-testid[39m=[32m"setupwizard-step-title"[39m
  [36m>[39m
    [0mWelcome to Academic Workflow Assistant[0m
  [36m</h2>[39m
  [36m<p[39m
    [33mclass[39m=[32m"text-gray-600 mb-6"[39m
  [36m>[39m
    [0mLet's get you set up with your AI-powered research assistant[0m
  [36m</p>[39m
  [36m<div[39m
    [33mclass[39m=[32m"space-y-4"[39m
    [33mdata-testid[39m=[32m"setupwizard-welcome-content"[39m
  [36m>[39m
    [36m<p[39m
      [33mclass[39m=[32m"text-gray-700"[39m
    [36m>[39m
      [0mThis wizard will help you configure your Academic Workflow Assistant with:[0m
    [36m</p>[39m
    [36m<ul[39m
      [33mclass[39m=[32m"list-disc list-inside text-gray-700 space-y-2"[39m
    [36m>[39m
      [36m<li>[39m
        [0mAI provider settings (API keys and preferences)[0m
      [36m</li>[39m
      [36m<li>[39m
        [0mAcademic preferences (citation style, language)[0m
      [36m</li>[39m
      [36m<li>[39m
        [0mUI preferences (theme, accessibility)[0m
      [36m</li>[39m
    [36m</ul>[39m
    [36m<p[39m
      [33mclass[39m=[32m"text-gray-700"[39m
    [36m>[39m
      [0mLet's get started![0m
    [36m</p>[39m
  [36m</div>[39m
  [36m<div[39m
    [33mclass[39m=[32m"flex justify-between mt-8"[39m
    [33mdata-testid[39m=[32m"setupwizard-nav-buttons"[39m
  [36m>[39m
    [36m<button[39m
      [33mclass[39m=[32m"px-4 py-2 text-gray-600 bg-gray-200 rounded-md hover:bg-gray-300 disabled:bg-gray-100 disabled:text-gray-400"[39m
      [33mdata-testid[39m=[32m"setupwizard-back-btn"[39m
      [33mdisabled[39m=[32m""[39m
      [33mtabindex[39m=[32m"0"[39m
    [36m>[39m
      [0mBack[0m
    [36m</button>[39m
    [36m<button[39m
      [33mclass[39m=[32m"px-6 py-2 bg-blue-600 text-white rounded-md hover:bg-blue-700 disabled:bg-gray-400"[39m
      [33mdata-testid[39m=[32m"setupwizard-continue-btn"[39m
      [33mtabindex[39m=[32m"0"[39m
    [36m>[39m
      [0mContinue[0m
    [36m</button>[39m
  [36m</div>[39m
[36m</div>[39m

Ignored nodes: comments, script, style
[36m<h2[39m
  [33mclass[39m=[32m"text-2xl font-bold text-gray-900 mb-2"[39m
  [33mdata-testid[39m=[32m"setupwizard-step-title"[39m
[36m>[39m
  [0mWelcome to Academic Workflow Assistant[0m
[36m</h2>[39m

(If this is intentional, then use the `*AllBy*` variant of the query (like `queryAllByText`, `getAllByText`, or `findAllByText`)).

Ignored nodes: comments, script, style
[36m<body>[39m
  [36m<div>[39m
    [36m<div[39m
      [33mclass[39m=[32m"max-w-2xl mx-auto p-6"[39m
      [33mdata-testid[39m=[32m"setupwizard-container"[39m
    [36m>[39m
      [0m [0m
      [36m<div[39m
        [33mclass[39m=[32m"mb-8"[39m
      [36m>[39m
        [36m<div[39m
          [33mclass[39m=[32m"flex justify-between items-center mb-2"[39m
        [36m>[39m
          [36m<span[39m
            [33mclass[39m=[32m"text-sm text-gray-600"[39m
            [33mdata-testid[39m=[32m"setupwizard-step-counter"[39m
          [36m>[39m
            [0mStep [0m
            [0m1[0m
            [0m of [0m
            [0m4[0m
          [36m</span>[39m
          [36m<span[39m
            [33mclass[39m=[32m"text-sm text-gray-600"[39m
            [33mdata-testid[39m=[32m"setupwizard-progress-percent"[39m
          [36m>[39m
            [0m25[0m
            [0m%[0m
          [36m</span>[39m
        [36m</div>[39m
        [36m<div[39m
          [33mclass[39m=[32m"w-full bg-gray-200 rounded-full h-2"[39m
        [36m>[39m
          [36m<div[39m
            [33maria-valuemax[39m=[32m"4"[39m
            [33maria-valuemin[39m=[32m"0"[39m
            [33maria-valuenow[39m=[32m"1"[39m
            [33mclass[39m=[32m"bg-blue-600 h-2 rounded-full transition-all duration-300"[39m
            [33mdata-testid[39m=[32m"setupwizard-progressbar"[39m
            [33mrole[39m=[32m"progressbar"[39m
            [33mstyle[39m=[32m"width: 25%;"[39m
          [36m/>[39m
        [36m</div>[39m
      [36m</div>[39m
      [36m<div[39m
        [33mclass[39m=[32m"bg-white rounded-lg shadow-md p-6"[39m
      [36m>[39m
        [36m<h2[39m
          [33mclass[39m=[32m"text-2xl font-bold text-gray-900 mb-2"[39m
          [33mdata-testid[39m=[32m"setupwizard-step-title"[39m
        [36m>[39m
          [0mWelcome to Academic Workflow Assistant[0m
        [36m</h2>[39m
        [36m<p[39m
          [33mclass[39m=[32m"text-gray-600 mb-6"[39m
        [36m>[39m
          [0mLet's get you set up with your AI-powered research assistant[0m
        [36m</p>[39m
        [36m<div[39m
          [33mclass[39m=[32m"space-y-4"[39m
          [33mdata-testid[39m=[32m"setupwizard-welcome-content"[39m
        [36m>[39m
          [36m<p[39m
            [33mclass[39m=[32m"text-gray-700"[39m
          [36m>[39m
            [0mThis wizard will help you configure your Academic Workflow Assistant with:[0m
          [36m</p>[39m
          [36m<ul[39m
            [33mclass[39m=[32m"list-disc list-inside text-gray-700 space-y-2"[39m
          [36m>[39m
            [36m<li>[39m
              [0mAI provider settings (API keys and preferences)[0m
            [36m</li>[39m
            [36m<li>[39m
              [0mAcademic preferences (citation style, language)[0m
            [36m</li>[39m
            [36m<li>[39m
              [0mUI preferences (theme, accessibility)[0m
            [36m</li>[39m
          [36m</ul>[39m
          [36m<p[39m
            [33mclass[39m=[32m"text-gray-700"[39m
          [36m>[39m
            [0mLet's get started![0m
          [36m</p>[39m
        [36m</div>[39m
        [36m<div[39m
          [33mclass[39m=[32m"flex justify-between mt-8"[39m
          [33mdata-testid[39m=[32m"setupwizard-nav-buttons"[39m
        [36m>[39m
          [36m<button[39m
            [33mclass[39m=[32m"px-4 py-2 text-gray-600 bg-gray-200 rounded-md hover:bg-gray-300 disabled:bg-gray-100 disabled:text-gray-400"[39m
            [33mdata-testid[39m=[32m"setupwizard-back-btn"[39m
            [33mdisabled[39m=[32m""[39m
            [33mtabindex[39m=[32m"0"[39m
          [36m>[39m
            [0mBack[0m
          [36m</button>[39m
          [36m<button[39m
            [33mclass[39m=[32m"px-6 py-2 bg-blue-600 text-white rounded-md hover:bg-blue-700 disabled:bg-gray-400"[39m
            [33mdata-testid[39m=[32m"setupwizard-continue-btn"[39m
            [33mtabindex[39m=[32m"0"[39m
          [36m>[39m
            [0mContinue[0m
          [36m</button>[39m
        [36m</div>[39m
      [36m</div>[39m
    [36m</div>[39m
  [36m</div>[39m
  [36m<div>[39m
    [36m<div[39m
      [33mclass[39m=[32m"max-w-2xl mx-auto p-6"[39m
      [33mdata-testid[39m=[32m"setupwizard-container"[39m
    [36m>[39m
      [0m [0m
      [36m<div[39m
        [33mclass[39m=[32m"mb-8"[39m
      [36m>[39m
        [36m<div[39m
          [33mclass[39m=[32m"flex justify-between items-center mb-2"[39m
        [36m>[39m
          [36m<span[39m
            [33mclass[39m=[32m"text-sm text-gray-600"[39m
            [33mdata-testid[39m=[32m"setupwizard-step-counter"[39m
          [36m>[39m
            [0mStep [0m
            [0m2[0m
            [0m of [0m
            [0m4[0m
          [36m</span>[39m
          [36m<span[39m
            [33mclass[39m=[32m"text-sm text-gray-600"[39m
            [33mdata-testid[39m=[32m"setupwizard-progress-percent"[39m
          [36m>[39m
            [0m50[0m
            [0m%[0m
          [36m</span>[39m
        [36m</div>[39m
        [36m<div[39m
          [33mclass[39m=[32m"w-full bg-gray-200 rounded-full h-2"[39m
        [36m>[39m
          [36m<div[39m
            [33maria-valuemax[39m=[32m"4"[39m
            [33maria-valuemin[39m=[32m"0"[39m
            [33maria-valuenow[39m=[32m"2"[39m
            [33mclass[39m=[32m"bg-blue-600 h-2 rounded-full transition-all duration-300"[39m
            [33mdata-testid[39m=[32m"setupwizard-progressbar"[39m
            [33mrole[39m=[32m"progressbar"[39m
            [33mstyle[39m=[32m"width: 50%;"[39m
          [36m/>[39m
        [36m</div>[39m
      [36m</div>[39m
      [36m<div[39m
        [33mclass[39m=[32m"bg-white rounded-lg shadow-md p-6"[39m
      [36m>[39m
        [36m<h2[39m
          [33mclass[39m=[32m"text-2xl font-bold text-gray-900 mb-2"[39m
          [33mdata-testid[39m=[32m"setupwizard-step-title"[39m
        [36m>[39m
          [0mAI Provider Configuration[0m
        [36m</h2>[39m
        [36m<p[39m
          [33mclass[39m=[32m"text-gray-600 mb-6"[39m
        [36m>[39m
          [0mConfigure your AI provider settings[0m
        [36m</p>[39m
        [36m<div[39m
          [33mclass[39m=[32m"space-y-6"[39m
          [33mdata-testid[39m=[32m"setupwizard-apikeys-content"[39m
        [36m>[39m
          [36m<div>[39m
            [36m<label[39m
              [33mclass[39m=[32m"block text-sm font-medium text-gray-700 mb-2"[39m
              [33mfor[39m=[32m"anthropicApiKey"[39m
            [36m>[39m
              [0mAnthropic API Key *[0m
            [36m</label>[39m
            [36m<div[39m
              [33mclass[39m=[32m"flex space-x-2"[39m
 ...

Ignored nodes: comments, script, style
[36m<html>[39m
  [36m<head />[39m
  [36m<body>[39m
    [36m<div>[39m
      [36m<div[39m
        [33mclass[39m=[32m"max-w-2xl mx-auto p-6"[39m
        [33mdata-testid[39m=[32m"setupwizard-container"[39m
      [36m>[39m
        [0m [0m
        [36m<div[39m
          [33mclass[39m=[32m"mb-8"[39m
        [36m>[39m
          [36m<div[39m
            [33mclass[39m=[32m"flex justify-between items-center mb-2"[39m
          [36m>[39m
            [36m<span[39m
              [33mclass[39m=[32m"text-sm text-gray-600"[39m
              [33mdata-testid[39m=[32m"setupwizard-step-counter"[39m
            [36m>[39m
              [0mStep [0m
              [0m1[0m
              [0m of [0m
              [0m4[0m
            [36m</span>[39m
            [36m<span[39m
              [33mclass[39m=[32m"text-sm text-gray-600"[39m
              [33mdata-testid[39m=[32m"setupwizard-progress-percent"[39m
            [36m>[39m
              [0m25[0m
              [0m%[0m
            [36m</span>[39m
          [36m</div>[39m
          [36m<div[39m
            [33mclass[39m=[32m"w-full bg-gray-200 rounded-full h-2"[39m
          [36m>[39m
            [36m<div[39m
              [33maria-valuemax[39m=[32m"4"[39m
              [33maria-valuemin[39m=[32m"0"[39m
              [33maria-valuenow[39m=[32m"1"[39m
              [33mclass[39m=[32m"bg-blue-600 h-2 rounded-full transition-all duration-300"[39m
              [33mdata-testid[39m=[32m"setupwizard-progressbar"[39m
              [33mrole[39m=[32m"progressbar"[39m
              [33mstyle[39m=[32m"width: 25%;"[39m
            [36m/>[39m
          [36m</div>[39m
        [36m</div>[39m
        [36m<div[39m
          [33mclass[39m=[32m"bg-white rounded-lg shadow-md p-6"[39m
        [36m>[39m
          [36m<h2[39m
            [33mclass[39m=[32m"text-2xl font-bold text-gray-900 mb-2"[39m
            [33mdata-testid[39m=[32m"setupwizard-step-title"[39m
          [36m>[39m
            [0mWelcome to Academic Workflow Assistant[0m
          [36m</h2>[39m
          [36m<p[39m
            [33mclass[39m=[32m"text-gray-600 mb-6"[39m
          [36m>[39m
            [0mLet's get you set up with your AI-powered research assistant[0m
          [36m</p>[39m
          [36m<div[39m
            [33mclass[39m=[32m"space-y-4"[39m
            [33mdata-testid[39m=[32m"setupwizard-welcome-content"[39m
          [36m>[39m
            [36m<p[39m
              [33mclass[39m=[32m"text-gray-700"[39m
            [36m>[39m
              [0mThis wizard will help you configure your Academic Workflow Assistant with:[0m
            [36m</p>[39m
            [36m<ul[39m
              [33mclass[39m=[32m"list-disc list-inside text-gray-700 space-y-2"[39m
            [36m>[39m
              [36m<li>[39m
                [0mAI provider settings (API keys and preferences)[0m
              [36m</li>[39m
              [36m<li>[39m
                [0mAcademic preferences (citation style, language)[0m
              [36m</li>[39m
              [36m<li>[39m
                [0mUI preferences (theme, accessibility)[0m
              [36m</li>[39m
            [36m</ul>[39m
            [36m<p[39m
              [33mclass[39m=[32m"text-gray-700"[39m
            [36m>[39m
              [0mLet's get started![0m
            [36m</p>[39m
          [36m</div>[39m
          [36m<div[39m
            [33mclass[39m=[32m"flex justify-between mt-8"[39m
            [33mdata-testid[39m=[32m"setupwizard-nav-buttons"[39m
          [36m>[39m
            [36m<button[39m
              [33mclass[39m=[32m"px-4 py-2 text-gray-600 bg-gray-200 rounded-md hover:bg-gray-300 disabled:bg-gray-100 disabled:text-gray-400"[39m
              [33mdata-testid[39m=[32m"setupwizard-back-btn"[39m
              [33mdisabled[39m=[32m""[39m
              [33mtabindex[39m=[32m"0"[39m
            [36m>[39m
              [0mBack[0m
            [36m</button>[39m
            [36m<button[39m
              [33mclass[39m=[32m"px-6 py-2 bg-blue-600 text-white rounded-md hover:bg-blue-700 disabled:bg-gray-400"[39m
              [33mdata-testid[39m=[32m"setupwizard-continue-btn"[39m
              [33mtabindex[39m=[32m"0"[39m
            [36m>[39m
              [0mContinue[0m
            [36m</button>[39m
          [36m</div>[39m
        [36m</div>[39m
      [36m</div>[39m
    [36m</div>[39m
    [36m<div>[39m
      [36m<div[39m
        [33mclass[39m=[32m"max-w-2xl mx-auto p-6"[39m
        [33mdata-testid[39m=[32m"setupwizard-container"[39m
      [36m>[39m
        [0m [0m
        [36m<div[39m
          [33mclass[39m=[32m"mb-8"[39m
        [36m>[39m
          [36m<div[39m
            [33mclass[39m=[32m"flex justify-between items-center mb-2"[39m
          [36m>[39m
            [36m<span[39m
              [33mclass[39m=[32m"text-sm text-gray-600"[39m
              [33mdata-testid[39m=[32m"setupwizard-step-counter"[39m
            [36m>[39m
              [0mStep [0m
              [0m2[0m
              [0m of [0m
              [0m4[0m
            [36m</span>[39m
            [36m<span[39m
              [33mclass[39m=[32m"text-sm text-gray-600"[39m
              [33mdata-testid[39m=[32m"setupwizard-progress-percent"[39m
            [36m>[39m
              [0m50[0m
              [0m%[0m
            [36m</span>[39m
          [36m</div>[39m
          [36m<div[39m
            [33mclass[39m=[32m"w-full bg-gray-200 rounded-full h-2"[39m
          [36m>[39m
            [36m<div[39m
              [33maria-valuemax[39m=[32m"4"[39m
              [33maria-valuemin[39m=[32m"0"[39m
              [33maria-valuenow[39m=[32m"2"[39m
              [33mclass[39m=[32m"bg-blue-600 h-2 rounded-full transition-all duration-300"[39m
              [33mdata-testid[39m=[32m"setupwizard-progressbar"[39m
              [33mrole[39m=[32m"progressbar"[39m
              [33mstyle[39m=[32m"width: 50%;"[39m
            [36m/>[39m
          [36m</div>[39m
        [36m</div>[39m
        [36m<div[39m
          [33mclass[39m=[32m"bg-white rounded-lg shadow-md p-6"[39m
        [36m>[39m
          [36m<h2[39m
            [33mclass[39m=[32m"text-2xl font-bold text-gray-900 mb-2"[39m
            [33mdata-testid[39m=[32m"setupwizard-step-title"[39m
          [36m>[39m
            [0mAI Provider Configuration[0m
          [36m</h2>[39m
          [36m<p[39m
            [33mclass[39m=[32m"text-gray-600 mb-6"[39m
          [36m>[39m
            [0mConfigure your AI provider settings[0m
          [36m</p>[39m
          [36m<div[39m
            [33mclass[39m=[32m"space-y-6"[39m
            [33mdata-testid[39m=[32m"setupwizard-apikeys-content"[39m
          [36m>[39m
  ...
   ✓ SetupWizard Edge Cases (TDD RED Phase) > should have correct ARIA attributes and support keyboard navigation (accessibility) 7ms

⎯⎯⎯⎯⎯⎯ Failed Tests 16 ⎯⎯⎯⎯⎯⎯⎯

 FAIL  __tests__/components/SetupWizard.test.tsx > SetupWizard > Step Navigation > should navigate to next step on continue
TestingLibraryElementError: Unable to find an element with the text: AI Provider Configuration. This could be because the text is broken up by multiple elements. In this case, you can provide a function for your text matcher to make your matcher more flexible.

Ignored nodes: comments, script, style
[36m<body>[39m
  [36m<div>[39m
    [36m<div[39m
      [33mclass[39m=[32m"max-w-2xl mx-auto p-6"[39m
      [33mdata-testid[39m=[32m"setupwizard-container"[39m
    [36m>[39m
      [0m [0m
      [36m<div[39m
        [33mclass[39m=[32m"mb-8"[39m
      [36m>[39m
        [36m<div[39m
          [33mclass[39m=[32m"flex justify-between items-center mb-2"[39m
        [36m>[39m
          [36m<span[39m
            [33mclass[39m=[32m"text-sm text-gray-600"[39m
            [33mdata-testid[39m=[32m"setupwizard-step-counter"[39m
          [36m>[39m
            [0mStep [0m
            [0m4[0m
            [0m of [0m
            [0m4[0m
          [36m</span>[39m
          [36m<span[39m
            [33mclass[39m=[32m"text-sm text-gray-600"[39m
            [33mdata-testid[39m=[32m"setupwizard-progress-percent"[39m
          [36m>[39m
            [0m100[0m
            [0m%[0m
          [36m</span>[39m
        [36m</div>[39m
        [36m<div[39m
          [33mclass[39m=[32m"w-full bg-gray-200 rounded-full h-2"[39m
        [36m>[39m
          [36m<div[39m
            [33maria-valuemax[39m=[32m"4"[39m
            [33maria-valuemin[39m=[32m"0"[39m
            [33maria-valuenow[39m=[32m"4"[39m
            [33mclass[39m=[32m"bg-blue-600 h-2 rounded-full transition-all duration-300"[39m
            [33mdata-testid[39m=[32m"setupwizard-progressbar"[39m
            [33mrole[39m=[32m"progressbar"[39m
            [33mstyle[39m=[32m"width: 100%;"[39m
          [36m/>[39m
        [36m</div>[39m
      [36m</div>[39m
      [36m<div[39m
        [33mclass[39m=[32m"bg-white rounded-lg shadow-md p-6"[39m
      [36m>[39m
        [36m<h2[39m
          [33mclass[39m=[32m"text-2xl font-bold text-gray-900 mb-2"[39m
          [33mdata-testid[39m=[32m"setupwizard-step-title"[39m
        [36m>[39m
          [0mReview & Complete[0m
        [36m</h2>[39m
        [36m<p[39m
          [33mclass[39m=[32m"text-gray-600 mb-6"[39m
        [36m>[39m
          [0mReview your configuration and complete setup[0m
        [36m</p>[39m
        [36m<div[39m
          [33mclass[39m=[32m"space-y-6"[39m
        [36m>[39m
          [36m<h3[39m
            [33mclass[39m=[32m"text-lg font-semibold text-gray-900"[39m
          [36m>[39m
            [0mConfiguration Summary[0m
          [36m</h3>[39m
          [36m<div[39m
            [33mclass[39m=[32m"grid grid-cols-1 md:grid-cols-2 gap-4"[39m
          [36m>[39m
            [36m<div>[39m
              [36m<h4[39m
                [33mclass[39m=[32m"font-medium text-gray-700"[39m
              [36m>[39m
                [0mAI Provider:[0m
              [36m</h4>[39m
              [36m<p[39m
                [33mclass[39m=[32m"text-gray-600"[39m
              [36m>[39m
                [0mauto[0m
              [36m</p>[39m
            [36m</div>[39m
            [36m<div>[39m
              [36m<h4[39m
                [33mclass[39m=[32m"font-medium text-gray-700"[39m
              [36m>[39m
                [0mMonthly Budget:[0m
              [36m</h4>[39m
              [36m<p[39m
                [33mclass[39m=[32m"text-gray-600"[39m
              [36m>[39m
                [0m$[0m
                [0m100[0m
              [36m</p>[39m
            [36m</div>[39m
            [36m<div>[39m
              [36m<h4[39m
                [33mclass[39m=[32m"font-medium text-gray-700"[39m
              [36m>[39m
                [0mCitation Style:[0m
              [36m</h4>[39m
              [36m<p[39m
                [33mclass[39m=[32m"text-gray-600"[39m
              [36m>[39m
                [0mAPA[0m
              [36m</p>[39m
            [36m</div>[39m
            [36m<div>[39m
              [36m<h4[39m
                [33mclass[39m=[32m"font-medium text-gray-700"[39m
              [36m>[39m
                [0mLanguage:[0m
              [36m</h4>[39m
              [36m<p[39m
                [33mclass[39m=[32m"text-gray-600"[39m
              [36m>[39m
                [0mEnglish[0m
              [36m</p>[39m
            [36m</div>[39m
          [36m</div>[39m
          [36m<div[39m
            [33mclass[39m=[32m"bg-gray-50 p-4 rounded-lg"[39m
          [36m>[39m
            [36m<h4[39m
              [33mclass[39m=[32m"font-medium text-gray-700 mb-2"[39m
            [36m>[39m
              [0mSpecial Features:[0m
            [36m</h4>[39m
            [36m<ul[39m
              [33mclass[39m=[32m"text-gray-600 space-y-1"[39m
            [36m>[39m
              [36m<li>[39m
                [0m• Theme: [0m
                [0msystem[0m
              [36m</li>[39m
            [36m</ul>[39m
          [36m</div>[39m
        [36m</div>[39m
        [36m<div[39m
          [33mclass[39m=[32m"flex justify-between mt-8"[39m
          [33mdata-testid[39m=[32m"setupwizard-nav-buttons"[39m
        [36m>[39m
          [36m<button[39m
            [33mclass[39m=[32m"px-4 py-2 text-gray-600 bg-gray-200 rounded-md hover:bg-gray-300 disabled:bg-gray-100 disabled:text-gray-400"[39m
            [33mdata-testid[39m=[32m"setupwizard-back-btn"[39m
            [33mtabindex[39m=[32m"0"[39m
          [36m>[39m
            [0mBack[0m
          [36m</button>[39m
          [36m<button[39m
            [33mclass[39m=[32m"px-6 py-2 bg-green-600 text-white rounded-md hover:bg-green-700 disabled:bg-gray-400"[39m
            [33mdata-testid[39m=[32m"setupwizard-complete-btn"[39m
            [33mtabindex[39m=[32m"0"[39m
          [36m>[39m
            [0mComplete Setup[0m
          [36m</button>[39m
        [36m</div>[39m
      [36m</div>[39m
    [36m</div>[39m
  [36m</div>[39m
[36m</body>[39m

Ignored nodes: comments, script, style
[36m<html>[39m
  [36m<head />[39m
  [36m<body>[39m
    [36m<div>[39m
      [36m<div[39m
        [33mclass[39m=[32m"max-w-2xl mx-auto p-6"[39m
        [33mdata-testid[39m=[32m"setupwizard-container"[39m
      [36m>[39m
        [0m [0m
        [36m<div[39m
          [33mclass[39m=[32m"mb-8"[39m
        [36m>[39m
          [36m<div[39m
            [33mclass[39m=[32m"flex justify-between items-center mb-2"[39m
          [36m>[39m
            [36m<span[39m
              [33mclass[39m=[32m"text-sm text-gray-600"[39m
              [33mdata-testid[39m=[32m"setupwizard-step-counter"[39m
            [36m>[39m
              [0mStep [0m
              [0m4[0m
              [0m of [0m
              [0m4[0m
            [36m</span>[39m
            [36m<span[39m
              [33mclass[39m=[32m"text-sm text-gray-600"[39m
              [33mdata-testid[39m=[32m"setupwizard-progress-percent"[39m
            [36m>[39m
              [0m100[0m
              [0m%[0m
            [36m</span>[39m
          [36m</div>[39m
          [36m<div[39m
            [33mclass[39m=[32m"w-full bg-gray-200 rounded-full h-2"[39m
          [36m>[39m
            [36m<div[39m
              [33maria-valuemax[39m=[32m"4"[39m
              [33maria-valuemin[39m=[32m"0"[39m
              [33maria-valuenow[39m=[32m"4"[39m
              [33mclass[39m=[32m"bg-blue-600 h-2 rounded-full transition-all duration-300"[39m
              [33mdata-testid[39m=[32m"setupwizard-progressbar"[39m
              [33mrole[39m=[32m"progressbar"[39m
              [33mstyle[39m=[32m"width: 100%;"[39m
            [36m/>[39m
          [36m</div>[39m
        [36m</div>[39m
        [36m<div[39m
          [33mclass[39m=[32m"bg-white rounded-lg shadow-md p-6"[39m
        [36m>[39m
          [36m<h2[39m
            [33mclass[39m=[32m"text-2xl font-bold text-gray-900 mb-2"[39m
            [33mdata-testid[39m=[32m"setupwizard-step-title"[39m
          [36m>[39m
            [0mReview & Complete[0m
          [36m</h2>[39m
          [36m<p[39m
            [33mclass[39m=[32m"text-gray-600 mb-6"[39m
          [36m>[39m
            [0mReview your configuration and complete setup[0m
          [36m</p>[39m
          [36m<div[39m
            [33mclass[39m=[32m"space-y-6"[39m
          [36m>[39m
            [36m<h3[39m
              [33mclass[39m=[32m"text-lg font-semibold text-gray-900"[39m
            [36m>[39m
              [0mConfiguration Summary[0m
            [36m</h3>[39m
            [36m<div[39m
              [33mclass[39m=[32m"grid grid-cols-1 md:grid-cols-2 gap-4"[39m
            [36m>[39m
              [36m<div>[39m
                [36m<h4[39m
                  [33mclass[39m=[32m"font-medium text-gray-700"[39m
                [36m>[39m
                  [0mAI Provider:[0m
                [36m</h4>[39m
                [36m<p[39m
                  [33mclass[39m=[32m"text-gray-600"[39m
                [36m>[39m
                  [0mauto[0m
                [36m</p>[39m
              [36m</div>[39m
              [36m<div>[39m
                [36m<h4[39m
                  [33mclass[39m=[32m"font-medium text-gray-700"[39m
                [36m>[39m
                  [0mMonthly Budget:[0m
                [36m</h4>[39m
                [36m<p[39m
                  [33mclass[39m=[32m"text-gray-600"[39m
                [36m>[39m
                  [0m$[0m
                  [0m100[0m
                [36m</p>[39m
              [36m</div>[39m
              [36m<div>[39m
                [36m<h4[39m
                  [33mclass[39m=[32m"font-medium text-gray-700"[39m
                [36m>[39m
                  [0mCitation Style:[0m
                [36m</h4>[39m
                [36m<p[39m
                  [33mclass[39m=[32m"text-gray-600"[39m
                [36m>[39m
                  [0mAPA[0m
                [36m</p>[39m
              [36m</div>[39m
              [36m<div>[39m
                [36m<h4[39m
                  [33mclass[39m=[32m"font-medium text-gray-700"[39m
                [36m>[39m
                  [0mLanguage:[0m
                [36m</h4>[39m
                [36m<p[39m
                  [33mclass[39m=[32m"text-gray-600"[39m
                [36m>[39m
                  [0mEnglish[0m
                [36m</p>[39m
              [36m</div>[39m
            [36m</div>[39m
            [36m<div[39m
              [33mclass[39m=[32m"bg-gray-50 p-4 rounded-lg"[39m
            [36m>[39m
              [36m<h4[39m
                [33mclass[39m=[32m"font-medium text-gray-700 mb-2"[39m
              [36m>[39m
                [0mSpecial Features:[0m
              [36m</h4>[39m
              [36m<ul[39m
                [33mclass[39m=[32m"text-gray-600 space-y-1"[39m
              [36m>[39m
                [36m<li>[39m
                  [0m• Theme: [0m
                  [0msystem[0m
                [36m</li>[39m
              [36m</ul>[39m
            [36m</div>[39m
          [36m</div>[39m
          [36m<div[39m
            [33mclass[39m=[32m"flex justify-between mt-8"[39m
            [33mdata-testid[39m=[32m"setupwizard-nav-buttons"[39m
          [36m>[39m
            [36m<button[39m
              [33mclass[39m=[32m"px-4 py-2 text-gray-600 bg-gray-200 rounded-md hover:bg-gray-300 disabled:bg-gray-100 disabled:text-gray-400"[39m
              [33mdata-testid[39m=[32m"setupwizard-back-btn"[39m
              [33mtabindex[39m=[32m"0"[39m
            [36m>[39m
              [0mBack[0m
            [36m</button>[39m
            [36m<button[39m
              [33mclass[39m=[32m"px-6 py-2 bg-green-600 text-white rounded-md hover:bg-green-700 disabled:bg-gray-400"[39m
              [33mdata-testid[39m=[32m"setupwizard-complete-btn"[39m
              [33mtabindex[39m=[32m"0"[39m
            [36m>[39m
              [0mComplete Setup[0m
            [36m</button>[39m
          [36m</div>[39m
        [36m</div>[39m
      [36m</div>[39m
    [36m</div>[39m
  [36m</body>[39m
[36m</html>[39m
 ❯ Proxy.waitForWrapper node_modules/@testing-library/dom/dist/wait-for.js:163:27
 ❯ __tests__/components/SetupWizard.test.tsx:189:13
    187|       fireEvent.click(continueButton);
    188| 
    189|       await waitFor(() => {
       |             ^
    190|         // Use getAllByText to handle multiple renders and check the l…
    191|         const titles = screen.getAllByText('AI Provider Configuration'…

⎯⎯⎯⎯⎯⎯⎯⎯⎯⎯⎯⎯⎯⎯⎯⎯⎯⎯⎯⎯⎯⎯⎯[1/16]⎯

 FAIL  __tests__/components/SetupWizard.test.tsx > SetupWizard > Step Navigation > should disable back button on first step
Error: [2mexpect([22m[31melement[39m[2m).toBeDisabled()[22m

Received element is not disabled:
  [31m<button
  class="px-4 py-2 text-gray-600 bg-gray-200 rounded-md hover:bg-gray-300 disabled:bg-gray-100 disabled:text-gray-400"
  data-testid="setupwizard-back-btn"
  tabindex="0"
/>[39m

Ignored nodes: comments, script, style
[36m<html>[39m
  [36m<head />[39m
  [36m<body>[39m
    [36m<div>[39m
      [36m<div[39m
        [33mclass[39m=[32m"max-w-2xl mx-auto p-6"[39m
        [33mdata-testid[39m=[32m"setupwizard-container"[39m
      [36m>[39m
        [0m [0m
        [36m<div[39m
          [33mclass[39m=[32m"mb-8"[39m
        [36m>[39m
          [36m<div[39m
            [33mclass[39m=[32m"flex justify-between items-center mb-2"[39m
          [36m>[39m
            [36m<span[39m
              [33mclass[39m=[32m"text-sm text-gray-600"[39m
              [33mdata-testid[39m=[32m"setupwizard-step-counter"[39m
            [36m>[39m
              [0mStep [0m
              [0m2[0m
              [0m of [0m
              [0m4[0m
            [36m</span>[39m
            [36m<span[39m
              [33mclass[39m=[32m"text-sm text-gray-600"[39m
              [33mdata-testid[39m=[32m"setupwizard-progress-percent"[39m
            [36m>[39m
              [0m50[0m
              [0m%[0m
            [36m</span>[39m
          [36m</div>[39m
          [36m<div[39m
            [33mclass[39m=[32m"w-full bg-gray-200 rounded-full h-2"[39m
          [36m>[39m
            [36m<div[39m
              [33maria-valuemax[39m=[32m"4"[39m
              [33maria-valuemin[39m=[32m"0"[39m
              [33maria-valuenow[39m=[32m"2"[39m
              [33mclass[39m=[32m"bg-blue-600 h-2 rounded-full transition-all duration-300"[39m
              [33mdata-testid[39m=[32m"setupwizard-progressbar"[39m
              [33mrole[39m=[32m"progressbar"[39m
              [33mstyle[39m=[32m"width: 50%;"[39m
            [36m/>[39m
          [36m</div>[39m
        [36m</div>[39m
        [36m<div[39m
          [33mclass[39m=[32m"bg-white rounded-lg shadow-md p-6"[39m
        [36m>[39m
          [36m<h2[39m
            [33mclass[39m=[32m"text-2xl font-bold text-gray-900 mb-2"[39m
            [33mdata-testid[39m=[32m"setupwizard-step-title"[39m
          [36m>[39m
            [0mAI Provider Configuration[0m
          [36m</h2>[39m
          [36m<p[39m
            [33mclass[39m=[32m"text-gray-600 mb-6"[39m
          [36m>[39m
            [0mConfigure your AI provider settings[0m
          [36m</p>[39m
          [36m<div[39m
            [33mclass[39m=[32m"space-y-6"[39m
            [33mdata-testid[39m=[32m"setupwizard-apikeys-content"[39m
          [36m>[39m
            [36m<div>[39m
              [36m<label[39m
                [33mclass[39m=[32m"block text-sm font-medium text-gray-700 mb-2"[39m
                [33mfor[39m=[32m"anthropicApiKey"[39m
              [36m>[39m
                [0mAnthropic API Key *[0m
              [36m</label>[39m
              [36m<div[39m
                [33mclass[39m=[32m"flex space-x-2"[39m
              [36m>[39m
                [36m<input[39m
                  [33mclass[39m=[32m"flex-1 px-3 py-2 border rounded-md focus:outline-none focus:ring-2 focus:ring-blue-500 border-gray-300"[39m
                  [33mdata-testid[39m=[32m"setupwizard-anthropic-api-key"[39m
                  [33mid[39m=[32m"anthropicApiKey"[39m
                  [33mplaceholder[39m=[32m"sk-ant-..."[39m
                  [33mtabindex[39m=[32m"0"[39m
                  [33mtype[39m=[32m"password"[39m
                  [33mvalue[39m=[32m""[39m
                [36m/>[39m
                [36m<button[39m
                  [33mclass[39m=[32m"px-3 py-2 bg-blue-600 text-white rounded-md hover:bg-blue-700 disabled:bg-gray-400"[39m
                  [33mdisabled[39m=[32m""[39m
                  [33mtype[39m=[32m"button"[39m
                [36m>[39m
                  [0mTest Anthropic Key[0m
                [36m</button>[39m
              [36m</div>[39m
            [36m</div>[39m
            [36m<div>[39m
              [36m<label[39m
                [33mclass[39m=[32m"block text-sm font-medium text-gray-700 mb-2"[39m
                [33mfor[39m=[32m"openaiApiKey"[39m
              [36m>[39m
                [0mOpenAI API Key (Optional)[0m
              [36m</label>[39m
              [36m<div[39m
                [33mclass[39m=[32m"flex space-x-2"[39m
              [36m>[39m
                [36m<input[39m
                  [33mclass[39m=[32m"flex-1 px-3 py-2 border rounded-md focus:outline-none focus:ring-2 focus:ring-blue-500 border-gray-300"[39m
                  [33mid[39m=[32m"openaiApiKey"[39m
                  [33mplaceholder[39m=[32m"sk-..."[39m
                  [33mtabindex[39m=[32m"0"[39m
                  [33mtype[39m=[32m"password"[39m
                  [33mvalue[39m=[32m""[39m
                [36m/>[39m
                [36m<button[39m
                  [33mclass[39m=[32m"px-3 py-2 bg-blue-600 text-white rounded-md hover:bg-blue-700 disabled:bg-gray-400"[39m
                  [33mdisabled[39m=[32m""[39m
                  [33mtype[39m=[32m"button"[39m
                [36m>[39m
                  [0mTest OpenAI Key[0m
                [36m</button>[39m
              [36m</div>[39m
            [36m</div>[39m
            [36m<div>[39m
              [36m<label[39m
                [33mclass[39m=[32m"block text-sm font-medium text-gray-700 mb-2"[39m
                [33mfor[39m=[32m"monthlyBudget"[39m
              [36m>[39m
                [0mMonthly Budget ($) *[0m
              [36m</label>[39m
              [36m<input[39m
                [33mclass[39m=[32m"w-full px-3 py-2 border rounded-md focus:outline-none focus:ring-2 focus:ring-blue-500 border-gray-300"[39m
                [33mid[39m=[32m"monthlyBudget"[39m
                [33mmin[39m=[32m"0"[39m
                [33mstep[39m=[32m"0.01"[39m
                [33mtabindex[39m=[32m"0"[39m
                [33mtype[39m=[32m"number"[39m
                [33mvalue[39m=[32m"100"[39m
              [36m/>[39m
            [36m</div>[39m
            [36m<div>[39m
              [36m<label[39m
                [33mclass[39m=[32m"block text-sm font-medium text-gray-700 mb-2"[39m
                [33mfor[39m=[32m"preferredProvider"[39m
              [36m>[39m
                [0mPreferred Provider[0m
              [36m</label>[39m
              [36m<select[39m
                [33mclass[39m=[32m"w-full px-3 py-2 border border-gray-300 rounded-md focus:outline-none focus:ring-2 focus:ring-blue-500"[39m
                [33mid[39m=[32m"preferredProvider"[39m
                [33mtabindex[39m=[32m"0"[39m
              [36m>[39m
                [36m<option[39m
                  [33mvalue[39m=[32m"auto"[39m
                [36m>[39m
                  [0mAuto[0m
                [36m</option>[39m
                [36m<option[39m
                  [33mvalue[39m=[32m"anthropic"[39m
                [36m>[39m
                  [0mAnthropic[0m
                [36m</option>[39m
                [36m<option[39m
                  [33mvalue[39m=[32m"openai"[39m
                [36m>[39m
                  [0mOpenAI[0m
                [36m</option>[39m
              [36m</select>[39m
            [36m</div>[39m
          [36m</div>[39m
          [36m<div[39m
            [33mclass[39m=[32m"flex justify-between mt-8"[39m
            [33mdata-testid[39m=[32m"setupwizard-nav-buttons"[39m
          [36m>[39m
            [36m<button[39m
              [33mclass[39m=[32m"px-4 py-2 text-gray-600 bg-gray-200 rounded-md hover:bg-gray-300 disabled:bg-gray-100 disabled:text-gray-400"[39m
              [33mdata-testid[39m=[32m"setupwizard-back-btn"[39m
              [33mtabindex[39m=[32m"0"[39m
            [36m>[39m
              [0mBack[0m
            [36m</button>[39m
            [36m<button[39m
              [33mclass[39m=[32m"px-6 py-2 bg-blue-600 text-white rounded-md hover:bg-blue-700 disabled:bg-gray-400"[39m
              [33mdata-testid[39m=[32m"setupwizard-continue-btn"[39m
              [33mdisabled[39m=[32m""[39m
              [33mtabindex[39m=[32m"0"[39m
            [36m>[39m
              [0mContinue[0m
            [36m</button>[39m
          [36m</div>[39m
        [36m</div>[39m
      [36m</div>[39m
    [36m</div>[39m
  [36m</body>[39m
[36m</html>[39m
 ❯ __tests__/components/SetupWizard.test.tsx:238:28
    236|       await waitFor(() => {
    237|         const backButton = screen.getByRole('button', { name: /back/i …
    238|         expect(backButton).toBeDisabled();
       |                            ^
    239|       });
    240|     });
 ❯ runWithExpensiveErrorDiagnosticsDisabled node_modules/@testing-library/dom/dist/config.js:47:12
 ❯ checkCallback node_modules/@testing-library/dom/dist/wait-for.js:124:77
 ❯ Timeout.checkRealTimersCallback node_modules/@testing-library/dom/dist/wait-for.js:118:16

⎯⎯⎯⎯⎯⎯⎯⎯⎯⎯⎯⎯⎯⎯⎯⎯⎯⎯⎯⎯⎯⎯⎯[2/16]⎯

 FAIL  __tests__/components/SetupWizard.test.tsx > SetupWizard > Step Navigation > should show finish button on last step
TestingLibraryElementError: Unable to find role="heading" and name `/AI Provider Configuration/i`

Ignored nodes: comments, script, style
[36m<body>[39m
  [36m<div>[39m
    [36m<div[39m
      [33mclass[39m=[32m"max-w-2xl mx-auto p-6"[39m
      [33mdata-testid[39m=[32m"setupwizard-container"[39m
    [36m>[39m
      [0m [0m
      [36m<div[39m
        [33mclass[39m=[32m"mb-8"[39m
      [36m>[39m
        [36m<div[39m
          [33mclass[39m=[32m"flex justify-between items-center mb-2"[39m
        [36m>[39m
          [36m<span[39m
            [33mclass[39m=[32m"text-sm text-gray-600"[39m
            [33mdata-testid[39m=[32m"setupwizard-step-counter"[39m
          [36m>[39m
            [0mStep [0m
            [0m4[0m
            [0m of [0m
            [0m4[0m
          [36m</span>[39m
          [36m<span[39m
            [33mclass[39m=[32m"text-sm text-gray-600"[39m
            [33mdata-testid[39m=[32m"setupwizard-progress-percent"[39m
          [36m>[39m
            [0m100[0m
            [0m%[0m
          [36m</span>[39m
        [36m</div>[39m
        [36m<div[39m
          [33mclass[39m=[32m"w-full bg-gray-200 rounded-full h-2"[39m
        [36m>[39m
          [36m<div[39m
            [33maria-valuemax[39m=[32m"4"[39m
            [33maria-valuemin[39m=[32m"0"[39m
            [33maria-valuenow[39m=[32m"4"[39m
            [33mclass[39m=[32m"bg-blue-600 h-2 rounded-full transition-all duration-300"[39m
            [33mdata-testid[39m=[32m"setupwizard-progressbar"[39m
            [33mrole[39m=[32m"progressbar"[39m
            [33mstyle[39m=[32m"width: 100%;"[39m
          [36m/>[39m
        [36m</div>[39m
      [36m</div>[39m
      [36m<div[39m
        [33mclass[39m=[32m"bg-white rounded-lg shadow-md p-6"[39m
      [36m>[39m
        [36m<h2[39m
          [33mclass[39m=[32m"text-2xl font-bold text-gray-900 mb-2"[39m
          [33mdata-testid[39m=[32m"setupwizard-step-title"[39m
        [36m>[39m
          [0mReview & Complete[0m
        [36m</h2>[39m
        [36m<p[39m
          [33mclass[39m=[32m"text-gray-600 mb-6"[39m
        [36m>[39m
          [0mReview your configuration and complete setup[0m
        [36m</p>[39m
        [36m<div[39m
          [33mclass[39m=[32m"space-y-6"[39m
        [36m>[39m
          [36m<h3[39m
            [33mclass[39m=[32m"text-lg font-semibold text-gray-900"[39m
          [36m>[39m
            [0mConfiguration Summary[0m
          [36m</h3>[39m
          [36m<div[39m
            [33mclass[39m=[32m"grid grid-cols-1 md:grid-cols-2 gap-4"[39m
          [36m>[39m
            [36m<div>[39m
              [36m<h4[39m
                [33mclass[39m=[32m"font-medium text-gray-700"[39m
              [36m>[39m
                [0mAI Provider:[0m
              [36m</h4>[39m
              [36m<p[39m
                [33mclass[39m=[32m"text-gray-600"[39m
              [36m>[39m
                [0mauto[0m
              [36m</p>[39m
            [36m</div>[39m
            [36m<div>[39m
              [36m<h4[39m
                [33mclass[39m=[32m"font-medium text-gray-700"[39m
              [36m>[39m
                [0mMonthly Budget:[0m
              [36m</h4>[39m
              [36m<p[39m
                [33mclass[39m=[32m"text-gray-600"[39m
              [36m>[39m
                [0m$[0m
                [0m100[0m
              [36m</p>[39m
            [36m</div>[39m
            [36m<div>[39m
              [36m<h4[39m
                [33mclass[39m=[32m"font-medium text-gray-700"[39m
              [36m>[39m
                [0mCitation Style:[0m
              [36m</h4>[39m
              [36m<p[39m
                [33mclass[39m=[32m"text-gray-600"[39m
              [36m>[39m
                [0mAPA[0m
              [36m</p>[39m
            [36m</div>[39m
            [36m<div>[39m
              [36m<h4[39m
                [33mclass[39m=[32m"font-medium text-gray-700"[39m
              [36m>[39m
                [0mLanguage:[0m
              [36m</h4>[39m
              [36m<p[39m
                [33mclass[39m=[32m"text-gray-600"[39m
              [36m>[39m
                [0mEnglish[0m
              [36m</p>[39m
            [36m</div>[39m
          [36m</div>[39m
          [36m<div[39m
            [33mclass[39m=[32m"bg-gray-50 p-4 rounded-lg"[39m
          [36m>[39m
            [36m<h4[39m
              [33mclass[39m=[32m"font-medium text-gray-700 mb-2"[39m
            [36m>[39m
              [0mSpecial Features:[0m
            [36m</h4>[39m
            [36m<ul[39m
              [33mclass[39m=[32m"text-gray-600 space-y-1"[39m
            [36m>[39m
              [36m<li>[39m
                [0m• Theme: [0m
                [0msystem[0m
              [36m</li>[39m
            [36m</ul>[39m
          [36m</div>[39m
        [36m</div>[39m
        [36m<div[39m
          [33mclass[39m=[32m"flex justify-between mt-8"[39m
          [33mdata-testid[39m=[32m"setupwizard-nav-buttons"[39m
        [36m>[39m
          [36m<button[39m
            [33mclass[39m=[32m"px-4 py-2 text-gray-600 bg-gray-200 rounded-md hover:bg-gray-300 disabled:bg-gray-100 disabled:text-gray-400"[39m
            [33mdata-testid[39m=[32m"setupwizard-back-btn"[39m
            [33mtabindex[39m=[32m"0"[39m
          [36m>[39m
            [0mBack[0m
          [36m</button>[39m
          [36m<button[39m
            [33mclass[39m=[32m"px-6 py-2 bg-green-600 text-white rounded-md hover:bg-green-700 disabled:bg-gray-400"[39m
            [33mdata-testid[39m=[32m"setupwizard-complete-btn"[39m
            [33mtabindex[39m=[32m"0"[39m
          [36m>[39m
            [0mComplete Setup[0m
          [36m</button>[39m
        [36m</div>[39m
      [36m</div>[39m
    [36m</div>[39m
  [36m</div>[39m
[36m</body>[39m

Ignored nodes: comments, script, style
[36m<html>[39m
  [36m<head />[39m
  [36m<body>[39m
    [36m<div>[39m
      [36m<div[39m
        [33mclass[39m=[32m"max-w-2xl mx-auto p-6"[39m
        [33mdata-testid[39m=[32m"setupwizard-container"[39m
      [36m>[39m
        [0m [0m
        [36m<div[39m
          [33mclass[39m=[32m"mb-8"[39m
        [36m>[39m
          [36m<div[39m
            [33mclass[39m=[32m"flex justify-between items-center mb-2"[39m
          [36m>[39m
            [36m<span[39m
              [33mclass[39m=[32m"text-sm text-gray-600"[39m
              [33mdata-testid[39m=[32m"setupwizard-step-counter"[39m
            [36m>[39m
              [0mStep [0m
              [0m4[0m
              [0m of [0m
              [0m4[0m
            [36m</span>[39m
            [36m<span[39m
              [33mclass[39m=[32m"text-sm text-gray-600"[39m
              [33mdata-testid[39m=[32m"setupwizard-progress-percent"[39m
            [36m>[39m
              [0m100[0m
              [0m%[0m
            [36m</span>[39m
          [36m</div>[39m
          [36m<div[39m
            [33mclass[39m=[32m"w-full bg-gray-200 rounded-full h-2"[39m
          [36m>[39m
            [36m<div[39m
              [33maria-valuemax[39m=[32m"4"[39m
              [33maria-valuemin[39m=[32m"0"[39m
              [33maria-valuenow[39m=[32m"4"[39m
              [33mclass[39m=[32m"bg-blue-600 h-2 rounded-full transition-all duration-300"[39m
              [33mdata-testid[39m=[32m"setupwizard-progressbar"[39m
              [33mrole[39m=[32m"progressbar"[39m
              [33mstyle[39m=[32m"width: 100%;"[39m
            [36m/>[39m
          [36m</div>[39m
        [36m</div>[39m
        [36m<div[39m
          [33mclass[39m=[32m"bg-white rounded-lg shadow-md p-6"[39m
        [36m>[39m
          [36m<h2[39m
            [33mclass[39m=[32m"text-2xl font-bold text-gray-900 mb-2"[39m
            [33mdata-testid[39m=[32m"setupwizard-step-title"[39m
          [36m>[39m
            [0mReview & Complete[0m
          [36m</h2>[39m
          [36m<p[39m
            [33mclass[39m=[32m"text-gray-600 mb-6"[39m
          [36m>[39m
            [0mReview your configuration and complete setup[0m
          [36m</p>[39m
          [36m<div[39m
            [33mclass[39m=[32m"space-y-6"[39m
          [36m>[39m
            [36m<h3[39m
              [33mclass[39m=[32m"text-lg font-semibold text-gray-900"[39m
            [36m>[39m
              [0mConfiguration Summary[0m
            [36m</h3>[39m
            [36m<div[39m
              [33mclass[39m=[32m"grid grid-cols-1 md:grid-cols-2 gap-4"[39m
            [36m>[39m
              [36m<div>[39m
                [36m<h4[39m
                  [33mclass[39m=[32m"font-medium text-gray-700"[39m
                [36m>[39m
                  [0mAI Provider:[0m
                [36m</h4>[39m
                [36m<p[39m
                  [33mclass[39m=[32m"text-gray-600"[39m
                [36m>[39m
                  [0mauto[0m
                [36m</p>[39m
              [36m</div>[39m
              [36m<div>[39m
                [36m<h4[39m
                  [33mclass[39m=[32m"font-medium text-gray-700"[39m
                [36m>[39m
                  [0mMonthly Budget:[0m
                [36m</h4>[39m
                [36m<p[39m
                  [33mclass[39m=[32m"text-gray-600"[39m
                [36m>[39m
                  [0m$[0m
                  [0m100[0m
                [36m</p>[39m
              [36m</div>[39m
              [36m<div>[39m
                [36m<h4[39m
                  [33mclass[39m=[32m"font-medium text-gray-700"[39m
                [36m>[39m
                  [0mCitation Style:[0m
                [36m</h4>[39m
                [36m<p[39m
                  [33mclass[39m=[32m"text-gray-600"[39m
                [36m>[39m
                  [0mAPA[0m
                [36m</p>[39m
              [36m</div>[39m
              [36m<div>[39m
                [36m<h4[39m
                  [33mclass[39m=[32m"font-medium text-gray-700"[39m
                [36m>[39m
                  [0mLanguage:[0m
                [36m</h4>[39m
                [36m<p[39m
                  [33mclass[39m=[32m"text-gray-600"[39m
                [36m>[39m
                  [0mEnglish[0m
                [36m</p>[39m
              [36m</div>[39m
            [36m</div>[39m
            [36m<div[39m
              [33mclass[39m=[32m"bg-gray-50 p-4 rounded-lg"[39m
            [36m>[39m
              [36m<h4[39m
                [33mclass[39m=[32m"font-medium text-gray-700 mb-2"[39m
              [36m>[39m
                [0mSpecial Features:[0m
              [36m</h4>[39m
              [36m<ul[39m
                [33mclass[39m=[32m"text-gray-600 space-y-1"[39m
              [36m>[39m
                [36m<li>[39m
                  [0m• Theme: [0m
                  [0msystem[0m
                [36m</li>[39m
              [36m</ul>[39m
            [36m</div>[39m
          [36m</div>[39m
          [36m<div[39m
            [33mclass[39m=[32m"flex justify-between mt-8"[39m
            [33mdata-testid[39m=[32m"setupwizard-nav-buttons"[39m
          [36m>[39m
            [36m<button[39m
              [33mclass[39m=[32m"px-4 py-2 text-gray-600 bg-gray-200 rounded-md hover:bg-gray-300 disabled:bg-gray-100 disabled:text-gray-400"[39m
              [33mdata-testid[39m=[32m"setupwizard-back-btn"[39m
              [33mtabindex[39m=[32m"0"[39m
            [36m>[39m
              [0mBack[0m
            [36m</button>[39m
            [36m<button[39m
              [33mclass[39m=[32m"px-6 py-2 bg-green-600 text-white rounded-md hover:bg-green-700 disabled:bg-gray-400"[39m
              [33mdata-testid[39m=[32m"setupwizard-complete-btn"[39m
              [33mtabindex[39m=[32m"0"[39m
            [36m>[39m
              [0mComplete Setup[0m
            [36m</button>[39m
          [36m</div>[39m
        [36m</div>[39m
      [36m</div>[39m
    [36m</div>[39m
  [36m</body>[39m
[36m</html>[39m
 ❯ Proxy.waitForWrapper node_modules/@testing-library/dom/dist/wait-for.js:163:27
 ❯ __tests__/components/SetupWizard.test.tsx:248:13
    246|       // Step 1 to 2
    247|       fireEvent.click(continueButton);
    248|       await waitFor(() => screen.getByRole('heading', { name: /AI Prov…
       |             ^
    249|       
    250|       // Provide required API key before navigating

⎯⎯⎯⎯⎯⎯⎯⎯⎯⎯⎯⎯⎯⎯⎯⎯⎯⎯⎯⎯⎯⎯⎯[3/16]⎯

 FAIL  __tests__/components/SetupWizard.test.tsx > SetupWizard > API Keys Configuration Step > should display API key input fields
TestingLibraryElementError: Unable to find an element by: [data-testid="setupwizard-continue-btn"]

Ignored nodes: comments, script, style
[36m<body>[39m
  [36m<div>[39m
    [36m<div[39m
      [33mclass[39m=[32m"max-w-2xl mx-auto p-6"[39m
      [33mdata-testid[39m=[32m"setupwizard-container"[39m
    [36m>[39m
      [0m [0m
      [36m<div[39m
        [33mclass[39m=[32m"mb-8"[39m
      [36m>[39m
        [36m<div[39m
          [33mclass[39m=[32m"flex justify-between items-center mb-2"[39m
        [36m>[39m
          [36m<span[39m
            [33mclass[39m=[32m"text-sm text-gray-600"[39m
            [33mdata-testid[39m=[32m"setupwizard-step-counter"[39m
          [36m>[39m
            [0mStep [0m
            [0m4[0m
            [0m of [0m
            [0m4[0m
          [36m</span>[39m
          [36m<span[39m
            [33mclass[39m=[32m"text-sm text-gray-600"[39m
            [33mdata-testid[39m=[32m"setupwizard-progress-percent"[39m
          [36m>[39m
            [0m100[0m
            [0m%[0m
          [36m</span>[39m
        [36m</div>[39m
        [36m<div[39m
          [33mclass[39m=[32m"w-full bg-gray-200 rounded-full h-2"[39m
        [36m>[39m
          [36m<div[39m
            [33maria-valuemax[39m=[32m"4"[39m
            [33maria-valuemin[39m=[32m"0"[39m
            [33maria-valuenow[39m=[32m"4"[39m
            [33mclass[39m=[32m"bg-blue-600 h-2 rounded-full transition-all duration-300"[39m
            [33mdata-testid[39m=[32m"setupwizard-progressbar"[39m
            [33mrole[39m=[32m"progressbar"[39m
            [33mstyle[39m=[32m"width: 100%;"[39m
          [36m/>[39m
        [36m</div>[39m
      [36m</div>[39m
      [36m<div[39m
        [33mclass[39m=[32m"bg-white rounded-lg shadow-md p-6"[39m
      [36m>[39m
        [36m<h2[39m
          [33mclass[39m=[32m"text-2xl font-bold text-gray-900 mb-2"[39m
          [33mdata-testid[39m=[32m"setupwizard-step-title"[39m
        [36m>[39m
          [0mReview & Complete[0m
        [36m</h2>[39m
        [36m<p[39m
          [33mclass[39m=[32m"text-gray-600 mb-6"[39m
        [36m>[39m
          [0mReview your configuration and complete setup[0m
        [36m</p>[39m
        [36m<div[39m
          [33mclass[39m=[32m"space-y-6"[39m
        [36m>[39m
          [36m<h3[39m
            [33mclass[39m=[32m"text-lg font-semibold text-gray-900"[39m
          [36m>[39m
            [0mConfiguration Summary[0m
          [36m</h3>[39m
          [36m<div[39m
            [33mclass[39m=[32m"grid grid-cols-1 md:grid-cols-2 gap-4"[39m
          [36m>[39m
            [36m<div>[39m
              [36m<h4[39m
                [33mclass[39m=[32m"font-medium text-gray-700"[39m
              [36m>[39m
                [0mAI Provider:[0m
              [36m</h4>[39m
              [36m<p[39m
                [33mclass[39m=[32m"text-gray-600"[39m
              [36m>[39m
                [0mauto[0m
              [36m</p>[39m
            [36m</div>[39m
            [36m<div>[39m
              [36m<h4[39m
                [33mclass[39m=[32m"font-medium text-gray-700"[39m
              [36m>[39m
                [0mMonthly Budget:[0m
              [36m</h4>[39m
              [36m<p[39m
                [33mclass[39m=[32m"text-gray-600"[39m
              [36m>[39m
                [0m$[0m
                [0m100[0m
              [36m</p>[39m
            [36m</div>[39m
            [36m<div>[39m
              [36m<h4[39m
                [33mclass[39m=[32m"font-medium text-gray-700"[39m
              [36m>[39m
                [0mCitation Style:[0m
              [36m</h4>[39m
              [36m<p[39m
                [33mclass[39m=[32m"text-gray-600"[39m
              [36m>[39m
                [0mAPA[0m
              [36m</p>[39m
            [36m</div>[39m
            [36m<div>[39m
              [36m<h4[39m
                [33mclass[39m=[32m"font-medium text-gray-700"[39m
              [36m>[39m
                [0mLanguage:[0m
              [36m</h4>[39m
              [36m<p[39m
                [33mclass[39m=[32m"text-gray-600"[39m
              [36m>[39m
                [0mEnglish[0m
              [36m</p>[39m
            [36m</div>[39m
          [36m</div>[39m
          [36m<div[39m
            [33mclass[39m=[32m"bg-gray-50 p-4 rounded-lg"[39m
          [36m>[39m
            [36m<h4[39m
              [33mclass[39m=[32m"font-medium text-gray-700 mb-2"[39m
            [36m>[39m
              [0mSpecial Features:[0m
            [36m</h4>[39m
            [36m<ul[39m
              [33mclass[39m=[32m"text-gray-600 space-y-1"[39m
            [36m>[39m
              [36m<li>[39m
                [0m• Theme: [0m
                [0msystem[0m
              [36m</li>[39m
            [36m</ul>[39m
          [36m</div>[39m
        [36m</div>[39m
        [36m<div[39m
          [33mclass[39m=[32m"flex justify-between mt-8"[39m
          [33mdata-testid[39m=[32m"setupwizard-nav-buttons"[39m
        [36m>[39m
          [36m<button[39m
            [33mclass[39m=[32m"px-4 py-2 text-gray-600 bg-gray-200 rounded-md hover:bg-gray-300 disabled:bg-gray-100 disabled:text-gray-400"[39m
            [33mdata-testid[39m=[32m"setupwizard-back-btn"[39m
            [33mtabindex[39m=[32m"0"[39m
          [36m>[39m
            [0mBack[0m
          [36m</button>[39m
          [36m<button[39m
            [33mclass[39m=[32m"px-6 py-2 bg-green-600 text-white rounded-md hover:bg-green-700 disabled:bg-gray-400"[39m
            [33mdata-testid[39m=[32m"setupwizard-complete-btn"[39m
            [33mtabindex[39m=[32m"0"[39m
          [36m>[39m
            [0mComplete Setup[0m
          [36m</button>[39m
        [36m</div>[39m
      [36m</div>[39m
    [36m</div>[39m
  [36m</div>[39m
[36m</body>[39m
 ❯ Object.getElementError node_modules/@testing-library/dom/dist/config.js:37:19
 ❯ node_modules/@testing-library/dom/dist/query-helpers.js:76:38
 ❯ node_modules/@testing-library/dom/dist/query-helpers.js:52:17
 ❯ node_modules/@testing-library/dom/dist/query-helpers.js:95:19
 ❯ __tests__/components/SetupWizard.test.tsx:302:37
    300|       
    301|       // Navigate to API keys step
    302|       const continueButton = screen.getByTestId('setupwizard-continue-…
       |                                     ^
    303|       fireEvent.click(continueButton);
    304|       await waitFor(() => screen.getByRole('heading', { name: /AI Prov…

⎯⎯⎯⎯⎯⎯⎯⎯⎯⎯⎯⎯⎯⎯⎯⎯⎯⎯⎯⎯⎯⎯⎯[4/16]⎯

 FAIL  __tests__/components/SetupWizard.test.tsx > SetupWizard > API Keys Configuration Step > should test API keys when valid
TestingLibraryElementError: Unable to find an element with the text: /api key is valid and working/i. This could be because the text is broken up by multiple elements. In this case, you can provide a function for your text matcher to make your matcher more flexible.

Ignored nodes: comments, script, style
[36m<body>[39m
  [36m<div>[39m
    [36m<div[39m
      [33mclass[39m=[32m"max-w-2xl mx-auto p-6"[39m
      [33mdata-testid[39m=[32m"setupwizard-container"[39m
    [36m>[39m
      [0m [0m
      [36m<div[39m
        [33mclass[39m=[32m"mb-8"[39m
      [36m>[39m
        [36m<div[39m
          [33mclass[39m=[32m"flex justify-between items-center mb-2"[39m
        [36m>[39m
          [36m<span[39m
            [33mclass[39m=[32m"text-sm text-gray-600"[39m
            [33mdata-testid[39m=[32m"setupwizard-step-counter"[39m
          [36m>[39m
            [0mStep [0m
            [0m2[0m
            [0m of [0m
            [0m4[0m
          [36m</span>[39m
          [36m<span[39m
            [33mclass[39m=[32m"text-sm text-gray-600"[39m
            [33mdata-testid[39m=[32m"setupwizard-progress-percent"[39m
          [36m>[39m
            [0m50[0m
            [0m%[0m
          [36m</span>[39m
        [36m</div>[39m
        [36m<div[39m
          [33mclass[39m=[32m"w-full bg-gray-200 rounded-full h-2"[39m
        [36m>[39m
          [36m<div[39m
            [33maria-valuemax[39m=[32m"4"[39m
            [33maria-valuemin[39m=[32m"0"[39m
            [33maria-valuenow[39m=[32m"2"[39m
            [33mclass[39m=[32m"bg-blue-600 h-2 rounded-full transition-all duration-300"[39m
            [33mdata-testid[39m=[32m"setupwizard-progressbar"[39m
            [33mrole[39m=[32m"progressbar"[39m
            [33mstyle[39m=[32m"width: 50%;"[39m
          [36m/>[39m
        [36m</div>[39m
      [36m</div>[39m
      [36m<div[39m
        [33mclass[39m=[32m"bg-white rounded-lg shadow-md p-6"[39m
      [36m>[39m
        [36m<h2[39m
          [33mclass[39m=[32m"text-2xl font-bold text-gray-900 mb-2"[39m
          [33mdata-testid[39m=[32m"setupwizard-step-title"[39m
        [36m>[39m
          [0mAI Provider Configuration[0m
        [36m</h2>[39m
        [36m<p[39m
          [33mclass[39m=[32m"text-gray-600 mb-6"[39m
        [36m>[39m
          [0mConfigure your AI provider settings[0m
        [36m</p>[39m
        [36m<div[39m
          [33mclass[39m=[32m"space-y-6"[39m
          [33mdata-testid[39m=[32m"setupwizard-apikeys-content"[39m
        [36m>[39m
          [36m<div>[39m
            [36m<label[39m
              [33mclass[39m=[32m"block text-sm font-medium text-gray-700 mb-2"[39m
              [33mfor[39m=[32m"anthropicApiKey"[39m
            [36m>[39m
              [0mAnthropic API Key *[0m
            [36m</label>[39m
            [36m<div[39m
              [33mclass[39m=[32m"flex space-x-2"[39m
            [36m>[39m
              [36m<input[39m
                [33mclass[39m=[32m"flex-1 px-3 py-2 border rounded-md focus:outline-none focus:ring-2 focus:ring-blue-500 border-gray-300"[39m
                [33mdata-testid[39m=[32m"setupwizard-anthropic-api-key"[39m
                [33mid[39m=[32m"anthropicApiKey"[39m
                [33mplaceholder[39m=[32m"sk-ant-..."[39m
                [33mtabindex[39m=[32m"0"[39m
                [33mtype[39m=[32m"password"[39m
                [33mvalue[39m=[32m"sk-ant-valid-key"[39m
              [36m/>[39m
              [36m<button[39m
                [33mclass[39m=[32m"px-3 py-2 bg-blue-600 text-white rounded-md hover:bg-blue-700 disabled:bg-gray-400"[39m
                [33mtype[39m=[32m"button"[39m
              [36m>[39m
                [0mTest Anthropic Key[0m
              [36m</button>[39m
            [36m</div>[39m
            [36m<div[39m
              [33mclass[39m=[32m"mt-2 p-2 rounded bg-red-100 text-red-700"[39m
            [36m>[39m
              [0m✗[0m
              [0m [0m
              [0mTest completed[0m
            [36m</div>[39m
          [36m</div>[39m
          [36m<div>[39m
            [36m<label[39m
              [33mclass[39m=[32m"block text-sm font-medium text-gray-700 mb-2"[39m
              [33mfor[39m=[32m"openaiApiKey"[39m
            [36m>[39m
              [0mOpenAI API Key (Optional)[0m
            [36m</label>[39m
            [36m<div[39m
              [33mclass[39m=[32m"flex space-x-2"[39m
            [36m>[39m
              [36m<input[39m
                [33mclass[39m=[32m"flex-1 px-3 py-2 border rounded-md focus:outline-none focus:ring-2 focus:ring-blue-500 border-gray-300"[39m
                [33mid[39m=[32m"openaiApiKey"[39m
                [33mplaceholder[39m=[32m"sk-..."[39m
                [33mtabindex[39m=[32m"0"[39m
                [33mtype[39m=[32m"password"[39m
                [33mvalue[39m=[32m""[39m
              [36m/>[39m
              [36m<button[39m
                [33mclass[39m=[32m"px-3 py-2 bg-blue-600 text-white rounded-md hover:bg-blue-700 disabled:bg-gray-400"[39m
                [33mdisabled[39m=[32m""[39m
                [33mtype[39m=[32m"button"[39m
              [36m>[39m
                [0mTest OpenAI Key[0m
              [36m</button>[39m
            [36m</div>[39m
          [36m</div>[39m
          [36m<div>[39m
            [36m<label[39m
              [33mclass[39m=[32m"block text-sm font-medium text-gray-700 mb-2"[39m
              [33mfor[39m=[32m"monthlyBudget"[39m
            [36m>[39m
              [0mMonthly Budget ($) *[0m
            [36m</label>[39m
            [36m<input[39m
              [33mclass[39m=[32m"w-full px-3 py-2 border rounded-md focus:outline-none focus:ring-2 focus:ring-blue-500 border-gray-300"[39m
              [33mid[39m=[32m"monthlyBudget"[39m
              [33mmin[39m=[32m"0"[39m
              [33mstep[39m=[32m"0.01"[39m
              [33mtabindex[39m=[32m"0"[39m
              [33mtype[39m=[32m"number"[39m
              [33mvalue[39m=[32m"100"[39m
            [36m/>[39m
          [36m</div>[39m
          [36m<div>[39m
            [36m<label[39m
              [33mclass[39m=[32m"block text-sm font-medium text-gray-700 mb-2"[39m
              [33mfor[39m=[32m"preferredProvider"[39m
            [36m>[39m
              [0mPreferred Provider[0m
            [36m</label>[39m
            [36m<select[39m
              [33mclass[39m=[32m"w-full px-3 py-2 border border-gray-300 rounded-md focus:outline-none focus:ring-2 focus:ring-blue-500"[39m
              [33mid[39m=[32m"preferredProvider"[39m
              [33mtabindex[39m=[32m"0"[39m
            [36m>[39m
              [36m<option[39m
                [33mvalue[39m=[32m"auto"[39m
              [36m>[39m
                [0mAuto[0m
              [36m</option>[39m
              [36m<option[39m
                [33mvalue[39m=[32m"anthropic"[39m
              [36m>[39m
                [0mAnthropic[0m
              [36m</option>[39m
              [36m<option[39m
                [33mvalue[39m=[32m"openai"[39m
              [36m>[39m
                [0mOpenAI[0m
              [36m</option>[39m
            [36m</select>[39m
          [36m</div>[39m
        [36m</div>[39m
        [36m<div[39m
          [33mclass[39m=[32m"flex justify-between mt-8"[39m
          [33mdata-testid[39m=[32m"setupwizard-nav-buttons"[39m
        [36m>[39m
          [36m<button[39m
            [33mclass[39m=[32m"px-4 py-2 text-gray-600 bg-gray-200 rounded-md hover:bg-gray-300 disabled:bg-gray-100 disabled:text-gray-400"[39m
            [33mdata-testid[39m=[32m"setupwizard-back-btn"[39m
            [33mtabindex[39m=[32m"0"[39m
          [36m>[39m
            [0mBack[0m
          [36m</button>[39m
          [36m<button[39m
            [33mclass[39m=[32m"px-6 py-2 bg-blue-600 text-white rounded-md hover:bg-blue-700 disabled:bg-gray-400"[39m
            [33mdata-testid[39m=[32m"setupwizard-continue-btn"[39m
            [33mtabindex[39m=[32m"0"[39m
          [36m>[39m
            [0mContinue[0m
          [36m</button>[39m
        [36m</div>[39m
      [36m</div>[39m
    [36m</div>[39m
  [36m</div>[39m
[36m</body>[39m

Ignored nodes: comments, script, style
[36m<html>[39m
  [36m<head />[39m
  [36m<body>[39m
    [36m<div>[39m
      [36m<div[39m
        [33mclass[39m=[32m"max-w-2xl mx-auto p-6"[39m
        [33mdata-testid[39m=[32m"setupwizard-container"[39m
      [36m>[39m
        [0m [0m
        [36m<div[39m
          [33mclass[39m=[32m"mb-8"[39m
        [36m>[39m
          [36m<div[39m
            [33mclass[39m=[32m"flex justify-between items-center mb-2"[39m
          [36m>[39m
            [36m<span[39m
              [33mclass[39m=[32m"text-sm text-gray-600"[39m
              [33mdata-testid[39m=[32m"setupwizard-step-counter"[39m
            [36m>[39m
              [0mStep [0m
              [0m2[0m
              [0m of [0m
              [0m4[0m
            [36m</span>[39m
            [36m<span[39m
              [33mclass[39m=[32m"text-sm text-gray-600"[39m
              [33mdata-testid[39m=[32m"setupwizard-progress-percent"[39m
            [36m>[39m
              [0m50[0m
              [0m%[0m
            [36m</span>[39m
          [36m</div>[39m
          [36m<div[39m
            [33mclass[39m=[32m"w-full bg-gray-200 rounded-full h-2"[39m
          [36m>[39m
            [36m<div[39m
              [33maria-valuemax[39m=[32m"4"[39m
              [33maria-valuemin[39m=[32m"0"[39m
              [33maria-valuenow[39m=[32m"2"[39m
              [33mclass[39m=[32m"bg-blue-600 h-2 rounded-full transition-all duration-300"[39m
              [33mdata-testid[39m=[32m"setupwizard-progressbar"[39m
              [33mrole[39m=[32m"progressbar"[39m
              [33mstyle[39m=[32m"width: 50%;"[39m
            [36m/>[39m
          [36m</div>[39m
        [36m</div>[39m
        [36m<div[39m
          [33mclass[39m=[32m"bg-white rounded-lg shadow-md p-6"[39m
        [36m>[39m
          [36m<h2[39m
            [33mclass[39m=[32m"text-2xl font-bold text-gray-900 mb-2"[39m
            [33mdata-testid[39m=[32m"setupwizard-step-title"[39m
          [36m>[39m
            [0mAI Provider Configuration[0m
          [36m</h2>[39m
          [36m<p[39m
            [33mclass[39m=[32m"text-gray-600 mb-6"[39m
          [36m>[39m
            [0mConfigure your AI provider settings[0m
          [36m</p>[39m
          [36m<div[39m
            [33mclass[39m=[32m"space-y-6"[39m
            [33mdata-testid[39m=[32m"setupwizard-apikeys-content"[39m
          [36m>[39m
            [36m<div>[39m
              [36m<label[39m
                [33mclass[39m=[32m"block text-sm font-medium text-gray-700 mb-2"[39m
                [33mfor[39m=[32m"anthropicApiKey"[39m
              [36m>[39m
                [0mAnthropic API Key *[0m
              [36m</label>[39m
              [36m<div[39m
                [33mclass[39m=[32m"flex space-x-2"[39m
              [36m>[39m
                [36m<input[39m
                  [33mclass[39m=[32m"flex-1 px-3 py-2 border rounded-md focus:outline-none focus:ring-2 focus:ring-blue-500 border-gray-300"[39m
                  [33mdata-testid[39m=[32m"setupwizard-anthropic-api-key"[39m
                  [33mid[39m=[32m"anthropicApiKey"[39m
                  [33mplaceholder[39m=[32m"sk-ant-..."[39m
                  [33mtabindex[39m=[32m"0"[39m
                  [33mtype[39m=[32m"password"[39m
                  [33mvalue[39m=[32m"sk-ant-valid-key"[39m
                [36m/>[39m
                [36m<button[39m
                  [33mclass[39m=[32m"px-3 py-2 bg-blue-600 text-white rounded-md hover:bg-blue-700 disabled:bg-gray-400"[39m
                  [33mtype[39m=[32m"button"[39m
                [36m>[39m
                  [0mTest Anthropic Key[0m
                [36m</button>[39m
              [36m</div>[39m
              [36m<div[39m
                [33mclass[39m=[32m"mt-2 p-2 rounded bg-red-100 text-red-700"[39m
              [36m>[39m
                [0m✗[0m
                [0m [0m
                [0mTest completed[0m
              [36m</div>[39m
            [36m</div>[39m
            [36m<div>[39m
              [36m<label[39m
                [33mclass[39m=[32m"block text-sm font-medium text-gray-700 mb-2"[39m
                [33mfor[39m=[32m"openaiApiKey"[39m
              [36m>[39m
                [0mOpenAI API Key (Optional)[0m
              [36m</label>[39m
              [36m<div[39m
                [33mclass[39m=[32m"flex space-x-2"[39m
              [36m>[39m
                [36m<input[39m
                  [33mclass[39m=[32m"flex-1 px-3 py-2 border rounded-md focus:outline-none focus:ring-2 focus:ring-blue-500 border-gray-300"[39m
                  [33mid[39m=[32m"openaiApiKey"[39m
                  [33mplaceholder[39m=[32m"sk-..."[39m
                  [33mtabindex[39m=[32m"0"[39m
                  [33mtype[39m=[32m"password"[39m
                  [33mvalue[39m=[32m""[39m
                [36m/>[39m
                [36m<button[39m
                  [33mclass[39m=[32m"px-3 py-2 bg-blue-600 text-white rounded-md hover:bg-blue-700 disabled:bg-gray-400"[39m
                  [33mdisabled[39m=[32m""[39m
                  [33mtype[39m=[32m"button"[39m
                [36m>[39m
                  [0mTest OpenAI Key[0m
                [36m</button>[39m
              [36m</div>[39m
            [36m</div>[39m
            [36m<div>[39m
              [36m<label[39m
                [33mclass[39m=[32m"block text-sm font-medium text-gray-700 mb-2"[39m
                [33mfor[39m=[32m"monthlyBudget"[39m
              [36m>[39m
                [0mMonthly Budget ($) *[0m
              [36m</label>[39m
              [36m<input[39m
                [33mclass[39m=[32m"w-full px-3 py-2 border rounded-md focus:outline-none focus:ring-2 focus:ring-blue-500 border-gray-300"[39m
                [33mid[39m=[32m"monthlyBudget"[39m
                [33mmin[39m=[32m"0"[39m
                [33mstep[39m=[32m"0.01"[39m
                [33mtabindex[39m=[32m"0"[39m
                [33mtype[39m=[32m"number"[39m
                [33mvalue[39m=[32m"100"[39m
              [36m/>[39m
            [36m</div>[39m
            [36m<div>[39m
              [36m<label[39m
                [33mclass[39m=[32m"block text-sm font-medium text-gray-700 mb-2"[39m
                [33mfor[39m=[32m"preferredProvider"[39m
              [36m>[39m
                [0mPreferred Provider[0m
              [36m</label>[39m
              [36m<select[39m
                [33mclass[39m=[32m"w-full px-3 py-2 border border-gray-300 rounded-md focus:outline-none focus:ring-2 focus:ring-blue-500"[39m
                [33mid[39m=[32m"preferredProvider"[39m
                [33mtabindex[39m=[32m"0"[39m
              [36m>[39m
                [36m<option[39m
                  [33mvalue[39m=[32m"auto"[39m
                [36m>[39m
                  [0mAuto[0m
                [36m</option>[39m
                [36m<option[39m
                  [33mvalue[39m=[32m"anthropic"[39m
                [36m>[39m
                  [0mAnthropic[0m
                [36m</option>[39m
                [36m<option[39m
                  [33mvalue[39m=[32m"openai"[39m
                [36m>[39m
                  [0mOpenAI[0m
                [36m</option>[39m
              [36m</select>[39m
            [36m</div>[39m
          [36m</div>[39m
          [36m<div[39m
            [33mclass[39m=[32m"flex justify-between mt-8"[39m
            [33mdata-testid[39m=[32m"setupwizard-nav-buttons"[39m
          [36m>[39m
            [36m<button[39m
              [33mclass[39m=[32m"px-4 py-2 text-gray-600 bg-gray-200 rounded-md hover:bg-gray-300 disabled:bg-gray-100 disabled:text-gray-400"[39m
              [33mdata-testid[39m=[32m"setupwizard-back-btn"[39m
              [33mtabindex[39m=[32m"0"[39m
            [36m>[39m
              [0mBack[0m
            [36m</button>[39m
            [36m<button[39m
              [33mclass[39m=[32m"px-6 py-2 bg-blue-600 text-white rounded-md hover:bg-blue-700 disabled:bg-gray-400"[39m
              [33mdata-testid[39m=[32m"setupwizard-continue-btn"[39m
              [33mtabindex[39m=[32m"0"[39m
            [36m>[39m
              [0mContinue[0m
            [36m</button>[39m
          [36m</div>[39m
        [36m</div>[39m
      [36m</div>[39m
    [36m</div>[39m
  [36m</body>[39m
[36m</html>[39m
 ❯ Proxy.waitForWrapper node_modules/@testing-library/dom/dist/wait-for.js:163:27
 ❯ __tests__/components/SetupWizard.test.tsx:349:13
    347|       fireEvent.click(testButton);
    348| 
    349|       await waitFor(() => {
       |             ^
    350|         expect(screen.getByText(/api key is valid and working/i)).toBe…
    351|       });

⎯⎯⎯⎯⎯⎯⎯⎯⎯⎯⎯⎯⎯⎯⎯⎯⎯⎯⎯⎯⎯⎯⎯[5/16]⎯

 FAIL  __tests__/components/SetupWizard.test.tsx > SetupWizard > API Keys Configuration Step > should prevent navigation without required fields
TestingLibraryElementError: Unable to find role="heading" and name `/AI Provider Configuration/i`

Ignored nodes: comments, script, style
[36m<body>[39m
  [36m<div>[39m
    [36m<div[39m
      [33mclass[39m=[32m"max-w-2xl mx-auto p-6"[39m
      [33mdata-testid[39m=[32m"setupwizard-container"[39m
    [36m>[39m
      [0m [0m
      [36m<div[39m
        [33mclass[39m=[32m"mb-8"[39m
      [36m>[39m
        [36m<div[39m
          [33mclass[39m=[32m"flex justify-between items-center mb-2"[39m
        [36m>[39m
          [36m<span[39m
            [33mclass[39m=[32m"text-sm text-gray-600"[39m
            [33mdata-testid[39m=[32m"setupwizard-step-counter"[39m
          [36m>[39m
            [0mStep [0m
            [0m4[0m
            [0m of [0m
            [0m4[0m
          [36m</span>[39m
          [36m<span[39m
            [33mclass[39m=[32m"text-sm text-gray-600"[39m
            [33mdata-testid[39m=[32m"setupwizard-progress-percent"[39m
          [36m>[39m
            [0m100[0m
            [0m%[0m
          [36m</span>[39m
        [36m</div>[39m
        [36m<div[39m
          [33mclass[39m=[32m"w-full bg-gray-200 rounded-full h-2"[39m
        [36m>[39m
          [36m<div[39m
            [33maria-valuemax[39m=[32m"4"[39m
            [33maria-valuemin[39m=[32m"0"[39m
            [33maria-valuenow[39m=[32m"4"[39m
            [33mclass[39m=[32m"bg-blue-600 h-2 rounded-full transition-all duration-300"[39m
            [33mdata-testid[39m=[32m"setupwizard-progressbar"[39m
            [33mrole[39m=[32m"progressbar"[39m
            [33mstyle[39m=[32m"width: 100%;"[39m
          [36m/>[39m
        [36m</div>[39m
      [36m</div>[39m
      [36m<div[39m
        [33mclass[39m=[32m"bg-white rounded-lg shadow-md p-6"[39m
      [36m>[39m
        [36m<h2[39m
          [33mclass[39m=[32m"text-2xl font-bold text-gray-900 mb-2"[39m
          [33mdata-testid[39m=[32m"setupwizard-step-title"[39m
        [36m>[39m
          [0mReview & Complete[0m
        [36m</h2>[39m
        [36m<p[39m
          [33mclass[39m=[32m"text-gray-600 mb-6"[39m
        [36m>[39m
          [0mReview your configuration and complete setup[0m
        [36m</p>[39m
        [36m<div[39m
          [33mclass[39m=[32m"space-y-6"[39m
        [36m>[39m
          [36m<h3[39m
            [33mclass[39m=[32m"text-lg font-semibold text-gray-900"[39m
          [36m>[39m
            [0mConfiguration Summary[0m
          [36m</h3>[39m
          [36m<div[39m
            [33mclass[39m=[32m"grid grid-cols-1 md:grid-cols-2 gap-4"[39m
          [36m>[39m
            [36m<div>[39m
              [36m<h4[39m
                [33mclass[39m=[32m"font-medium text-gray-700"[39m
              [36m>[39m
                [0mAI Provider:[0m
              [36m</h4>[39m
              [36m<p[39m
                [33mclass[39m=[32m"text-gray-600"[39m
              [36m>[39m
                [0mauto[0m
              [36m</p>[39m
            [36m</div>[39m
            [36m<div>[39m
              [36m<h4[39m
                [33mclass[39m=[32m"font-medium text-gray-700"[39m
              [36m>[39m
                [0mMonthly Budget:[0m
              [36m</h4>[39m
              [36m<p[39m
                [33mclass[39m=[32m"text-gray-600"[39m
              [36m>[39m
                [0m$[0m
                [0m100[0m
              [36m</p>[39m
            [36m</div>[39m
            [36m<div>[39m
              [36m<h4[39m
                [33mclass[39m=[32m"font-medium text-gray-700"[39m
              [36m>[39m
                [0mCitation Style:[0m
              [36m</h4>[39m
              [36m<p[39m
                [33mclass[39m=[32m"text-gray-600"[39m
              [36m>[39m
                [0mAPA[0m
              [36m</p>[39m
            [36m</div>[39m
            [36m<div>[39m
              [36m<h4[39m
                [33mclass[39m=[32m"font-medium text-gray-700"[39m
              [36m>[39m
                [0mLanguage:[0m
              [36m</h4>[39m
              [36m<p[39m
                [33mclass[39m=[32m"text-gray-600"[39m
              [36m>[39m
                [0mEnglish[0m
              [36m</p>[39m
            [36m</div>[39m
          [36m</div>[39m
          [36m<div[39m
            [33mclass[39m=[32m"bg-gray-50 p-4 rounded-lg"[39m
          [36m>[39m
            [36m<h4[39m
              [33mclass[39m=[32m"font-medium text-gray-700 mb-2"[39m
            [36m>[39m
              [0mSpecial Features:[0m
            [36m</h4>[39m
            [36m<ul[39m
              [33mclass[39m=[32m"text-gray-600 space-y-1"[39m
            [36m>[39m
              [36m<li>[39m
                [0m• Theme: [0m
                [0msystem[0m
              [36m</li>[39m
            [36m</ul>[39m
          [36m</div>[39m
        [36m</div>[39m
        [36m<div[39m
          [33mclass[39m=[32m"flex justify-between mt-8"[39m
          [33mdata-testid[39m=[32m"setupwizard-nav-buttons"[39m
        [36m>[39m
          [36m<button[39m
            [33mclass[39m=[32m"px-4 py-2 text-gray-600 bg-gray-200 rounded-md hover:bg-gray-300 disabled:bg-gray-100 disabled:text-gray-400"[39m
            [33mdata-testid[39m=[32m"setupwizard-back-btn"[39m
            [33mtabindex[39m=[32m"0"[39m
          [36m>[39m
            [0mBack[0m
          [36m</button>[39m
          [36m<button[39m
            [33mclass[39m=[32m"px-6 py-2 bg-green-600 text-white rounded-md hover:bg-green-700 disabled:bg-gray-400"[39m
            [33mdata-testid[39m=[32m"setupwizard-complete-btn"[39m
            [33mtabindex[39m=[32m"0"[39m
          [36m>[39m
            [0mComplete Setup[0m
          [36m</button>[39m
        [36m</div>[39m
      [36m</div>[39m
    [36m</div>[39m
  [36m</div>[39m
[36m</body>[39m

Ignored nodes: comments, script, style
[36m<html>[39m
  [36m<head />[39m
  [36m<body>[39m
    [36m<div>[39m
      [36m<div[39m
        [33mclass[39m=[32m"max-w-2xl mx-auto p-6"[39m
        [33mdata-testid[39m=[32m"setupwizard-container"[39m
      [36m>[39m
        [0m [0m
        [36m<div[39m
          [33mclass[39m=[32m"mb-8"[39m
        [36m>[39m
          [36m<div[39m
            [33mclass[39m=[32m"flex justify-between items-center mb-2"[39m
          [36m>[39m
            [36m<span[39m
              [33mclass[39m=[32m"text-sm text-gray-600"[39m
              [33mdata-testid[39m=[32m"setupwizard-step-counter"[39m
            [36m>[39m
              [0mStep [0m
              [0m4[0m
              [0m of [0m
              [0m4[0m
            [36m</span>[39m
            [36m<span[39m
              [33mclass[39m=[32m"text-sm text-gray-600"[39m
              [33mdata-testid[39m=[32m"setupwizard-progress-percent"[39m
            [36m>[39m
              [0m100[0m
              [0m%[0m
            [36m</span>[39m
          [36m</div>[39m
          [36m<div[39m
            [33mclass[39m=[32m"w-full bg-gray-200 rounded-full h-2"[39m
          [36m>[39m
            [36m<div[39m
              [33maria-valuemax[39m=[32m"4"[39m
              [33maria-valuemin[39m=[32m"0"[39m
              [33maria-valuenow[39m=[32m"4"[39m
              [33mclass[39m=[32m"bg-blue-600 h-2 rounded-full transition-all duration-300"[39m
              [33mdata-testid[39m=[32m"setupwizard-progressbar"[39m
              [33mrole[39m=[32m"progressbar"[39m
              [33mstyle[39m=[32m"width: 100%;"[39m
            [36m/>[39m
          [36m</div>[39m
        [36m</div>[39m
        [36m<div[39m
          [33mclass[39m=[32m"bg-white rounded-lg shadow-md p-6"[39m
        [36m>[39m
          [36m<h2[39m
            [33mclass[39m=[32m"text-2xl font-bold text-gray-900 mb-2"[39m
            [33mdata-testid[39m=[32m"setupwizard-step-title"[39m
          [36m>[39m
            [0mReview & Complete[0m
          [36m</h2>[39m
          [36m<p[39m
            [33mclass[39m=[32m"text-gray-600 mb-6"[39m
          [36m>[39m
            [0mReview your configuration and complete setup[0m
          [36m</p>[39m
          [36m<div[39m
            [33mclass[39m=[32m"space-y-6"[39m
          [36m>[39m
            [36m<h3[39m
              [33mclass[39m=[32m"text-lg font-semibold text-gray-900"[39m
            [36m>[39m
              [0mConfiguration Summary[0m
            [36m</h3>[39m
            [36m<div[39m
              [33mclass[39m=[32m"grid grid-cols-1 md:grid-cols-2 gap-4"[39m
            [36m>[39m
              [36m<div>[39m
                [36m<h4[39m
                  [33mclass[39m=[32m"font-medium text-gray-700"[39m
                [36m>[39m
                  [0mAI Provider:[0m
                [36m</h4>[39m
                [36m<p[39m
                  [33mclass[39m=[32m"text-gray-600"[39m
                [36m>[39m
                  [0mauto[0m
                [36m</p>[39m
              [36m</div>[39m
              [36m<div>[39m
                [36m<h4[39m
                  [33mclass[39m=[32m"font-medium text-gray-700"[39m
                [36m>[39m
                  [0mMonthly Budget:[0m
                [36m</h4>[39m
                [36m<p[39m
                  [33mclass[39m=[32m"text-gray-600"[39m
                [36m>[39m
                  [0m$[0m
                  [0m100[0m
                [36m</p>[39m
              [36m</div>[39m
              [36m<div>[39m
                [36m<h4[39m
                  [33mclass[39m=[32m"font-medium text-gray-700"[39m
                [36m>[39m
                  [0mCitation Style:[0m
                [36m</h4>[39m
                [36m<p[39m
                  [33mclass[39m=[32m"text-gray-600"[39m
                [36m>[39m
                  [0mAPA[0m
                [36m</p>[39m
              [36m</div>[39m
              [36m<div>[39m
                [36m<h4[39m
                  [33mclass[39m=[32m"font-medium text-gray-700"[39m
                [36m>[39m
                  [0mLanguage:[0m
                [36m</h4>[39m
                [36m<p[39m
                  [33mclass[39m=[32m"text-gray-600"[39m
                [36m>[39m
                  [0mEnglish[0m
                [36m</p>[39m
              [36m</div>[39m
            [36m</div>[39m
            [36m<div[39m
              [33mclass[39m=[32m"bg-gray-50 p-4 rounded-lg"[39m
            [36m>[39m
              [36m<h4[39m
                [33mclass[39m=[32m"font-medium text-gray-700 mb-2"[39m
              [36m>[39m
                [0mSpecial Features:[0m
              [36m</h4>[39m
              [36m<ul[39m
                [33mclass[39m=[32m"text-gray-600 space-y-1"[39m
              [36m>[39m
                [36m<li>[39m
                  [0m• Theme: [0m
                  [0msystem[0m
                [36m</li>[39m
              [36m</ul>[39m
            [36m</div>[39m
          [36m</div>[39m
          [36m<div[39m
            [33mclass[39m=[32m"flex justify-between mt-8"[39m
            [33mdata-testid[39m=[32m"setupwizard-nav-buttons"[39m
          [36m>[39m
            [36m<button[39m
              [33mclass[39m=[32m"px-4 py-2 text-gray-600 bg-gray-200 rounded-md hover:bg-gray-300 disabled:bg-gray-100 disabled:text-gray-400"[39m
              [33mdata-testid[39m=[32m"setupwizard-back-btn"[39m
              [33mtabindex[39m=[32m"0"[39m
            [36m>[39m
              [0mBack[0m
            [36m</button>[39m
            [36m<button[39m
              [33mclass[39m=[32m"px-6 py-2 bg-green-600 text-white rounded-md hover:bg-green-700 disabled:bg-gray-400"[39m
              [33mdata-testid[39m=[32m"setupwizard-complete-btn"[39m
              [33mtabindex[39m=[32m"0"[39m
            [36m>[39m
              [0mComplete Setup[0m
            [36m</button>[39m
          [36m</div>[39m
        [36m</div>[39m
      [36m</div>[39m
    [36m</div>[39m
  [36m</body>[39m
[36m</html>[39m
 ❯ Proxy.waitForWrapper node_modules/@testing-library/dom/dist/wait-for.js:163:27
 ❯ __tests__/components/SetupWizard.test.tsx:304:13
    302|       const continueButton = screen.getByTestId('setupwizard-continue-…
    303|       fireEvent.click(continueButton);
    304|       await waitFor(() => screen.getByRole('heading', { name: /AI Prov…
       |             ^
    305|     });
    306| 

⎯⎯⎯⎯⎯⎯⎯⎯⎯⎯⎯⎯⎯⎯⎯⎯⎯⎯⎯⎯⎯⎯⎯[6/16]⎯

 FAIL  __tests__/components/SetupWizard.test.tsx > SetupWizard > Academic Preferences Step > should display preference settings
TestingLibraryElementError: Unable to find a label with the text of: /citation style/i

Ignored nodes: comments, script, style
[36m<body>[39m
  [36m<div>[39m
    [36m<div[39m
      [33mclass[39m=[32m"max-w-2xl mx-auto p-6"[39m
      [33mdata-testid[39m=[32m"setupwizard-container"[39m
    [36m>[39m
      [0m [0m
      [36m<div[39m
        [33mclass[39m=[32m"mb-8"[39m
      [36m>[39m
        [36m<div[39m
          [33mclass[39m=[32m"flex justify-between items-center mb-2"[39m
        [36m>[39m
          [36m<span[39m
            [33mclass[39m=[32m"text-sm text-gray-600"[39m
            [33mdata-testid[39m=[32m"setupwizard-step-counter"[39m
          [36m>[39m
            [0mStep [0m
            [0m2[0m
            [0m of [0m
            [0m4[0m
          [36m</span>[39m
          [36m<span[39m
            [33mclass[39m=[32m"text-sm text-gray-600"[39m
            [33mdata-testid[39m=[32m"setupwizard-progress-percent"[39m
          [36m>[39m
            [0m50[0m
            [0m%[0m
          [36m</span>[39m
        [36m</div>[39m
        [36m<div[39m
          [33mclass[39m=[32m"w-full bg-gray-200 rounded-full h-2"[39m
        [36m>[39m
          [36m<div[39m
            [33maria-valuemax[39m=[32m"4"[39m
            [33maria-valuemin[39m=[32m"0"[39m
            [33maria-valuenow[39m=[32m"2"[39m
            [33mclass[39m=[32m"bg-blue-600 h-2 rounded-full transition-all duration-300"[39m
            [33mdata-testid[39m=[32m"setupwizard-progressbar"[39m
            [33mrole[39m=[32m"progressbar"[39m
            [33mstyle[39m=[32m"width: 50%;"[39m
          [36m/>[39m
        [36m</div>[39m
      [36m</div>[39m
      [36m<div[39m
        [33mclass[39m=[32m"bg-white rounded-lg shadow-md p-6"[39m
      [36m>[39m
        [36m<h2[39m
          [33mclass[39m=[32m"text-2xl font-bold text-gray-900 mb-2"[39m
          [33mdata-testid[39m=[32m"setupwizard-step-title"[39m
        [36m>[39m
          [0mAI Provider Configuration[0m
        [36m</h2>[39m
        [36m<p[39m
          [33mclass[39m=[32m"text-gray-600 mb-6"[39m
        [36m>[39m
          [0mConfigure your AI provider settings[0m
        [36m</p>[39m
        [36m<div[39m
          [33mclass[39m=[32m"space-y-6"[39m
          [33mdata-testid[39m=[32m"setupwizard-apikeys-content"[39m
        [36m>[39m
          [36m<div>[39m
            [36m<label[39m
              [33mclass[39m=[32m"block text-sm font-medium text-gray-700 mb-2"[39m
              [33mfor[39m=[32m"anthropicApiKey"[39m
            [36m>[39m
              [0mAnthropic API Key *[0m
            [36m</label>[39m
            [36m<div[39m
              [33mclass[39m=[32m"flex space-x-2"[39m
            [36m>[39m
              [36m<input[39m
                [33mclass[39m=[32m"flex-1 px-3 py-2 border rounded-md focus:outline-none focus:ring-2 focus:ring-blue-500 border-gray-300"[39m
                [33mdata-testid[39m=[32m"setupwizard-anthropic-api-key"[39m
                [33mid[39m=[32m"anthropicApiKey"[39m
                [33mplaceholder[39m=[32m"sk-ant-..."[39m
                [33mtabindex[39m=[32m"0"[39m
                [33mtype[39m=[32m"password"[39m
                [33mvalue[39m=[32m"sk-ant-valid-key"[39m
              [36m/>[39m
              [36m<button[39m
                [33mclass[39m=[32m"px-3 py-2 bg-blue-600 text-white rounded-md hover:bg-blue-700 disabled:bg-gray-400"[39m
                [33mtype[39m=[32m"button"[39m
              [36m>[39m
                [0mTest Anthropic Key[0m
              [36m</button>[39m
            [36m</div>[39m
          [36m</div>[39m
          [36m<div>[39m
            [36m<label[39m
              [33mclass[39m=[32m"block text-sm font-medium text-gray-700 mb-2"[39m
              [33mfor[39m=[32m"openaiApiKey"[39m
            [36m>[39m
              [0mOpenAI API Key (Optional)[0m
            [36m</label>[39m
            [36m<div[39m
              [33mclass[39m=[32m"flex space-x-2"[39m
            [36m>[39m
              [36m<input[39m
                [33mclass[39m=[32m"flex-1 px-3 py-2 border rounded-md focus:outline-none focus:ring-2 focus:ring-blue-500 border-gray-300"[39m
                [33mid[39m=[32m"openaiApiKey"[39m
                [33mplaceholder[39m=[32m"sk-..."[39m
                [33mtabindex[39m=[32m"0"[39m
                [33mtype[39m=[32m"password"[39m
                [33mvalue[39m=[32m""[39m
              [36m/>[39m
              [36m<button[39m
                [33mclass[39m=[32m"px-3 py-2 bg-blue-600 text-white rounded-md hover:bg-blue-700 disabled:bg-gray-400"[39m
                [33mdisabled[39m=[32m""[39m
                [33mtype[39m=[32m"button"[39m
              [36m>[39m
                [0mTest OpenAI Key[0m
              [36m</button>[39m
            [36m</div>[39m
          [36m</div>[39m
          [36m<div>[39m
            [36m<label[39m
              [33mclass[39m=[32m"block text-sm font-medium text-gray-700 mb-2"[39m
              [33mfor[39m=[32m"monthlyBudget"[39m
            [36m>[39m
              [0mMonthly Budget ($) *[0m
            [36m</label>[39m
            [36m<input[39m
              [33mclass[39m=[32m"w-full px-3 py-2 border rounded-md focus:outline-none focus:ring-2 focus:ring-blue-500 border-gray-300"[39m
              [33mid[39m=[32m"monthlyBudget"[39m
              [33mmin[39m=[32m"0"[39m
              [33mstep[39m=[32m"0.01"[39m
              [33mtabindex[39m=[32m"0"[39m
              [33mtype[39m=[32m"number"[39m
              [33mvalue[39m=[32m"100"[39m
            [36m/>[39m
          [36m</div>[39m
          [36m<div>[39m
            [36m<label[39m
              [33mclass[39m=[32m"block text-sm font-medium text-gray-700 mb-2"[39m
              [33mfor[39m=[32m"preferredProvider"[39m
            [36m>[39m
              [0mPreferred Provider[0m
            [36m</label>[39m
            [36m<select[39m
              [33mclass[39m=[32m"w-full px-3 py-2 border border-gray-300 rounded-md focus:outline-none focus:ring-2 focus:ring-blue-500"[39m
              [33mid[39m=[32m"preferredProvider"[39m
              [33mtabindex[39m=[32m"0"[39m
            [36m>[39m
              [36m<option[39m
                [33mvalue[39m=[32m"auto"[39m
              [36m>[39m
                [0mAuto[0m
              [36m</option>[39m
              [36m<option[39m
                [33mvalue[39m=[32m"anthropic"[39m
              [36m>[39m
                [0mAnthropic[0m
              [36m</option>[39m
              [36m<option[39m
                [33mvalue[39m=[32m"openai"[39m
              [36m>[39m
                [0mOpenAI[0m
              [36m</option>[39m
            [36m</select>[39m
          [36m</div>[39m
        [36m</div>[39m
        [36m<div[39m
          [33mclass[39m=[32m"flex justify-between mt-8"[39m
          [33mdata-testid[39m=[32m"setupwizard-nav-buttons"[39m
        [36m>[39m
          [36m<button[39m
            [33mclass[39m=[32m"px-4 py-2 text-gray-600 bg-gray-200 rounded-md hover:bg-gray-300 disabled:bg-gray-100 disabled:text-gray-400"[39m
            [33mdata-testid[39m=[32m"setupwizard-back-btn"[39m
            [33mtabindex[39m=[32m"0"[39m
          [36m>[39m
            [0mBack[0m
          [36m</button>[39m
          [36m<button[39m
            [33mclass[39m=[32m"px-6 py-2 bg-blue-600 text-white rounded-md hover:bg-blue-700 disabled:bg-gray-400"[39m
            [33mdata-testid[39m=[32m"setupwizard-continue-btn"[39m
            [33mtabindex[39m=[32m"0"[39m
          [36m>[39m
            [0mContinue[0m
          [36m</button>[39m
        [36m</div>[39m
      [36m</div>[39m
    [36m</div>[39m
  [36m</div>[39m
[36m</body>[39m

Ignored nodes: comments, script, style
[36m<html>[39m
  [36m<head />[39m
  [36m<body>[39m
    [36m<div>[39m
      [36m<div[39m
        [33mclass[39m=[32m"max-w-2xl mx-auto p-6"[39m
        [33mdata-testid[39m=[32m"setupwizard-container"[39m
      [36m>[39m
        [0m [0m
        [36m<div[39m
          [33mclass[39m=[32m"mb-8"[39m
        [36m>[39m
          [36m<div[39m
            [33mclass[39m=[32m"flex justify-between items-center mb-2"[39m
          [36m>[39m
            [36m<span[39m
              [33mclass[39m=[32m"text-sm text-gray-600"[39m
              [33mdata-testid[39m=[32m"setupwizard-step-counter"[39m
            [36m>[39m
              [0mStep [0m
              [0m2[0m
              [0m of [0m
              [0m4[0m
            [36m</span>[39m
            [36m<span[39m
              [33mclass[39m=[32m"text-sm text-gray-600"[39m
              [33mdata-testid[39m=[32m"setupwizard-progress-percent"[39m
            [36m>[39m
              [0m50[0m
              [0m%[0m
            [36m</span>[39m
          [36m</div>[39m
          [36m<div[39m
            [33mclass[39m=[32m"w-full bg-gray-200 rounded-full h-2"[39m
          [36m>[39m
            [36m<div[39m
              [33maria-valuemax[39m=[32m"4"[39m
              [33maria-valuemin[39m=[32m"0"[39m
              [33maria-valuenow[39m=[32m"2"[39m
              [33mclass[39m=[32m"bg-blue-600 h-2 rounded-full transition-all duration-300"[39m
              [33mdata-testid[39m=[32m"setupwizard-progressbar"[39m
              [33mrole[39m=[32m"progressbar"[39m
              [33mstyle[39m=[32m"width: 50%;"[39m
            [36m/>[39m
          [36m</div>[39m
        [36m</div>[39m
        [36m<div[39m
          [33mclass[39m=[32m"bg-white rounded-lg shadow-md p-6"[39m
        [36m>[39m
          [36m<h2[39m
            [33mclass[39m=[32m"text-2xl font-bold text-gray-900 mb-2"[39m
            [33mdata-testid[39m=[32m"setupwizard-step-title"[39m
          [36m>[39m
            [0mAI Provider Configuration[0m
          [36m</h2>[39m
          [36m<p[39m
            [33mclass[39m=[32m"text-gray-600 mb-6"[39m
          [36m>[39m
            [0mConfigure your AI provider settings[0m
          [36m</p>[39m
          [36m<div[39m
            [33mclass[39m=[32m"space-y-6"[39m
            [33mdata-testid[39m=[32m"setupwizard-apikeys-content"[39m
          [36m>[39m
            [36m<div>[39m
              [36m<label[39m
                [33mclass[39m=[32m"block text-sm font-medium text-gray-700 mb-2"[39m
                [33mfor[39m=[32m"anthropicApiKey"[39m
              [36m>[39m
                [0mAnthropic API Key *[0m
              [36m</label>[39m
              [36m<div[39m
                [33mclass[39m=[32m"flex space-x-2"[39m
              [36m>[39m
                [36m<input[39m
                  [33mclass[39m=[32m"flex-1 px-3 py-2 border rounded-md focus:outline-none focus:ring-2 focus:ring-blue-500 border-gray-300"[39m
                  [33mdata-testid[39m=[32m"setupwizard-anthropic-api-key"[39m
                  [33mid[39m=[32m"anthropicApiKey"[39m
                  [33mplaceholder[39m=[32m"sk-ant-..."[39m
                  [33mtabindex[39m=[32m"0"[39m
                  [33mtype[39m=[32m"password"[39m
                  [33mvalue[39m=[32m"sk-ant-valid-key"[39m
                [36m/>[39m
                [36m<button[39m
                  [33mclass[39m=[32m"px-3 py-2 bg-blue-600 text-white rounded-md hover:bg-blue-700 disabled:bg-gray-400"[39m
                  [33mtype[39m=[32m"button"[39m
                [36m>[39m
                  [0mTest Anthropic Key[0m
                [36m</button>[39m
              [36m</div>[39m
            [36m</div>[39m
            [36m<div>[39m
              [36m<label[39m
                [33mclass[39m=[32m"block text-sm font-medium text-gray-700 mb-2"[39m
                [33mfor[39m=[32m"openaiApiKey"[39m
              [36m>[39m
                [0mOpenAI API Key (Optional)[0m
              [36m</label>[39m
              [36m<div[39m
                [33mclass[39m=[32m"flex space-x-2"[39m
              [36m>[39m
                [36m<input[39m
                  [33mclass[39m=[32m"flex-1 px-3 py-2 border rounded-md focus:outline-none focus:ring-2 focus:ring-blue-500 border-gray-300"[39m
                  [33mid[39m=[32m"openaiApiKey"[39m
                  [33mplaceholder[39m=[32m"sk-..."[39m
                  [33mtabindex[39m=[32m"0"[39m
                  [33mtype[39m=[32m"password"[39m
                  [33mvalue[39m=[32m""[39m
                [36m/>[39m
                [36m<button[39m
                  [33mclass[39m=[32m"px-3 py-2 bg-blue-600 text-white rounded-md hover:bg-blue-700 disabled:bg-gray-400"[39m
                  [33mdisabled[39m=[32m""[39m
                  [33mtype[39m=[32m"button"[39m
                [36m>[39m
                  [0mTest OpenAI Key[0m
                [36m</button>[39m
              [36m</div>[39m
            [36m</div>[39m
            [36m<div>[39m
              [36m<label[39m
                [33mclass[39m=[32m"block text-sm font-medium text-gray-700 mb-2"[39m
                [33mfor[39m=[32m"monthlyBudget"[39m
              [36m>[39m
                [0mMonthly Budget ($) *[0m
              [36m</label>[39m
              [36m<input[39m
                [33mclass[39m=[32m"w-full px-3 py-2 border rounded-md focus:outline-none focus:ring-2 focus:ring-blue-500 border-gray-300"[39m
                [33mid[39m=[32m"monthlyBudget"[39m
                [33mmin[39m=[32m"0"[39m
                [33mstep[39m=[32m"0.01"[39m
                [33mtabindex[39m=[32m"0"[39m
                [33mtype[39m=[32m"number"[39m
                [33mvalue[39m=[32m"100"[39m
              [36m/>[39m
            [36m</div>[39m
            [36m<div>[39m
              [36m<label[39m
                [33mclass[39m=[32m"block text-sm font-medium text-gray-700 mb-2"[39m
                [33mfor[39m=[32m"preferredProvider"[39m
              [36m>[39m
                [0mPreferred Provider[0m
              [36m</label>[39m
              [36m<select[39m
                [33mclass[39m=[32m"w-full px-3 py-2 border border-gray-300 rounded-md focus:outline-none focus:ring-2 focus:ring-blue-500"[39m
                [33mid[39m=[32m"preferredProvider"[39m
                [33mtabindex[39m=[32m"0"[39m
              [36m>[39m
                [36m<option[39m
                  [33mvalue[39m=[32m"auto"[39m
                [36m>[39m
                  [0mAuto[0m
                [36m</option>[39m
                [36m<option[39m
                  [33mvalue[39m=[32m"anthropic"[39m
                [36m>[39m
                  [0mAnthropic[0m
                [36m</option>[39m
                [36m<option[39m
                  [33mvalue[39m=[32m"openai"[39m
                [36m>[39m
                  [0mOpenAI[0m
                [36m</option>[39m
              [36m</select>[39m
            [36m</div>[39m
          [36m</div>[39m
          [36m<div[39m
            [33mclass[39m=[32m"flex justify-between mt-8"[39m
            [33mdata-testid[39m=[32m"setupwizard-nav-buttons"[39m
          [36m>[39m
            [36m<button[39m
              [33mclass[39m=[32m"px-4 py-2 text-gray-600 bg-gray-200 rounded-md hover:bg-gray-300 disabled:bg-gray-100 disabled:text-gray-400"[39m
              [33mdata-testid[39m=[32m"setupwizard-back-btn"[39m
              [33mtabindex[39m=[32m"0"[39m
            [36m>[39m
              [0mBack[0m
            [36m</button>[39m
            [36m<button[39m
              [33mclass[39m=[32m"px-6 py-2 bg-blue-600 text-white rounded-md hover:bg-blue-700 disabled:bg-gray-400"[39m
              [33mdata-testid[39m=[32m"setupwizard-continue-btn"[39m
              [33mtabindex[39m=[32m"0"[39m
            [36m>[39m
              [0mContinue[0m
            [36m</button>[39m
          [36m</div>[39m
        [36m</div>[39m
      [36m</div>[39m
    [36m</div>[39m
  [36m</body>[39m
[36m</html>[39m
 ❯ Proxy.waitForWrapper node_modules/@testing-library/dom/dist/wait-for.js:163:27
 ❯ __tests__/components/SetupWizard.test.tsx:433:13
    431| 
    432|     it('should display preference settings', async () => {
    433|       await waitFor(() => {
       |             ^
    434|         expect(screen.getByLabelText(/citation style/i)).toBeInTheDocu…
    435|         expect(screen.getByLabelText(/default language/i)).toBeInTheDo…

⎯⎯⎯⎯⎯⎯⎯⎯⎯⎯⎯⎯⎯⎯⎯⎯⎯⎯⎯⎯⎯⎯⎯[7/16]⎯

 FAIL  __tests__/components/SetupWizard.test.tsx > SetupWizard > Academic Preferences Step > should toggle ADHD friendly mode
TestingLibraryElementError: Unable to find an element by: [data-testid="setupwizard-continue-btn"]

Ignored nodes: comments, script, style
[36m<body>[39m
  [36m<div>[39m
    [36m<div[39m
      [33mclass[39m=[32m"max-w-2xl mx-auto p-6"[39m
      [33mdata-testid[39m=[32m"setupwizard-container"[39m
    [36m>[39m
      [0m [0m
      [36m<div[39m
        [33mclass[39m=[32m"mb-8"[39m
      [36m>[39m
        [36m<div[39m
          [33mclass[39m=[32m"flex justify-between items-center mb-2"[39m
        [36m>[39m
          [36m<span[39m
            [33mclass[39m=[32m"text-sm text-gray-600"[39m
            [33mdata-testid[39m=[32m"setupwizard-step-counter"[39m
          [36m>[39m
            [0mStep [0m
            [0m4[0m
            [0m of [0m
            [0m4[0m
          [36m</span>[39m
          [36m<span[39m
            [33mclass[39m=[32m"text-sm text-gray-600"[39m
            [33mdata-testid[39m=[32m"setupwizard-progress-percent"[39m
          [36m>[39m
            [0m100[0m
            [0m%[0m
          [36m</span>[39m
        [36m</div>[39m
        [36m<div[39m
          [33mclass[39m=[32m"w-full bg-gray-200 rounded-full h-2"[39m
        [36m>[39m
          [36m<div[39m
            [33maria-valuemax[39m=[32m"4"[39m
            [33maria-valuemin[39m=[32m"0"[39m
            [33maria-valuenow[39m=[32m"4"[39m
            [33mclass[39m=[32m"bg-blue-600 h-2 rounded-full transition-all duration-300"[39m
            [33mdata-testid[39m=[32m"setupwizard-progressbar"[39m
            [33mrole[39m=[32m"progressbar"[39m
            [33mstyle[39m=[32m"width: 100%;"[39m
          [36m/>[39m
        [36m</div>[39m
      [36m</div>[39m
      [36m<div[39m
        [33mclass[39m=[32m"bg-white rounded-lg shadow-md p-6"[39m
      [36m>[39m
        [36m<h2[39m
          [33mclass[39m=[32m"text-2xl font-bold text-gray-900 mb-2"[39m
          [33mdata-testid[39m=[32m"setupwizard-step-title"[39m
        [36m>[39m
          [0mReview & Complete[0m
        [36m</h2>[39m
        [36m<p[39m
          [33mclass[39m=[32m"text-gray-600 mb-6"[39m
        [36m>[39m
          [0mReview your configuration and complete setup[0m
        [36m</p>[39m
        [36m<div[39m
          [33mclass[39m=[32m"space-y-6"[39m
        [36m>[39m
          [36m<h3[39m
            [33mclass[39m=[32m"text-lg font-semibold text-gray-900"[39m
          [36m>[39m
            [0mConfiguration Summary[0m
          [36m</h3>[39m
          [36m<div[39m
            [33mclass[39m=[32m"grid grid-cols-1 md:grid-cols-2 gap-4"[39m
          [36m>[39m
            [36m<div>[39m
              [36m<h4[39m
                [33mclass[39m=[32m"font-medium text-gray-700"[39m
              [36m>[39m
                [0mAI Provider:[0m
              [36m</h4>[39m
              [36m<p[39m
                [33mclass[39m=[32m"text-gray-600"[39m
              [36m>[39m
                [0mauto[0m
              [36m</p>[39m
            [36m</div>[39m
            [36m<div>[39m
              [36m<h4[39m
                [33mclass[39m=[32m"font-medium text-gray-700"[39m
              [36m>[39m
                [0mMonthly Budget:[0m
              [36m</h4>[39m
              [36m<p[39m
                [33mclass[39m=[32m"text-gray-600"[39m
              [36m>[39m
                [0m$[0m
                [0m100[0m
              [36m</p>[39m
            [36m</div>[39m
            [36m<div>[39m
              [36m<h4[39m
                [33mclass[39m=[32m"font-medium text-gray-700"[39m
              [36m>[39m
                [0mCitation Style:[0m
              [36m</h4>[39m
              [36m<p[39m
                [33mclass[39m=[32m"text-gray-600"[39m
              [36m>[39m
                [0mAPA[0m
              [36m</p>[39m
            [36m</div>[39m
            [36m<div>[39m
              [36m<h4[39m
                [33mclass[39m=[32m"font-medium text-gray-700"[39m
              [36m>[39m
                [0mLanguage:[0m
              [36m</h4>[39m
              [36m<p[39m
                [33mclass[39m=[32m"text-gray-600"[39m
              [36m>[39m
                [0mEnglish[0m
              [36m</p>[39m
            [36m</div>[39m
          [36m</div>[39m
          [36m<div[39m
            [33mclass[39m=[32m"bg-gray-50 p-4 rounded-lg"[39m
          [36m>[39m
            [36m<h4[39m
              [33mclass[39m=[32m"font-medium text-gray-700 mb-2"[39m
            [36m>[39m
              [0mSpecial Features:[0m
            [36m</h4>[39m
            [36m<ul[39m
              [33mclass[39m=[32m"text-gray-600 space-y-1"[39m
            [36m>[39m
              [36m<li>[39m
                [0m• Theme: [0m
                [0msystem[0m
              [36m</li>[39m
            [36m</ul>[39m
          [36m</div>[39m
        [36m</div>[39m
        [36m<div[39m
          [33mclass[39m=[32m"flex justify-between mt-8"[39m
          [33mdata-testid[39m=[32m"setupwizard-nav-buttons"[39m
        [36m>[39m
          [36m<button[39m
            [33mclass[39m=[32m"px-4 py-2 text-gray-600 bg-gray-200 rounded-md hover:bg-gray-300 disabled:bg-gray-100 disabled:text-gray-400"[39m
            [33mdata-testid[39m=[32m"setupwizard-back-btn"[39m
            [33mtabindex[39m=[32m"0"[39m
          [36m>[39m
            [0mBack[0m
          [36m</button>[39m
          [36m<button[39m
            [33mclass[39m=[32m"px-6 py-2 bg-green-600 text-white rounded-md hover:bg-green-700 disabled:bg-gray-400"[39m
            [33mdata-testid[39m=[32m"setupwizard-complete-btn"[39m
            [33mtabindex[39m=[32m"0"[39m
          [36m>[39m
            [0mComplete Setup[0m
          [36m</button>[39m
        [36m</div>[39m
      [36m</div>[39m
    [36m</div>[39m
  [36m</div>[39m
[36m</body>[39m
 ❯ Object.getElementError node_modules/@testing-library/dom/dist/config.js:37:19
 ❯ node_modules/@testing-library/dom/dist/query-helpers.js:76:38
 ❯ node_modules/@testing-library/dom/dist/query-helpers.js:52:17
 ❯ node_modules/@testing-library/dom/dist/query-helpers.js:95:19
 ❯ __tests__/components/SetupWizard.test.tsx:415:37
    413|       
    414|       // Navigate to preferences step
    415|       const continueButton = screen.getByTestId('setupwizard-continue-…
       |                                     ^
    416|       fireEvent.click(continueButton);
    417|       await waitFor(() => screen.getByRole('heading', { name: /AI Prov…

⎯⎯⎯⎯⎯⎯⎯⎯⎯⎯⎯⎯⎯⎯⎯⎯⎯⎯⎯⎯⎯⎯⎯[8/16]⎯

 FAIL  __tests__/components/SetupWizard.test.tsx > SetupWizard > Review & Complete Step > should display configuration summary
 FAIL  __tests__/components/SetupWizard.test.tsx > SetupWizard > Review & Complete Step > should show loading state during setup
TestingLibraryElementError: Unable to find an element with the text: Review & Complete. This could be because the text is broken up by multiple elements. In this case, you can provide a function for your text matcher to make your matcher more flexible.

Ignored nodes: comments, script, style
[36m<body>[39m
  [36m<div>[39m
    [36m<div[39m
      [33mclass[39m=[32m"max-w-2xl mx-auto p-6"[39m
      [33mdata-testid[39m=[32m"setupwizard-container"[39m
    [36m>[39m
      [0m [0m
      [36m<div[39m
        [33mclass[39m=[32m"mb-8"[39m
      [36m>[39m
        [36m<div[39m
          [33mclass[39m=[32m"flex justify-between items-center mb-2"[39m
        [36m>[39m
          [36m<span[39m
            [33mclass[39m=[32m"text-sm text-gray-600"[39m
            [33mdata-testid[39m=[32m"setupwizard-step-counter"[39m
          [36m>[39m
            [0mStep [0m
            [0m3[0m
            [0m of [0m
            [0m4[0m
          [36m</span>[39m
          [36m<span[39m
            [33mclass[39m=[32m"text-sm text-gray-600"[39m
            [33mdata-testid[39m=[32m"setupwizard-progress-percent"[39m
          [36m>[39m
            [0m75[0m
            [0m%[0m
          [36m</span>[39m
        [36m</div>[39m
        [36m<div[39m
          [33mclass[39m=[32m"w-full bg-gray-200 rounded-full h-2"[39m
        [36m>[39m
          [36m<div[39m
            [33maria-valuemax[39m=[32m"4"[39m
            [33maria-valuemin[39m=[32m"0"[39m
            [33maria-valuenow[39m=[32m"3"[39m
            [33mclass[39m=[32m"bg-blue-600 h-2 rounded-full transition-all duration-300"[39m
            [33mdata-testid[39m=[32m"setupwizard-progressbar"[39m
            [33mrole[39m=[32m"progressbar"[39m
            [33mstyle[39m=[32m"width: 75%;"[39m
          [36m/>[39m
        [36m</div>[39m
      [36m</div>[39m
      [36m<div[39m
        [33mclass[39m=[32m"bg-white rounded-lg shadow-md p-6"[39m
      [36m>[39m
        [36m<h2[39m
          [33mclass[39m=[32m"text-2xl font-bold text-gray-900 mb-2"[39m
          [33mdata-testid[39m=[32m"setupwizard-step-title"[39m
        [36m>[39m
          [0mAcademic Preferences[0m
        [36m</h2>[39m
        [36m<p[39m
          [33mclass[39m=[32m"text-gray-600 mb-6"[39m
        [36m>[39m
          [0mSet your academic and citation preferences[0m
        [36m</p>[39m
        [36m<div[39m
          [33mclass[39m=[32m"space-y-6"[39m
        [36m>[39m
          [36m<div[39m
            [33mclass[39m=[32m"grid grid-cols-1 md:grid-cols-2 gap-6"[39m
          [36m>[39m
            [36m<div>[39m
              [36m<label[39m
                [33mclass[39m=[32m"block text-sm font-medium text-gray-700 mb-2"[39m
                [33mfor[39m=[32m"citationStyle"[39m
              [36m>[39m
                [0mCitation Style[0m
              [36m</label>[39m
              [36m<select[39m
                [33mclass[39m=[32m"w-full px-3 py-2 border border-gray-300 rounded-md focus:outline-none focus:ring-2 focus:ring-blue-500"[39m
                [33mid[39m=[32m"citationStyle"[39m
                [33mtabindex[39m=[32m"0"[39m
              [36m>[39m
                [36m<option[39m
                  [33mvalue[39m=[32m"apa"[39m
                [36m>[39m
                  [0mAPA[0m
                [36m</option>[39m
                [36m<option[39m
                  [33mvalue[39m=[32m"mla"[39m
                [36m>[39m
                  [0mMLA[0m
                [36m</option>[39m
                [36m<option[39m
                  [33mvalue[39m=[32m"chicago"[39m
                [36m>[39m
                  [0mChicago[0m
                [36m</option>[39m
                [36m<option[39m
                  [33mvalue[39m=[32m"harvard"[39m
                [36m>[39m
                  [0mHarvard[0m
                [36m</option>[39m
              [36m</select>[39m
            [36m</div>[39m
            [36m<div>[39m
              [36m<label[39m
                [33mclass[39m=[32m"block text-sm font-medium text-gray-700 mb-2"[39m
                [33mfor[39m=[32m"defaultLanguage"[39m
              [36m>[39m
                [0mDefault Language[0m
              [36m</label>[39m
              [36m<select[39m
                [33mclass[39m=[32m"w-full px-3 py-2 border border-gray-300 rounded-md focus:outline-none focus:ring-2 focus:ring-blue-500"[39m
                [33mid[39m=[32m"defaultLanguage"[39m
                [33mtabindex[39m=[32m"0"[39m
              [36m>[39m
                [36m<option[39m
                  [33mvalue[39m=[32m"en"[39m
                [36m>[39m
                  [0mEnglish[0m
                [36m</option>[39m
                [36m<option[39m
                  [33mvalue[39m=[32m"es"[39m
                [36m>[39m
                  [0mSpanish[0m
                [36m</option>[39m
                [36m<option[39m
                  [33mvalue[39m=[32m"fr"[39m
                [36m>[39m
                  [0mFrench[0m
                [36m</option>[39m
                [36m<option[39m
                  [33mvalue[39m=[32m"de"[39m
                [36m>[39m
                  [0mGerman[0m
                [36m</option>[39m
              [36m</select>[39m
            [36m</div>[39m
          [36m</div>[39m
          [36m<div[39m
            [33mclass[39m=[32m"flex items-center"[39m
          [36m>[39m
            [36m<input[39m
              [33mclass[39m=[32m"h-4 w-4 text-blue-600 focus:ring-blue-500 border-gray-300 rounded"[39m
              [33mid[39m=[32m"adhdFriendlyMode"[39m
              [33mtype[39m=[32m"checkbox"[39m
            [36m/>[39m
            [36m<label[39m
              [33mclass[39m=[32m"ml-2 block text-sm text-gray-700"[39m
              [33mfor[39m=[32m"adhdFriendlyMode"[39m
            [36m>[39m
              [0mADHD Friendly Mode[0m
            [36m</label>[39m
          [36m</div>[39m
          [36m<div>[39m
            [36m<label[39m
              [33mclass[39m=[32m"block text-sm font-medium text-gray-700 mb-2"[39m
              [33mfor[39m=[32m"theme"[39m
            [36m>[39m
              [0mTheme[0m
            [36m</label>[39m
            [36m<select[39m
              [33mclass[39m=[32m"w-full px-3 py-2 border border-gray-300 rounded-md focus:outline-none focus:ring-2 focus:ring-blue-500"[39m
              [33mid[39m=[32m"theme"[39m
              [33mtabindex[39m=[32m"0"[39m
            [36m>[39m
              [36m<option[39m
                [33mvalue[39m=[32m"system"[39m
              [36m>[39m
                [0mSystem[0m
              [36m</option>[39m
              [36m<option[39m
                [33mvalue[39m=[32m"light"[39m
              [36m>[39m
                [0mLight[0m
              [36m</option>[39m
              [36m<option[39m
                [33mvalue[39m=[32m"dark"[39m
              [36m>[39m
                [0mDark[0m
              [36m</option>[39m
            [36m</select>[39m
          [36m</div>[39m
          [36m<div[39m
            [33mclass[39m=[32m"space-y-3"[39m
          [36m>[39m
            [36m<div[39m
              [33mclass[39m=[32m"flex items-center"[39m
            [36m>[39m
              [36m<input[39m
                [33mclass[39m=[32m"h-4 w-4 text-blue-600 focus:ring-blue-500 border-gray-300 rounded"[39m
                [33mid[39m=[32m"reducedMotion"[39m
                [33mtype[39m=[32m"checkbox"[39m
              [36m/>[39m
              [36m<label[39m
                [33mclass[39m=[32m"ml-2 block text-sm text-gray-700"[39m
                [33mfor[39m=[32m"reducedMotion"[39m
              [36m>[39m
                [0mReduced Motion[0m
              [36m</label>[39m
            [36m</div>[39m
            [36m<div[39m
              [33mclass[39m=[32m"flex items-center"[39m
            [36m>[39m
              [36m<input[39m
                [33mclass[39m=[32m"h-4 w-4 text-blue-600 focus:ring-blue-500 border-gray-300 rounded"[39m
                [33mid[39m=[32m"highContrast"[39m
                [33mtype[39m=[32m"checkbox"[39m
              [36m/>[39m
              [36m<label[39m
                [33mclass[39m=[32m"ml-2 block text-sm text-gray-700"[39m
                [33mfor[39m=[32m"highContrast"[39m
              [36m>[39m
                [0mHigh Contrast[0m
              [36m</label>[39m
            [36m</div>[39m
          [36m</div>[39m
        [36m</div>[39m
        [36m<div[39m
          [33mclass[39m=[32m"flex justify-between mt-8"[39m
          [33mdata-testid[39m=[32m"setupwizard-nav-buttons"[39m
        [36m>[39m
          [36m<button[39m
            [33mclass[39m=[32m"px-4 py-2 text-gray-600 bg-gray-200 rounded-md hover:bg-gray-300 disabled:bg-gray-100 disabled:text-gray-400"[39m
            [33mdata-testid[39m=[32m"setupwizard-back-btn"[39m
            [33mtabindex[39m=[32m"0"[39m
          [36m>[39m
            [0mBack[0m
          [36m</button>[39m
          [36m<button[39m
            [33mclass[39m=[32m"px-6 py-2 bg-blue-600 text-white rounded-md hover:bg-blue-700 disabled:bg-gray-400"[39m
            [33mdata-testid[39m=[32m"setupwizard-continue-btn"[39m
            [33mtabindex[39m=[32m"0"[39m
          [36m>[39m
            [0mContinue[0m
          [36m</button>[39m
        [36m</div>[39m
      [36m</div>[39m
    [36m</div>[39m
  [36m</div>[39m
[36m</body>[39m

Ignored nodes: comments, script, style
[36m<html>[39m
  [36m<head />[39m
  [36m<body>[39m
    [36m<div>[39m
      [36m<div[39m
        [33mclass[39m=[32m"max-w-2xl mx-auto p-6"[39m
        [33mdata-testid[39m=[32m"setupwizard-container"[39m
      [36m>[39m
        [0m [0m
        [36m<div[39m
          [33mclass[39m=[32m"mb-8"[39m
        [36m>[39m
          [36m<div[39m
            [33mclass[39m=[32m"flex justify-between items-center mb-2"[39m
          [36m>[39m
            [36m<span[39m
              [33mclass[39m=[32m"text-sm text-gray-600"[39m
              [33mdata-testid[39m=[32m"setupwizard-step-counter"[39m
            [36m>[39m
              [0mStep [0m
              [0m3[0m
              [0m of [0m
              [0m4[0m
            [36m</span>[39m
            [36m<span[39m
              [33mclass[39m=[32m"text-sm text-gray-600"[39m
              [33mdata-testid[39m=[32m"setupwizard-progress-percent"[39m
            [36m>[39m
              [0m75[0m
              [0m%[0m
            [36m</span>[39m
          [36m</div>[39m
          [36m<div[39m
            [33mclass[39m=[32m"w-full bg-gray-200 rounded-full h-2"[39m
          [36m>[39m
            [36m<div[39m
              [33maria-valuemax[39m=[32m"4"[39m
              [33maria-valuemin[39m=[32m"0"[39m
              [33maria-valuenow[39m=[32m"3"[39m
              [33mclass[39m=[32m"bg-blue-600 h-2 rounded-full transition-all duration-300"[39m
              [33mdata-testid[39m=[32m"setupwizard-progressbar"[39m
              [33mrole[39m=[32m"progressbar"[39m
              [33mstyle[39m=[32m"width: 75%;"[39m
            [36m/>[39m
          [36m</div>[39m
        [36m</div>[39m
        [36m<div[39m
          [33mclass[39m=[32m"bg-white rounded-lg shadow-md p-6"[39m
        [36m>[39m
          [36m<h2[39m
            [33mclass[39m=[32m"text-2xl font-bold text-gray-900 mb-2"[39m
            [33mdata-testid[39m=[32m"setupwizard-step-title"[39m
          [36m>[39m
            [0mAcademic Preferences[0m
          [36m</h2>[39m
          [36m<p[39m
            [33mclass[39m=[32m"text-gray-600 mb-6"[39m
          [36m>[39m
            [0mSet your academic and citation preferences[0m
          [36m</p>[39m
          [36m<div[39m
            [33mclass[39m=[32m"space-y-6"[39m
          [36m>[39m
            [36m<div[39m
              [33mclass[39m=[32m"grid grid-cols-1 md:grid-cols-2 gap-6"[39m
            [36m>[39m
              [36m<div>[39m
                [36m<label[39m
                  [33mclass[39m=[32m"block text-sm font-medium text-gray-700 mb-2"[39m
                  [33mfor[39m=[32m"citationStyle"[39m
                [36m>[39m
                  [0mCitation Style[0m
                [36m</label>[39m
                [36m<select[39m
                  [33mclass[39m=[32m"w-full px-3 py-2 border border-gray-300 rounded-md focus:outline-none focus:ring-2 focus:ring-blue-500"[39m
                  [33mid[39m=[32m"citationStyle"[39m
                  [33mtabindex[39m=[32m"0"[39m
                [36m>[39m
                  [36m<option[39m
                    [33mvalue[39m=[32m"apa"[39m
                  [36m>[39m
                    [0mAPA[0m
                  [36m</option>[39m
                  [36m<option[39m
                    [33mvalue[39m=[32m"mla"[39m
                  [36m>[39m
                    [0mMLA[0m
                  [36m</option>[39m
                  [36m<option[39m
                    [33mvalue[39m=[32m"chicago"[39m
                  [36m>[39m
                    [0mChicago[0m
                  [36m</option>[39m
                  [36m<option[39m
                    [33mvalue[39m=[32m"harvard"[39m
                  [36m>[39m
                    [0mHarvard[0m
                  [36m</option>[39m
                [36m</select>[39m
              [36m</div>[39m
              [36m<div>[39m
                [36m<label[39m
                  [33mclass[39m=[32m"block text-sm font-medium text-gray-700 mb-2"[39m
                  [33mfor[39m=[32m"defaultLanguage"[39m
                [36m>[39m
                  [0mDefault Language[0m
                [36m</label>[39m
                [36m<select[39m
                  [33mclass[39m=[32m"w-full px-3 py-2 border border-gray-300 rounded-md focus:outline-none focus:ring-2 focus:ring-blue-500"[39m
                  [33mid[39m=[32m"defaultLanguage"[39m
                  [33mtabindex[39m=[32m"0"[39m
                [36m>[39m
                  [36m<option[39m
                    [33mvalue[39m=[32m"en"[39m
                  [36m>[39m
                    [0mEnglish[0m
                  [36m</option>[39m
                  [36m<option[39m
                    [33mvalue[39m=[32m"es"[39m
                  [36m>[39m
                    [0mSpanish[0m
                  [36m</option>[39m
                  [36m<option[39m
                    [33mvalue[39m=[32m"fr"[39m
                  [36m>[39m
                    [0mFrench[0m
                  [36m</option>[39m
                  [36m<option[39m
                    [33mvalue[39m=[32m"de"[39m
                  [36m>[39m
                    [0mGerman[0m
                  [36m</option>[39m
                [36m</select>[39m
              [36m</div>[39m
            [36m</div>[39m
            [36m<div[39m
              [33mclass[39m=[32m"flex items-center"[39m
            [36m>[39m
              [36m<input[39m
                [33mclass[39m=[32m"h-4 w-4 text-blue-600 focus:ring-blue-500 border-gray-300 rounded"[39m
                [33mid[39m=[32m"adhdFriendlyMode"[39m
                [33mtype[39m=[32m"checkbox"[39m
              [36m/>[39m
              [36m<label[39m
                [33mclass[39m=[32m"ml-2 block text-sm text-gray-700"[39m
                [33mfor[39m=[32m"adhdFriendlyMode"[39m
              [36m>[39m
                [0mADHD Friendly Mode[0m
              [36m</label>[39m
            [36m</div>[39m
            [36m<div>[39m
              [36m<label[39m
                [33mclass[39m=[32m"block text-sm font-medium text-gray-700 mb-2"[39m
                [33mfor[39m=[32m"theme"[39m
              [36m>[39m
                [0mTheme[0m
              [36m</label>[39m
              [36m<select[39m
                [33mclass[39m=[32m"w-full px-3 py-2 border border-gray-300 rounded-md focus:outline-none focus:ring-2 focus:ring-blue-500"[39m
                [33mid[39m=[32m"theme"[39m
                [33mtabindex[39m=[32m"0"[39m
              [36m>[39m
                [36m<option[39m
                  [33mvalue[39m=[32m"system"[39m
                [36m>[39m
                  [0mSystem[0m
                [36m</option>[39m
                [36m<option[39m
                  [33mvalue[39m=[32m"light"[39m
                [36m>[39m
                  [0mLight[0m
                [36m</option>[39m
                [36m<option[39m
                  [33mvalue[39m=[32m"dark"[39m
                [36m>[39m
                  [0mDark[0m
                [36m</option>[39m
              [36m</select>[39m
            [36m</div>[39m
            [36m<div[39m
              [33mclass[39m=[32m"space-y-3"[39m
            [36m>[39m
              [36m<div[39m
                [33mclass[39m=[32m"flex items-center"[39m
              [36m>[39m
                [36m<input[39m
                  [33mclass[39m=[32m"h-4 w-4 text-blue-600 focus:ring-blue-500 border-gray-300 rounded"[39m
                  [33mid[39m=[32m"reducedMotion"[39m
                  [33mtype[39m=[32m"checkbox"[39m
                [36m/>[39m
                [36m<label[39m
                  [33mclass[39m=[32m"ml-2 block text-sm text-gray-700"[39m
                  [33mfor[39m=[32m"reducedMotion"[39m
                [36m>[39m
                  [0mReduced Motion[0m
                [36m</label>[39m
              [36m</div>[39m
              [36m<div[39m
                [33mclass[39m=[32m"flex items-center"[39m
              [36m>[39m
                [36m<input[39m
                  [33mclass[39m=[32m"h-4 w-4 text-blue-600 focus:ring-blue-500 border-gray-300 rounded"[39m
                  [33mid[39m=[32m"highContrast"[39m
                  [33mtype[39m=[32m"checkbox"[39m
                [36m/>[39m
                [36m<label[39m
                  [33mclass[39m=[32m"ml-2 block text-sm text-gray-700"[39m
                  [33mfor[39m=[32m"highContrast"[39m
                [36m>[39m
                  [0mHigh Contrast[0m
                [36m</label>[39m
              [36m</div>[39m
            [36m</div>[39m
          [36m</div>[39m
          [36m<div[39m
            [33mclass[39m=[32m"flex justify-between mt-8"[39m
            [33mdata-testid[39m=[32m"setupwizard-nav-buttons"[39m
          [36m>[39m
            [36m<button[39m
              [33mclass[39m=[32m"px-4 py-2 text-gray-600 bg-gray-200 rounded-md hover:bg-gray-300 disabled:bg-gray-100 disabled:text-gray-400"[39m
              [33mdata-testid[39m=[32m"setupwizard-back-btn"[39m
              [33mtabindex[39m=[32m"0"[39m
            [36m>[39m
              [0mBack[0m
            [36m</button>[39m
            [36m<button[39m
              [33mclass[39m=[32m"px-6 py-2 bg-blue-600 text-white rounded-md hover:bg-blue-700 disabled:bg-gray-400"[39m
              [33mdata-testid[39m=[32m"setupwizard-continue-btn"[39m
              [33mtabindex[39m=[32m"0"[39m
            [36m>[39m
              [0mContinue[0m
            [36m</button>[39m
          [36m</div>[39m
        [36m</div>[39m
      [36m</div>[39m
    [36m</div>[39m
  [36m</body>[39m
[36m</html>[39m
 ❯ Proxy.waitForWrapper node_modules/@testing-library/dom/dist/wait-for.js:163:27
 ❯ __tests__/components/SetupWizard.test.tsx:531:13
    529|       
    530|       fireEvent.click(continueButton);
    531|       await waitFor(() => screen.getByText('Review & Complete'));
       |             ^
    532|     });
    533| 

⎯⎯⎯⎯⎯⎯⎯⎯⎯⎯⎯⎯⎯⎯⎯⎯⎯⎯⎯⎯⎯⎯⎯[9/16]⎯

 FAIL  __tests__/components/SetupWizard.test.tsx > SetupWizard > Review & Complete Step > should complete setup successfully
TestingLibraryElementError: Unable to find role="heading" and name `/AI Provider Configuration/i`

Ignored nodes: comments, script, style
[36m<body>[39m
  [36m<div>[39m
    [36m<div[39m
      [33mclass[39m=[32m"max-w-2xl mx-auto p-6"[39m
    [36m>[39m
      [36m<div[39m
        [33mclass[39m=[32m"text-center"[39m
      [36m>[39m
        [36m<h1[39m
          [33mclass[39m=[32m"text-3xl font-bold text-gray-900 mb-4"[39m
        [36m>[39m
          [0mSetup Complete![0m
        [36m</h1>[39m
        [36m<p[39m
          [33mclass[39m=[32m"text-lg text-gray-600 mb-8"[39m
        [36m>[39m
          [0mYou're all set up and ready to use Academic Workflow Assistant![0m
        [36m</p>[39m
        [36m<button[39m
          [33mclass[39m=[32m"px-6 py-3 bg-green-600 text-white rounded-md hover:bg-green-700 font-medium"[39m
        [36m>[39m
          [0mGet Started[0m
        [36m</button>[39m
      [36m</div>[39m
    [36m</div>[39m
  [36m</div>[39m
[36m</body>[39m

Ignored nodes: comments, script, style
[36m<html>[39m
  [36m<head />[39m
  [36m<body>[39m
    [36m<div>[39m
      [36m<div[39m
        [33mclass[39m=[32m"max-w-2xl mx-auto p-6"[39m
      [36m>[39m
        [36m<div[39m
          [33mclass[39m=[32m"text-center"[39m
        [36m>[39m
          [36m<h1[39m
            [33mclass[39m=[32m"text-3xl font-bold text-gray-900 mb-4"[39m
          [36m>[39m
            [0mSetup Complete![0m
          [36m</h1>[39m
          [36m<p[39m
            [33mclass[39m=[32m"text-lg text-gray-600 mb-8"[39m
          [36m>[39m
            [0mYou're all set up and ready to use Academic Workflow Assistant![0m
          [36m</p>[39m
          [36m<button[39m
            [33mclass[39m=[32m"px-6 py-3 bg-green-600 text-white rounded-md hover:bg-green-700 font-medium"[39m
          [36m>[39m
            [0mGet Started[0m
          [36m</button>[39m
        [36m</div>[39m
      [36m</div>[39m
    [36m</div>[39m
  [36m</body>[39m
[36m</html>[39m
 ❯ Proxy.waitForWrapper node_modules/@testing-library/dom/dist/wait-for.js:163:27
 ❯ __tests__/components/SetupWizard.test.tsx:516:13
    514|       const continueButton = screen.getByTestId('setupwizard-continue-…
    515|       fireEvent.click(continueButton);
    516|       await waitFor(() => screen.getByRole('heading', { name: /AI Prov…
       |             ^
    517|       
    518|       // Provide required API key before navigating

⎯⎯⎯⎯⎯⎯⎯⎯⎯⎯⎯⎯⎯⎯⎯⎯⎯⎯⎯⎯⎯⎯[10/16]⎯

 FAIL  __tests__/components/SetupWizard.test.tsx > SetupWizard > Review & Complete Step > should handle setup completion errors
TestingLibraryElementError: Unable to find an element with the text: Review & Complete. This could be because the text is broken up by multiple elements. In this case, you can provide a function for your text matcher to make your matcher more flexible.

Ignored nodes: comments, script, style
[36m<body>[39m
  [36m<div>[39m
    [36m<div[39m
      [33mclass[39m=[32m"max-w-2xl mx-auto p-6"[39m
      [33mdata-testid[39m=[32m"setupwizard-container"[39m
    [36m>[39m
      [0m [0m
      [36m<div[39m
        [33mclass[39m=[32m"mb-8"[39m
      [36m>[39m
        [36m<div[39m
          [33mclass[39m=[32m"flex justify-between items-center mb-2"[39m
        [36m>[39m
          [36m<span[39m
            [33mclass[39m=[32m"text-sm text-gray-600"[39m
            [33mdata-testid[39m=[32m"setupwizard-step-counter"[39m
          [36m>[39m
            [0mStep [0m
            [0m2[0m
            [0m of [0m
            [0m4[0m
          [36m</span>[39m
          [36m<span[39m
            [33mclass[39m=[32m"text-sm text-gray-600"[39m
            [33mdata-testid[39m=[32m"setupwizard-progress-percent"[39m
          [36m>[39m
            [0m50[0m
            [0m%[0m
          [36m</span>[39m
        [36m</div>[39m
        [36m<div[39m
          [33mclass[39m=[32m"w-full bg-gray-200 rounded-full h-2"[39m
        [36m>[39m
          [36m<div[39m
            [33maria-valuemax[39m=[32m"4"[39m
            [33maria-valuemin[39m=[32m"0"[39m
            [33maria-valuenow[39m=[32m"2"[39m
            [33mclass[39m=[32m"bg-blue-600 h-2 rounded-full transition-all duration-300"[39m
            [33mdata-testid[39m=[32m"setupwizard-progressbar"[39m
            [33mrole[39m=[32m"progressbar"[39m
            [33mstyle[39m=[32m"width: 50%;"[39m
          [36m/>[39m
        [36m</div>[39m
      [36m</div>[39m
      [36m<div[39m
        [33mclass[39m=[32m"bg-white rounded-lg shadow-md p-6"[39m
      [36m>[39m
        [36m<h2[39m
          [33mclass[39m=[32m"text-2xl font-bold text-gray-900 mb-2"[39m
          [33mdata-testid[39m=[32m"setupwizard-step-title"[39m
        [36m>[39m
          [0mAI Provider Configuration[0m
        [36m</h2>[39m
        [36m<p[39m
          [33mclass[39m=[32m"text-gray-600 mb-6"[39m
        [36m>[39m
          [0mConfigure your AI provider settings[0m
        [36m</p>[39m
        [36m<div[39m
          [33mclass[39m=[32m"space-y-6"[39m
          [33mdata-testid[39m=[32m"setupwizard-apikeys-content"[39m
        [36m>[39m
          [36m<div>[39m
            [36m<label[39m
              [33mclass[39m=[32m"block text-sm font-medium text-gray-700 mb-2"[39m
              [33mfor[39m=[32m"anthropicApiKey"[39m
            [36m>[39m
              [0mAnthropic API Key *[0m
            [36m</label>[39m
            [36m<div[39m
              [33mclass[39m=[32m"flex space-x-2"[39m
            [36m>[39m
              [36m<input[39m
                [33mclass[39m=[32m"flex-1 px-3 py-2 border rounded-md focus:outline-none focus:ring-2 focus:ring-blue-500 border-gray-300"[39m
                [33mdata-testid[39m=[32m"setupwizard-anthropic-api-key"[39m
                [33mid[39m=[32m"anthropicApiKey"[39m
                [33mplaceholder[39m=[32m"sk-ant-..."[39m
                [33mtabindex[39m=[32m"0"[39m
                [33mtype[39m=[32m"password"[39m
                [33mvalue[39m=[32m"sk-ant-valid-key"[39m
              [36m/>[39m
              [36m<button[39m
                [33mclass[39m=[32m"px-3 py-2 bg-blue-600 text-white rounded-md hover:bg-blue-700 disabled:bg-gray-400"[39m
                [33mtype[39m=[32m"button"[39m
              [36m>[39m
                [0mTest Anthropic Key[0m
              [36m</button>[39m
            [36m</div>[39m
          [36m</div>[39m
          [36m<div>[39m
            [36m<label[39m
              [33mclass[39m=[32m"block text-sm font-medium text-gray-700 mb-2"[39m
              [33mfor[39m=[32m"openaiApiKey"[39m
            [36m>[39m
              [0mOpenAI API Key (Optional)[0m
            [36m</label>[39m
            [36m<div[39m
              [33mclass[39m=[32m"flex space-x-2"[39m
            [36m>[39m
              [36m<input[39m
                [33mclass[39m=[32m"flex-1 px-3 py-2 border rounded-md focus:outline-none focus:ring-2 focus:ring-blue-500 border-gray-300"[39m
                [33mid[39m=[32m"openaiApiKey"[39m
                [33mplaceholder[39m=[32m"sk-..."[39m
                [33mtabindex[39m=[32m"0"[39m
                [33mtype[39m=[32m"password"[39m
                [33mvalue[39m=[32m""[39m
              [36m/>[39m
              [36m<button[39m
                [33mclass[39m=[32m"px-3 py-2 bg-blue-600 text-white rounded-md hover:bg-blue-700 disabled:bg-gray-400"[39m
                [33mdisabled[39m=[32m""[39m
                [33mtype[39m=[32m"button"[39m
              [36m>[39m
                [0mTest OpenAI Key[0m
              [36m</button>[39m
            [36m</div>[39m
          [36m</div>[39m
          [36m<div>[39m
            [36m<label[39m
              [33mclass[39m=[32m"block text-sm font-medium text-gray-700 mb-2"[39m
              [33mfor[39m=[32m"monthlyBudget"[39m
            [36m>[39m
              [0mMonthly Budget ($) *[0m
            [36m</label>[39m
            [36m<input[39m
              [33mclass[39m=[32m"w-full px-3 py-2 border rounded-md focus:outline-none focus:ring-2 focus:ring-blue-500 border-gray-300"[39m
              [33mid[39m=[32m"monthlyBudget"[39m
              [33mmin[39m=[32m"0"[39m
              [33mstep[39m=[32m"0.01"[39m
              [33mtabindex[39m=[32m"0"[39m
              [33mtype[39m=[32m"number"[39m
              [33mvalue[39m=[32m"100"[39m
            [36m/>[39m
          [36m</div>[39m
          [36m<div>[39m
            [36m<label[39m
              [33mclass[39m=[32m"block text-sm font-medium text-gray-700 mb-2"[39m
              [33mfor[39m=[32m"preferredProvider"[39m
            [36m>[39m
              [0mPreferred Provider[0m
            [36m</label>[39m
            [36m<select[39m
              [33mclass[39m=[32m"w-full px-3 py-2 border border-gray-300 rounded-md focus:outline-none focus:ring-2 focus:ring-blue-500"[39m
              [33mid[39m=[32m"preferredProvider"[39m
              [33mtabindex[39m=[32m"0"[39m
            [36m>[39m
              [36m<option[39m
                [33mvalue[39m=[32m"auto"[39m
              [36m>[39m
                [0mAuto[0m
              [36m</option>[39m
              [36m<option[39m
                [33mvalue[39m=[32m"anthropic"[39m
              [36m>[39m
                [0mAnthropic[0m
              [36m</option>[39m
              [36m<option[39m
                [33mvalue[39m=[32m"openai"[39m
              [36m>[39m
                [0mOpenAI[0m
              [36m</option>[39m
            [36m</select>[39m
          [36m</div>[39m
        [36m</div>[39m
        [36m<div[39m
          [33mclass[39m=[32m"flex justify-between mt-8"[39m
          [33mdata-testid[39m=[32m"setupwizard-nav-buttons"[39m
        [36m>[39m
          [36m<button[39m
            [33mclass[39m=[32m"px-4 py-2 text-gray-600 bg-gray-200 rounded-md hover:bg-gray-300 disabled:bg-gray-100 disabled:text-gray-400"[39m
            [33mdata-testid[39m=[32m"setupwizard-back-btn"[39m
            [33mtabindex[39m=[32m"0"[39m
          [36m>[39m
            [0mBack[0m
          [36m</button>[39m
          [36m<button[39m
            [33mclass[39m=[32m"px-6 py-2 bg-blue-600 text-white rounded-md hover:bg-blue-700 disabled:bg-gray-400"[39m
            [33mdata-testid[39m=[32m"setupwizard-continue-btn"[39m
            [33mtabindex[39m=[32m"0"[39m
          [36m>[39m
            [0mContinue[0m
          [36m</button>[39m
        [36m</div>[39m
      [36m</div>[39m
    [36m</div>[39m
  [36m</div>[39m
[36m</body>[39m

Ignored nodes: comments, script, style
[36m<html>[39m
  [36m<head />[39m
  [36m<body>[39m
    [36m<div>[39m
      [36m<div[39m
        [33mclass[39m=[32m"max-w-2xl mx-auto p-6"[39m
        [33mdata-testid[39m=[32m"setupwizard-container"[39m
      [36m>[39m
        [0m [0m
        [36m<div[39m
          [33mclass[39m=[32m"mb-8"[39m
        [36m>[39m
          [36m<div[39m
            [33mclass[39m=[32m"flex justify-between items-center mb-2"[39m
          [36m>[39m
            [36m<span[39m
              [33mclass[39m=[32m"text-sm text-gray-600"[39m
              [33mdata-testid[39m=[32m"setupwizard-step-counter"[39m
            [36m>[39m
              [0mStep [0m
              [0m2[0m
              [0m of [0m
              [0m4[0m
            [36m</span>[39m
            [36m<span[39m
              [33mclass[39m=[32m"text-sm text-gray-600"[39m
              [33mdata-testid[39m=[32m"setupwizard-progress-percent"[39m
            [36m>[39m
              [0m50[0m
              [0m%[0m
            [36m</span>[39m
          [36m</div>[39m
          [36m<div[39m
            [33mclass[39m=[32m"w-full bg-gray-200 rounded-full h-2"[39m
          [36m>[39m
            [36m<div[39m
              [33maria-valuemax[39m=[32m"4"[39m
              [33maria-valuemin[39m=[32m"0"[39m
              [33maria-valuenow[39m=[32m"2"[39m
              [33mclass[39m=[32m"bg-blue-600 h-2 rounded-full transition-all duration-300"[39m
              [33mdata-testid[39m=[32m"setupwizard-progressbar"[39m
              [33mrole[39m=[32m"progressbar"[39m
              [33mstyle[39m=[32m"width: 50%;"[39m
            [36m/>[39m
          [36m</div>[39m
        [36m</div>[39m
        [36m<div[39m
          [33mclass[39m=[32m"bg-white rounded-lg shadow-md p-6"[39m
        [36m>[39m
          [36m<h2[39m
            [33mclass[39m=[32m"text-2xl font-bold text-gray-900 mb-2"[39m
            [33mdata-testid[39m=[32m"setupwizard-step-title"[39m
          [36m>[39m
            [0mAI Provider Configuration[0m
          [36m</h2>[39m
          [36m<p[39m
            [33mclass[39m=[32m"text-gray-600 mb-6"[39m
          [36m>[39m
            [0mConfigure your AI provider settings[0m
          [36m</p>[39m
          [36m<div[39m
            [33mclass[39m=[32m"space-y-6"[39m
            [33mdata-testid[39m=[32m"setupwizard-apikeys-content"[39m
          [36m>[39m
            [36m<div>[39m
              [36m<label[39m
                [33mclass[39m=[32m"block text-sm font-medium text-gray-700 mb-2"[39m
                [33mfor[39m=[32m"anthropicApiKey"[39m
              [36m>[39m
                [0mAnthropic API Key *[0m
              [36m</label>[39m
              [36m<div[39m
                [33mclass[39m=[32m"flex space-x-2"[39m
              [36m>[39m
                [36m<input[39m
                  [33mclass[39m=[32m"flex-1 px-3 py-2 border rounded-md focus:outline-none focus:ring-2 focus:ring-blue-500 border-gray-300"[39m
                  [33mdata-testid[39m=[32m"setupwizard-anthropic-api-key"[39m
                  [33mid[39m=[32m"anthropicApiKey"[39m
                  [33mplaceholder[39m=[32m"sk-ant-..."[39m
                  [33mtabindex[39m=[32m"0"[39m
                  [33mtype[39m=[32m"password"[39m
                  [33mvalue[39m=[32m"sk-ant-valid-key"[39m
                [36m/>[39m
                [36m<button[39m
                  [33mclass[39m=[32m"px-3 py-2 bg-blue-600 text-white rounded-md hover:bg-blue-700 disabled:bg-gray-400"[39m
                  [33mtype[39m=[32m"button"[39m
                [36m>[39m
                  [0mTest Anthropic Key[0m
                [36m</button>[39m
              [36m</div>[39m
            [36m</div>[39m
            [36m<div>[39m
              [36m<label[39m
                [33mclass[39m=[32m"block text-sm font-medium text-gray-700 mb-2"[39m
                [33mfor[39m=[32m"openaiApiKey"[39m
              [36m>[39m
                [0mOpenAI API Key (Optional)[0m
              [36m</label>[39m
              [36m<div[39m
                [33mclass[39m=[32m"flex space-x-2"[39m
              [36m>[39m
                [36m<input[39m
                  [33mclass[39m=[32m"flex-1 px-3 py-2 border rounded-md focus:outline-none focus:ring-2 focus:ring-blue-500 border-gray-300"[39m
                  [33mid[39m=[32m"openaiApiKey"[39m
                  [33mplaceholder[39m=[32m"sk-..."[39m
                  [33mtabindex[39m=[32m"0"[39m
                  [33mtype[39m=[32m"password"[39m
                  [33mvalue[39m=[32m""[39m
                [36m/>[39m
                [36m<button[39m
                  [33mclass[39m=[32m"px-3 py-2 bg-blue-600 text-white rounded-md hover:bg-blue-700 disabled:bg-gray-400"[39m
                  [33mdisabled[39m=[32m""[39m
                  [33mtype[39m=[32m"button"[39m
                [36m>[39m
                  [0mTest OpenAI Key[0m
                [36m</button>[39m
              [36m</div>[39m
            [36m</div>[39m
            [36m<div>[39m
              [36m<label[39m
                [33mclass[39m=[32m"block text-sm font-medium text-gray-700 mb-2"[39m
                [33mfor[39m=[32m"monthlyBudget"[39m
              [36m>[39m
                [0mMonthly Budget ($) *[0m
              [36m</label>[39m
              [36m<input[39m
                [33mclass[39m=[32m"w-full px-3 py-2 border rounded-md focus:outline-none focus:ring-2 focus:ring-blue-500 border-gray-300"[39m
                [33mid[39m=[32m"monthlyBudget"[39m
                [33mmin[39m=[32m"0"[39m
                [33mstep[39m=[32m"0.01"[39m
                [33mtabindex[39m=[32m"0"[39m
                [33mtype[39m=[32m"number"[39m
                [33mvalue[39m=[32m"100"[39m
              [36m/>[39m
            [36m</div>[39m
            [36m<div>[39m
              [36m<label[39m
                [33mclass[39m=[32m"block text-sm font-medium text-gray-700 mb-2"[39m
                [33mfor[39m=[32m"preferredProvider"[39m
              [36m>[39m
                [0mPreferred Provider[0m
              [36m</label>[39m
              [36m<select[39m
                [33mclass[39m=[32m"w-full px-3 py-2 border border-gray-300 rounded-md focus:outline-none focus:ring-2 focus:ring-blue-500"[39m
                [33mid[39m=[32m"preferredProvider"[39m
                [33mtabindex[39m=[32m"0"[39m
              [36m>[39m
                [36m<option[39m
                  [33mvalue[39m=[32m"auto"[39m
                [36m>[39m
                  [0mAuto[0m
                [36m</option>[39m
                [36m<option[39m
                  [33mvalue[39m=[32m"anthropic"[39m
                [36m>[39m
                  [0mAnthropic[0m
                [36m</option>[39m
                [36m<option[39m
                  [33mvalue[39m=[32m"openai"[39m
                [36m>[39m
                  [0mOpenAI[0m
                [36m</option>[39m
              [36m</select>[39m
            [36m</div>[39m
          [36m</div>[39m
          [36m<div[39m
            [33mclass[39m=[32m"flex justify-between mt-8"[39m
            [33mdata-testid[39m=[32m"setupwizard-nav-buttons"[39m
          [36m>[39m
            [36m<button[39m
              [33mclass[39m=[32m"px-4 py-2 text-gray-600 bg-gray-200 rounded-md hover:bg-gray-300 disabled:bg-gray-100 disabled:text-gray-400"[39m
              [33mdata-testid[39m=[32m"setupwizard-back-btn"[39m
              [33mtabindex[39m=[32m"0"[39m
            [36m>[39m
              [0mBack[0m
            [36m</button>[39m
            [36m<button[39m
              [33mclass[39m=[32m"px-6 py-2 bg-blue-600 text-white rounded-md hover:bg-blue-700 disabled:bg-gray-400"[39m
              [33mdata-testid[39m=[32m"setupwizard-continue-btn"[39m
              [33mtabindex[39m=[32m"0"[39m
            [36m>[39m
              [0mContinue[0m
            [36m</button>[39m
          [36m</div>[39m
        [36m</div>[39m
      [36m</div>[39m
    [36m</div>[39m
  [36m</body>[39m
[36m</html>[39m
 ❯ Proxy.waitForWrapper node_modules/@testing-library/dom/dist/wait-for.js:163:27
 ❯ __tests__/components/SetupWizard.test.tsx:531:13
    529|       
    530|       fireEvent.click(continueButton);
    531|       await waitFor(() => screen.getByText('Review & Complete'));
       |             ^
    532|     });
    533| 

⎯⎯⎯⎯⎯⎯⎯⎯⎯⎯⎯⎯⎯⎯⎯⎯⎯⎯⎯⎯⎯⎯[11/16]⎯

 FAIL  __tests__/components/SetupWizard.test.tsx > SetupWizard Edge Cases (TDD RED Phase) > should resume at correct step after partial completion (user leaves and returns)
Error: [2mexpect([22m[31mreceived[39m[2m).toBeInTheDocument()[22m

[31mreceived[39m value must be an HTMLElement or an SVGElement.
Received has type:  Undefined
Received has value: [31mundefined[39m

Ignored nodes: comments, script, style
[36m<html>[39m
  [36m<head />[39m
  [36m<body>[39m
    [36m<div>[39m
      [36m<div[39m
        [33mclass[39m=[32m"max-w-2xl mx-auto p-6"[39m
        [33mdata-testid[39m=[32m"setupwizard-container"[39m
      [36m>[39m
        [0m [0m
        [36m<div[39m
          [33mclass[39m=[32m"mb-8"[39m
        [36m>[39m
          [36m<div[39m
            [33mclass[39m=[32m"flex justify-between items-center mb-2"[39m
          [36m>[39m
            [36m<span[39m
              [33mclass[39m=[32m"text-sm text-gray-600"[39m
              [33mdata-testid[39m=[32m"setupwizard-step-counter"[39m
            [36m>[39m
              [0mStep [0m
              [0m1[0m
              [0m of [0m
              [0m4[0m
            [36m</span>[39m
            [36m<span[39m
              [33mclass[39m=[32m"text-sm text-gray-600"[39m
              [33mdata-testid[39m=[32m"setupwizard-progress-percent"[39m
            [36m>[39m
              [0m25[0m
              [0m%[0m
            [36m</span>[39m
          [36m</div>[39m
          [36m<div[39m
            [33mclass[39m=[32m"w-full bg-gray-200 rounded-full h-2"[39m
          [36m>[39m
            [36m<div[39m
              [33maria-valuemax[39m=[32m"4"[39m
              [33maria-valuemin[39m=[32m"0"[39m
              [33maria-valuenow[39m=[32m"1"[39m
              [33mclass[39m=[32m"bg-blue-600 h-2 rounded-full transition-all duration-300"[39m
              [33mdata-testid[39m=[32m"setupwizard-progressbar"[39m
              [33mrole[39m=[32m"progressbar"[39m
              [33mstyle[39m=[32m"width: 25%;"[39m
            [36m/>[39m
          [36m</div>[39m
        [36m</div>[39m
        [36m<div[39m
          [33mclass[39m=[32m"bg-white rounded-lg shadow-md p-6"[39m
        [36m>[39m
          [36m<h2[39m
            [33mclass[39m=[32m"text-2xl font-bold text-gray-900 mb-2"[39m
            [33mdata-testid[39m=[32m"setupwizard-step-title"[39m
          [36m>[39m
            [0mWelcome to Academic Workflow Assistant[0m
          [36m</h2>[39m
          [36m<p[39m
            [33mclass[39m=[32m"text-gray-600 mb-6"[39m
          [36m>[39m
            [0mLet's get you set up with your AI-powered research assistant[0m
          [36m</p>[39m
          [36m<div[39m
            [33mclass[39m=[32m"space-y-4"[39m
            [33mdata-testid[39m=[32m"setupwizard-welcome-content"[39m
          [36m>[39m
            [36m<p[39m
              [33mclass[39m=[32m"text-gray-700"[39m
            [36m>[39m
              [0mThis wizard will help you configure your Academic Workflow Assistant with:[0m
            [36m</p>[39m
            [36m<ul[39m
              [33mclass[39m=[32m"list-disc list-inside text-gray-700 space-y-2"[39m
            [36m>[39m
              [36m<li>[39m
                [0mAI provider settings (API keys and preferences)[0m
              [36m</li>[39m
              [36m<li>[39m
                [0mAcademic preferences (citation style, language)[0m
              [36m</li>[39m
              [36m<li>[39m
                [0mUI preferences (theme, accessibility)[0m
              [36m</li>[39m
            [36m</ul>[39m
            [36m<p[39m
              [33mclass[39m=[32m"text-gray-700"[39m
            [36m>[39m
              [0mLet's get started![0m
            [36m</p>[39m
          [36m</div>[39m
          [36m<div[39m
            [33mclass[39m=[32m"flex justify-between mt-8"[39m
            [33mdata-testid[39m=[32m"setupwizard-nav-buttons"[39m
          [36m>[39m
            [36m<button[39m
              [33mclass[39m=[32m"px-4 py-2 text-gray-600 bg-gray-200 rounded-md hover:bg-gray-300 disabled:bg-gray-100 disabled:text-gray-400"[39m
              [33mdata-testid[39m=[32m"setupwizard-back-btn"[39m
              [33mdisabled[39m=[32m""[39m
              [33mtabindex[39m=[32m"0"[39m
            [36m>[39m
              [0mBack[0m
            [36m</button>[39m
            [36m<button[39m
              [33mclass[39m=[32m"px-6 py-2 bg-blue-600 text-white rounded-md hover:bg-blue-700 disabled:bg-gray-400"[39m
              [33mdata-testid[39m=[32m"setupwizard-continue-btn"[39m
              [33mtabindex[39m=[32m"0"[39m
            [36m>[39m
              [0mContinue[0m
            [36m</button>[39m
          [36m</div>[39m
        [36m</div>[39m
      [36m</div>[39m
    [36m</div>[39m
  [36m</body>[39m
[36m</html>[39m
 ❯ __tests__/components/SetupWizard.test.tsx:699:101
    697|     await waitFor(() => {
    698|       // Should resume at preferences step
    699|       expect(screen.getAllByRole('heading').find(h => /Academic Prefer…
       |                                                                                                     ^
    700|     });
    701|   });
 ❯ runWithExpensiveErrorDiagnosticsDisabled node_modules/@testing-library/dom/dist/config.js:47:12
 ❯ checkCallback node_modules/@testing-library/dom/dist/wait-for.js:124:77
 ❯ Timeout.checkRealTimersCallback node_modules/@testing-library/dom/dist/wait-for.js:118:16

⎯⎯⎯⎯⎯⎯⎯⎯⎯⎯⎯⎯⎯⎯⎯⎯⎯⎯⎯⎯⎯⎯[12/16]⎯

 FAIL  __tests__/components/SetupWizard.test.tsx > SetupWizard Edge Cases (TDD RED Phase) > should handle corrupted/missing settings from API
TestingLibraryElementError: Unable to find an element with the text: /failed to load setup status/i. This could be because the text is broken up by multiple elements. In this case, you can provide a function for your text matcher to make your matcher more flexible.

Ignored nodes: comments, script, style
[36m<body>[39m
  [36m<div>[39m
    [36m<div[39m
      [33mclass[39m=[32m"max-w-2xl mx-auto p-6"[39m
      [33mdata-testid[39m=[32m"setupwizard-container"[39m
    [36m>[39m
      [0m [0m
      [36m<div[39m
        [33mclass[39m=[32m"mb-8"[39m
      [36m>[39m
        [36m<div[39m
          [33mclass[39m=[32m"flex justify-between items-center mb-2"[39m
        [36m>[39m
          [36m<span[39m
            [33mclass[39m=[32m"text-sm text-gray-600"[39m
            [33mdata-testid[39m=[32m"setupwizard-step-counter"[39m
          [36m>[39m
            [0mStep [0m
            [0m1[0m
            [0m of [0m
            [0m4[0m
          [36m</span>[39m
          [36m<span[39m
            [33mclass[39m=[32m"text-sm text-gray-600"[39m
            [33mdata-testid[39m=[32m"setupwizard-progress-percent"[39m
          [36m>[39m
            [0m25[0m
            [0m%[0m
          [36m</span>[39m
        [36m</div>[39m
        [36m<div[39m
          [33mclass[39m=[32m"w-full bg-gray-200 rounded-full h-2"[39m
        [36m>[39m
          [36m<div[39m
            [33maria-valuemax[39m=[32m"4"[39m
            [33maria-valuemin[39m=[32m"0"[39m
            [33maria-valuenow[39m=[32m"1"[39m
            [33mclass[39m=[32m"bg-blue-600 h-2 rounded-full transition-all duration-300"[39m
            [33mdata-testid[39m=[32m"setupwizard-progressbar"[39m
            [33mrole[39m=[32m"progressbar"[39m
            [33mstyle[39m=[32m"width: 25%;"[39m
          [36m/>[39m
        [36m</div>[39m
      [36m</div>[39m
      [36m<div[39m
        [33mclass[39m=[32m"bg-white rounded-lg shadow-md p-6"[39m
      [36m>[39m
        [36m<h2[39m
          [33mclass[39m=[32m"text-2xl font-bold text-gray-900 mb-2"[39m
          [33mdata-testid[39m=[32m"setupwizard-step-title"[39m
        [36m>[39m
          [0mWelcome to Academic Workflow Assistant[0m
        [36m</h2>[39m
        [36m<p[39m
          [33mclass[39m=[32m"text-gray-600 mb-6"[39m
        [36m>[39m
          [0mLet's get you set up with your AI-powered research assistant[0m
        [36m</p>[39m
        [36m<div[39m
          [33mclass[39m=[32m"space-y-4"[39m
          [33mdata-testid[39m=[32m"setupwizard-welcome-content"[39m
        [36m>[39m
          [36m<p[39m
            [33mclass[39m=[32m"text-gray-700"[39m
          [36m>[39m
            [0mThis wizard will help you configure your Academic Workflow Assistant with:[0m
          [36m</p>[39m
          [36m<ul[39m
            [33mclass[39m=[32m"list-disc list-inside text-gray-700 space-y-2"[39m
          [36m>[39m
            [36m<li>[39m
              [0mAI provider settings (API keys and preferences)[0m
            [36m</li>[39m
            [36m<li>[39m
              [0mAcademic preferences (citation style, language)[0m
            [36m</li>[39m
            [36m<li>[39m
              [0mUI preferences (theme, accessibility)[0m
            [36m</li>[39m
          [36m</ul>[39m
          [36m<p[39m
            [33mclass[39m=[32m"text-gray-700"[39m
          [36m>[39m
            [0mLet's get started![0m
          [36m</p>[39m
        [36m</div>[39m
        [36m<div[39m
          [33mclass[39m=[32m"flex justify-between mt-8"[39m
          [33mdata-testid[39m=[32m"setupwizard-nav-buttons"[39m
        [36m>[39m
          [36m<button[39m
            [33mclass[39m=[32m"px-4 py-2 text-gray-600 bg-gray-200 rounded-md hover:bg-gray-300 disabled:bg-gray-100 disabled:text-gray-400"[39m
            [33mdata-testid[39m=[32m"setupwizard-back-btn"[39m
            [33mdisabled[39m=[32m""[39m
            [33mtabindex[39m=[32m"0"[39m
          [36m>[39m
            [0mBack[0m
          [36m</button>[39m
          [36m<button[39m
            [33mclass[39m=[32m"px-6 py-2 bg-blue-600 text-white rounded-md hover:bg-blue-700 disabled:bg-gray-400"[39m
            [33mdata-testid[39m=[32m"setupwizard-continue-btn"[39m
            [33mtabindex[39m=[32m"0"[39m
          [36m>[39m
            [0mContinue[0m
          [36m</button>[39m
        [36m</div>[39m
      [36m</div>[39m
    [36m</div>[39m
  [36m</div>[39m
  [36m<div>[39m
    [36m<div[39m
      [33mclass[39m=[32m"max-w-2xl mx-auto p-6"[39m
      [33mdata-testid[39m=[32m"setupwizard-container"[39m
    [36m>[39m
      [0m [0m
      [36m<div[39m
        [33mclass[39m=[32m"mb-8"[39m
      [36m>[39m
        [36m<div[39m
          [33mclass[39m=[32m"flex justify-between items-center mb-2"[39m
        [36m>[39m
          [36m<span[39m
            [33mclass[39m=[32m"text-sm text-gray-600"[39m
            [33mdata-testid[39m=[32m"setupwizard-step-counter"[39m
          [36m>[39m
            [0mStep [0m
            [0m2[0m
            [0m of [0m
            [0m4[0m
          [36m</span>[39m
          [36m<span[39m
            [33mclass[39m=[32m"text-sm text-gray-600"[39m
            [33mdata-testid[39m=[32m"setupwizard-progress-percent"[39m
          [36m>[39m
            [0m50[0m
            [0m%[0m
          [36m</span>[39m
        [36m</div>[39m
        [36m<div[39m
          [33mclass[39m=[32m"w-full bg-gray-200 rounded-full h-2"[39m
        [36m>[39m
          [36m<div[39m
            [33maria-valuemax[39m=[32m"4"[39m
            [33maria-valuemin[39m=[32m"0"[39m
            [33maria-valuenow[39m=[32m"2"[39m
            [33mclass[39m=[32m"bg-blue-600 h-2 rounded-full transition-all duration-300"[39m
            [33mdata-testid[39m=[32m"setupwizard-progressbar"[39m
            [33mrole[39m=[32m"progressbar"[39m
            [33mstyle[39m=[32m"width: 50%;"[39m
          [36m/>[39m
        [36m</div>[39m
      [36m</div>[39m
      [36m<div[39m
        [33mclass[39m=[32m"bg-white rounded-lg shadow-md p-6"[39m
      [36m>[39m
        [36m<h2[39m
          [33mclass[39m=[32m"text-2xl font-bold text-gray-900 mb-2"[39m
          [33mdata-testid[39m=[32m"setupwizard-step-title"[39m
        [36m>[39m
          [0mAI Provider Configuration[0m
        [36m</h2>[39m
        [36m<p[39m
          [33mclass[39m=[32m"text-gray-600 mb-6"[39m
        [36m>[39m
          [0mConfigure your AI provider settings[0m
        [36m</p>[39m
        [36m<div[39m
          [33mclass[39m=[32m"space-y-6"[39m
          [33mdata-testid[39m=[32m"setupwizard-apikeys-content"[39m
        [36m>[39m
          [36m<div>[39m
            [36m<label[39m
              [33mclass[39m=[32m"block text-sm font-medium text-gray-700 mb-2"[39m
              [33mfor[39m=[32m"anthropicApiKey"[39m
            [36m>[39m
              [0mAnthropic API Key *[0m
            [36m</label>[39m
            [36m<div[39m
              [33mclass[39m=[32m"flex space-x-2"[39m
            [36m>[39m
              [36m<input[39m
                [33mclass[39m=[32m"flex-1 px-3 py-2 border rounded-md focus:outline-none focus:ring-2 focus:ring-blue-500 border-gray-300"[39m
                [33mdata-testid[39m=[32m"setupwizard-anthropic-api-key"[39m
                [33mid[39m=[32m"anthropicApiKey"[39m
                [33mplaceholder[39m=[32m"sk-ant-..."[39m
                [33mtabindex[39m=[32m"0"[39m
                [33mtype[39m=[32m"password"[39m
                [33mvalue[39m=[32m""[39m
              [36m/>[39m
              [36m<button[39m
                [33mclass[39m=[32m"px-3 py-2 bg-blue-600 text-white rounded-md hover:bg-blue-700 disabled:bg-gray-400"[39m
                [33mdisabled[39m=[32m""[39m
                [33mtype[39m=[32m"button"[39m
              [36m>[39m
                [0mTest Anthropic Key[0m
              [36m</button>[39m
            [36m</div>[39m
          [36m</div>[39m
          [36m<div>[39m
            [36m<label[39m
              [33mclass[39m=[32m"block text-sm font-medium text-gray-700 mb-2"[39m
              [33mfor[39m=[32m"openaiApiKey"[39m
            [36m>[39m
              [0mOpenAI API Key (Optional)[0m
            [36m</label>[39m
            [36m<div[39m
              [33mclass[39m=[32m"flex space-x-2"[39m
            [36m>[39m
              [36m<input[39m
                [33mclass[39m=[32m"flex-1 px-3 py-2 border rounded-md focus:outline-none focus:ring-2 focus:ring-blue-500 border-gray-300"[39m
                [33mid[39m=[32m"openaiApiKey"[39m
                [33mplaceholder[39m=[32m"sk-..."[39m
                [33mtabindex[39m=[32m"0"[39m
                [33mtype[39m=[32m"password"[39m
                [33mvalue[39m=[32m""[39m
              [36m/>[39m
              [36m<button[39m
                [33mclass[39m=[32m"px-3 py-2 bg-blue-600 text-white rounded-md hover:bg-blue-700 disabled:bg-gray-400"[39m
                [33mdisabled[39m=[32m""[39m
                [33mtype[39m=[32m"button"[39m
              [36m>[39m
                [0mTest OpenAI Key[0m
              [36m</button>[39m
            [36m</div>[39m
          [36m</div>[39m
          [36m<div>[39m
            [36m<label[39m
              [33mclass[39m=[32m"block text-sm font-medium text-gray-700 mb-2"[39m
              [33mfor[39m=[32m"monthlyBudget"[39m
            [36m>[39m
              [0mMonthly Budget ($) *[0m
            [36m</label>[39m
            [36m<input[39m
              [33mclass[39m=[32m"w-full px-3 py-2 border rounded-md focus:outline-none focus:ring-2 focus:ring-blue-500 border-gray-300"[39m
              [33mid[39m=[32m"monthlyBudget"[39m
              [33mmin[39m=[32m"0"[39m
              [33mstep[39m=[32m"0.01"[39m
              [33mtabindex[39m=[32m"0"[39m
              [33mtype[39m=[32m"number"[39m
              [33mvalue[39m=[32m"100"[39m
            [36m/>[39m
          [36m</div>[39m
          [36m<div>[39m
            [36m<label[39m
              [33mclass[39m=[32m"block text-sm font-medium text-gray-700 mb-2"[39m
              [33mfor[39m=[32m"preferredProvider"[39m
            [36m>[39m
              [0mPreferred Provider[0m
            [36m</label>[39m
            [36m<select[39m
              [33mclass[39m=[32m"w-full px-3 py-2 border border-gray-300 rounded-md focus:outline-none focus:ring-2 focus:ring-blue-500"[39m
              [33mid[39m=[32m"preferredProvider"[39m
              [33mtabindex[39m=[32m"0"[39m
            [36m>[39m
              [36m<option[39m
                [33mvalue[39m=[32m"auto"[39m
              [36m>[39m
                [0mAuto[0m
              [36m</option>[39m
              [36m<option[39m
                [33mvalue[39m=[32m"anthropic"[39m
              [36m>[39m
                [0mAnthropic[0m
              [36m</option>[39m
              [36m<option[39m
                [33mvalue[39m=[32m"openai"[39m
              [36m>[39m
                [0mOpenAI[0m
              [36m</option>[39m
            [36m</select>[39m
          [36m</div>[39m
        [36m</div>[39m
        [36m<div[39m
          [33mclass[39m=[32m"flex justify-between mt-8"[39m
          [33mdata-testid[39m=[32m"setupwizard-nav-buttons"[39m
        [36m>[39m
          [36m<button[39m
            [33mclass[39m=[32m"px-4 py-2 text-gray-600 bg-gray-200 rounded-md hover:bg-gray-300 disabled:bg-gray-100 disabled:text-gray-400"[39m
            [33mdata-testid[39m=[32m"setupwizard-back-btn"[39m
            [33mtabindex[39m=[32m"0"[39m
          [36m>[39m
            [0mBack[0m
          [36m</button>[39m
          [36m<button[39m
            [33mclass[39m=[32m"px-6 py-2 bg-blue-600 text-white rounded-md hover:bg-blue-700 disabled:bg-gray-400"[39m
            [33mdata-testid[39m=[32m"setupwizard-continue-btn"[39m
            [33mdisabled[39m=[32m""[39m
            [33mtabindex[39m=[32m"0"[39m
          [36m>[39m
            [0mContinue[0m
          [36m</button>[39m
        [36m</div>[39m
      [36m</div>[39m
    [36m</div>[39m
  [36m</div>[39m
[36m</body>[39m

Ignored nodes: comments, script, style
[36m<html>[39m
  [36m<head />[39m
  [36m<body>[39m
    [36m<div>[39m
      [36m<div[39m
        [33mclass[39m=[32m"max-w-2xl mx-auto p-6"[39m
        [33mdata-testid[39m=[32m"setupwizard-container"[39m
      [36m>[39m
        [0m [0m
        [36m<div[39m
          [33mclass[39m=[32m"mb-8"[39m
        [36m>[39m
          [36m<div[39m
            [33mclass[39m=[32m"flex justify-between items-center mb-2"[39m
          [36m>[39m
            [36m<span[39m
              [33mclass[39m=[32m"text-sm text-gray-600"[39m
              [33mdata-testid[39m=[32m"setupwizard-step-counter"[39m
            [36m>[39m
              [0mStep [0m
              [0m1[0m
              [0m of [0m
              [0m4[0m
            [36m</span>[39m
            [36m<span[39m
              [33mclass[39m=[32m"text-sm text-gray-600"[39m
              [33mdata-testid[39m=[32m"setupwizard-progress-percent"[39m
            [36m>[39m
              [0m25[0m
              [0m%[0m
            [36m</span>[39m
          [36m</div>[39m
          [36m<div[39m
            [33mclass[39m=[32m"w-full bg-gray-200 rounded-full h-2"[39m
          [36m>[39m
            [36m<div[39m
              [33maria-valuemax[39m=[32m"4"[39m
              [33maria-valuemin[39m=[32m"0"[39m
              [33maria-valuenow[39m=[32m"1"[39m
              [33mclass[39m=[32m"bg-blue-600 h-2 rounded-full transition-all duration-300"[39m
              [33mdata-testid[39m=[32m"setupwizard-progressbar"[39m
              [33mrole[39m=[32m"progressbar"[39m
              [33mstyle[39m=[32m"width: 25%;"[39m
            [36m/>[39m
          [36m</div>[39m
        [36m</div>[39m
        [36m<div[39m
          [33mclass[39m=[32m"bg-white rounded-lg shadow-md p-6"[39m
        [36m>[39m
          [36m<h2[39m
            [33mclass[39m=[32m"text-2xl font-bold text-gray-900 mb-2"[39m
            [33mdata-testid[39m=[32m"setupwizard-step-title"[39m
          [36m>[39m
            [0mWelcome to Academic Workflow Assistant[0m
          [36m</h2>[39m
          [36m<p[39m
            [33mclass[39m=[32m"text-gray-600 mb-6"[39m
          [36m>[39m
            [0mLet's get you set up with your AI-powered research assistant[0m
          [36m</p>[39m
          [36m<div[39m
            [33mclass[39m=[32m"space-y-4"[39m
            [33mdata-testid[39m=[32m"setupwizard-welcome-content"[39m
          [36m>[39m
            [36m<p[39m
              [33mclass[39m=[32m"text-gray-700"[39m
            [36m>[39m
              [0mThis wizard will help you configure your Academic Workflow Assistant with:[0m
            [36m</p>[39m
            [36m<ul[39m
              [33mclass[39m=[32m"list-disc list-inside text-gray-700 space-y-2"[39m
            [36m>[39m
              [36m<li>[39m
                [0mAI provider settings (API keys and preferences)[0m
              [36m</li>[39m
              [36m<li>[39m
                [0mAcademic preferences (citation style, language)[0m
              [36m</li>[39m
              [36m<li>[39m
                [0mUI preferences (theme, accessibility)[0m
              [36m</li>[39m
            [36m</ul>[39m
            [36m<p[39m
              [33mclass[39m=[32m"text-gray-700"[39m
            [36m>[39m
              [0mLet's get started![0m
            [36m</p>[39m
          [36m</div>[39m
          [36m<div[39m
            [33mclass[39m=[32m"flex justify-between mt-8"[39m
            [33mdata-testid[39m=[32m"setupwizard-nav-buttons"[39m
          [36m>[39m
            [36m<button[39m
              [33mclass[39m=[32m"px-4 py-2 text-gray-600 bg-gray-200 rounded-md hover:bg-gray-300 disabled:bg-gray-100 disabled:text-gray-400"[39m
              [33mdata-testid[39m=[32m"setupwizard-back-btn"[39m
              [33mdisabled[39m=[32m""[39m
              [33mtabindex[39m=[32m"0"[39m
            [36m>[39m
              [0mBack[0m
            [36m</button>[39m
            [36m<button[39m
              [33mclass[39m=[32m"px-6 py-2 bg-blue-600 text-white rounded-md hover:bg-blue-700 disabled:bg-gray-400"[39m
              [33mdata-testid[39m=[32m"setupwizard-continue-btn"[39m
              [33mtabindex[39m=[32m"0"[39m
            [36m>[39m
              [0mContinue[0m
            [36m</button>[39m
          [36m</div>[39m
        [36m</div>[39m
      [36m</div>[39m
    [36m</div>[39m
    [36m<div>[39m
      [36m<div[39m
        [33mclass[39m=[32m"max-w-2xl mx-auto p-6"[39m
        [33mdata-testid[39m=[32m"setupwizard-container"[39m
      [36m>[39m
        [0m [0m
        [36m<div[39m
          [33mclass[39m=[32m"mb-8"[39m
        [36m>[39m
          [36m<div[39m
            [33mclass[39m=[32m"flex justify-between items-center mb-2"[39m
          [36m>[39m
            [36m<span[39m
              [33mclass[39m=[32m"text-sm text-gray-600"[39m
              [33mdata-testid[39m=[32m"setupwizard-step-counter"[39m
            [36m>[39m
              [0mStep [0m
              [0m2[0m
              [0m of [0m
              [0m4[0m
            [36m</span>[39m
            [36m<span[39m
              [33mclass[39m=[32m"text-sm text-gray-600"[39m
              [33mdata-testid[39m=[32m"setupwizard-progress-percent"[39m
            [36m>[39m
              [0m50[0m
              [0m%[0m
            [36m</span>[39m
          [36m</div>[39m
          [36m<div[39m
            [33mclass[39m=[32m"w-full bg-gray-200 rounded-full h-2"[39m
          [36m>[39m
            [36m<div[39m
              [33maria-valuemax[39m=[32m"4"[39m
              [33maria-valuemin[39m=[32m"0"[39m
              [33maria-valuenow[39m=[32m"2"[39m
              [33mclass[39m=[32m"bg-blue-600 h-2 rounded-full transition-all duration-300"[39m
              [33mdata-testid[39m=[32m"setupwizard-progressbar"[39m
              [33mrole[39m=[32m"progressbar"[39m
              [33mstyle[39m=[32m"width: 50%;"[39m
            [36m/>[39m
          [36m</div>[39m
        [36m</div>[39m
        [36m<div[39m
          [33mclass[39m=[32m"bg-white rounded-lg shadow-md p-6"[39m
        [36m>[39m
          [36m<h2[39m
            [33mclass[39m=[32m"text-2xl font-bold text-gray-900 mb-2"[39m
            [33mdata-testid[39m=[32m"setupwizard-step-title"[39m
          [36m>[39m
            [0mAI Provider Configuration[0m
          [36m</h2>[39m
          [36m<p[39m
            [33mclass[39m=[32m"text-gray-600 mb-6"[39m
          [36m>[39m
            [0mConfigure your AI provider settings[0m
          [36m</p>[39m
          [36m<div[39m
            [33mclass[39m=[32m"space-y-6"[39m
            [33mdata-testid[39m=[32m"setupwizard-apikeys-content"[39m
          [36m>[39m
            [36m<div>[39m
              [36m<label[39m
                [33mclass[39m=[32m"block text-sm font-medium text-gray-700 mb-2"[39m
                [33mfor[39m=[32m"anthropicApiKey"[39m
              [36m>[39m
                [0mAnthropic API Key *[0m
              [36m</label>[39m
              [36m<div[39m
                [33mclass[39m=[32m"flex space-x-2"[39m
              [36m>[39m
                [36m<input[39m
                  [33mclass[39m=[32m"flex-1 px-3 py-2 border rounded-md focus:outline-none focus:ring-2 focus:ring-blue-500 border-gray-300"[39m
                  [33mdata-testid[39m=[32m"setupwizard-anthropic-api-key"[39m
                  [33mid[39m=[32m"anthropicApiKey"[39m
                  [33mplaceholder[39m=[32m"sk-ant-..."[39m
                  [33mtabindex[39m=[32m"0"[39m
                  [33mtype[39m=[32m"password"[39m
                  [33mvalue[39m=[32m""[39m
                [36m/>[39m
                [36m<button[39m
                  [33mclass[39m=[32m"px-3 py-2 bg-blue-600 text-white rounded-md hover:bg-blue-700 disabled:bg-gray-400"[39m
                  [33mdisabled[39m=[32m""[39m
                  [33mtype[39m=[32m"button"[39m
                [36m>[39m
                  [0mTest Anthropic Key[0m
                [36m</button>[39m
              [36m</div>[39m
            [36m</div>[39m
            [36m<div>[39m
              [36m<label[39m
                [33mclass[39m=[32m"block text-sm font-medium text-gray-700 mb-2"[39m
                [33mfor[39m=[32m"openaiApiKey"[39m
              [36m>[39m
                [0mOpenAI API Key (Optional)[0m
              [36m</label>[39m
              [36m<div[39m
                [33mclass[39m=[32m"flex space-x-2"[39m
              [36m>[39m
                [36m<input[39m
                  [33mclass[39m=[32m"flex-1 px-3 py-2 border rounded-md focus:outline-none focus:ring-2 focus:ring-blue-500 border-gray-300"[39m
                  [33mid[39m=[32m"openaiApiKey"[39m
                  [33mplaceholder[39m=[32m"sk-..."[39m
                  [33mtabindex[39m=[32m"0"[39m
                  [33mtype[39m=[32m"password"[39m
                  [33mvalue[39m=[32m""[39m
                [36m/>[39m
                [36m<button[39m
                  [33mclass[39m=[32m"px-3 py-2 bg-blue-600 text-white rounded-md hover:bg-blue-700 disabled:bg-gray-400"[39m
                  [33mdisabled[39m=[32m""[39m
                  [33mtype[39m=[32m"button"[39m
                [36m>[39m
                  [0mTest OpenAI Key[0m
                [36m</button>[39m
              [36m</div>[39m
            [36m</div>[39m
            [36m<div>[39m
              [36m<label[39m
                [33mclass[39m=[32m"block text-sm font-medium text-gray-700 mb-2"[39m
                [33mfor[39m=[32m"monthlyBudget"[39m
              [36m>[39m
                [0mMonthly Budget ($) *[0m
              [36m</label>[39m
              [36m<input[39m
                [33mclass[39m=[32m"w-full px-3 py-2 border rounded-md focus:outline-none focus:ring-2 focus:ring-blue-500 border-gray-300"[39m
                [33mid[39m=[32m"monthlyBudget"[39m
                [33mmin[39m=[32m"0"[39m
                [33mstep[39m=[32m"0.01"[39m
                [33mtabindex[39m=[32m"0"[39m
                [33mtype[39m=[32m"number"[39m
                [33mvalue[39m=[32m"100"[39m
              [36m/>[39m
            [36m</div>[39m
            [36m<div>[39m
              [36m<label[39m
                [33mclass[39m=[32m"block text-sm font-medium text-gray-700 mb-2"[39m
                [33mfor[39m=[32m"preferredProvider"[39m
              [36m>[39m
                [0mPreferred Provider[0m
              [36m</label>[39m
              [36m<select[39m
                [33mclass[39m=[32m"w-full px-3 py-2 border border-gray-300 rounded-md focus:outline-none focus:ring-2 focus:ring-blue-500"[39m
                [33mid[39m=[32m"preferredProvider"[39m
                [33mtabindex[39m=[32m"0"[39m
              [36m>[39m
                [36m<option[39m
                  [33mvalue[39m=[32m"auto"[39m
                [36m>[39m
                  [0mAuto[0m
                [36m</option>[39m
                [36m<option[39m
                  [33mvalue[39m=[32m"anthropic"[39m
                [36m>[39m
                  [0mAnthropic[0m
                [36m</option>[39m
                [36m<option[39m
                  [33mvalue[39m=[32m"openai"[39m
                [36m>[39m
                  [0mOpenAI[0m
                [36m</option>[39m
              [36m</select>[39m
            [36m</div>[39m
          [36m</div>[39m
          [36m<div[39m
            [33mclass[39m=[32m"flex justify-between mt-8"[39m
            [33mdata-testid[39m=[32m"setupwizard-nav-buttons"[39m
          [36m>[39m
            [36m<button[39m
              [33mclass[39m=[32m"px-4 py-2 text-gray-600 bg-gray-200 rounded-md hover:bg-gray-300 disabled:bg-gray-100 disabled:text-gray-400"[39m
              [33mdata-testid[39m=[32m"setupwizard-back-btn"[39m
              [33mtabindex[39m=[32m"0"[39m
            [36m>[39m
              [0mBack[0m
            [36m</button>[39m
            [36m<button[39m
              [33mclass[39m=[32m"px-6 py-2 bg-blue-600 text-white rounded-md hover:bg-blue-700 disabled:bg-gray-400"[39m
              [33mdata-testid[39m=[32m"setupwizard-continue-btn"[39m
              [33mdisabled[39m=[32m""[39m
              [33mtabindex[39m=[32m"0"[39m
            [36m>[39m
              [0mContinue[0m
            [36m</button>[39m
          [36m</div>[39m
        [36m</div>[39m
      [36m</div>[39m
    [36m</div>[39m
  [36m</body>[39m
[36m</html>[39m
 ❯ Proxy.waitForWrapper node_modules/@testing-library/dom/dist/wait-for.js:163:27
 ❯ __tests__/components/SetupWizard.test.tsx:717:11
    715| 
    716|     renderWithSession(<SetupWizard />);
    717|     await waitFor(() => {
       |           ^
    718|       expect(screen.getByText(/failed to load setup status/i)).toBeInT…
    719|     });

⎯⎯⎯⎯⎯⎯⎯⎯⎯⎯⎯⎯⎯⎯⎯⎯⎯⎯⎯⎯⎯⎯[13/16]⎯

 FAIL  __tests__/components/SetupWizard.test.tsx > SetupWizard Edge Cases (TDD RED Phase) > should navigate steps sequentially without skipping (TDD RED)
TestingLibraryElementError: Found multiple elements by: [data-testid="setupwizard-continue-btn"]

Here are the matching elements:

Ignored nodes: comments, script, style
[36m<button[39m
  [33mclass[39m=[32m"px-6 py-2 bg-blue-600 text-white rounded-md hover:bg-blue-700 disabled:bg-gray-400"[39m
  [33mdata-testid[39m=[32m"setupwizard-continue-btn"[39m
  [33mtabindex[39m=[32m"0"[39m
[36m>[39m
  [0mContinue[0m
[36m</button>[39m

Ignored nodes: comments, script, style
[36m<button[39m
  [33mclass[39m=[32m"px-6 py-2 bg-blue-600 text-white rounded-md hover:bg-blue-700 disabled:bg-gray-400"[39m
  [33mdata-testid[39m=[32m"setupwizard-continue-btn"[39m
  [33mdisabled[39m=[32m""[39m
  [33mtabindex[39m=[32m"0"[39m
[36m>[39m
  [0mContinue[0m
[36m</button>[39m

Ignored nodes: comments, script, style
[36m<button[39m
  [33mclass[39m=[32m"px-6 py-2 bg-blue-600 text-white rounded-md hover:bg-blue-700 disabled:bg-gray-400"[39m
  [33mdata-testid[39m=[32m"setupwizard-continue-btn"[39m
  [33mtabindex[39m=[32m"0"[39m
[36m>[39m
  [0mContinue[0m
[36m</button>[39m

(If this is intentional, then use the `*AllBy*` variant of the query (like `queryAllByText`, `getAllByText`, or `findAllByText`)).

Ignored nodes: comments, script, style
[36m<body>[39m
  [36m<div>[39m
    [36m<div[39m
      [33mclass[39m=[32m"max-w-2xl mx-auto p-6"[39m
      [33mdata-testid[39m=[32m"setupwizard-container"[39m
    [36m>[39m
      [0m [0m
      [36m<div[39m
        [33mclass[39m=[32m"mb-8"[39m
      [36m>[39m
        [36m<div[39m
          [33mclass[39m=[32m"flex justify-between items-center mb-2"[39m
        [36m>[39m
          [36m<span[39m
            [33mclass[39m=[32m"text-sm text-gray-600"[39m
            [33mdata-testid[39m=[32m"setupwizard-step-counter"[39m
          [36m>[39m
            [0mStep [0m
            [0m1[0m
            [0m of [0m
            [0m4[0m
          [36m</span>[39m
          [36m<span[39m
            [33mclass[39m=[32m"text-sm text-gray-600"[39m
            [33mdata-testid[39m=[32m"setupwizard-progress-percent"[39m
          [36m>[39m
            [0m25[0m
            [0m%[0m
          [36m</span>[39m
        [36m</div>[39m
        [36m<div[39m
          [33mclass[39m=[32m"w-full bg-gray-200 rounded-full h-2"[39m
        [36m>[39m
          [36m<div[39m
            [33maria-valuemax[39m=[32m"4"[39m
            [33maria-valuemin[39m=[32m"0"[39m
            [33maria-valuenow[39m=[32m"1"[39m
            [33mclass[39m=[32m"bg-blue-600 h-2 rounded-full transition-all duration-300"[39m
            [33mdata-testid[39m=[32m"setupwizard-progressbar"[39m
            [33mrole[39m=[32m"progressbar"[39m
            [33mstyle[39m=[32m"width: 25%;"[39m
          [36m/>[39m
        [36m</div>[39m
      [36m</div>[39m
      [36m<div[39m
        [33mclass[39m=[32m"bg-white rounded-lg shadow-md p-6"[39m
      [36m>[39m
        [36m<h2[39m
          [33mclass[39m=[32m"text-2xl font-bold text-gray-900 mb-2"[39m
          [33mdata-testid[39m=[32m"setupwizard-step-title"[39m
        [36m>[39m
          [0mWelcome to Academic Workflow Assistant[0m
        [36m</h2>[39m
        [36m<p[39m
          [33mclass[39m=[32m"text-gray-600 mb-6"[39m
        [36m>[39m
          [0mLet's get you set up with your AI-powered research assistant[0m
        [36m</p>[39m
        [36m<div[39m
          [33mclass[39m=[32m"space-y-4"[39m
          [33mdata-testid[39m=[32m"setupwizard-welcome-content"[39m
        [36m>[39m
          [36m<p[39m
            [33mclass[39m=[32m"text-gray-700"[39m
          [36m>[39m
            [0mThis wizard will help you configure your Academic Workflow Assistant with:[0m
          [36m</p>[39m
          [36m<ul[39m
            [33mclass[39m=[32m"list-disc list-inside text-gray-700 space-y-2"[39m
          [36m>[39m
            [36m<li>[39m
              [0mAI provider settings (API keys and preferences)[0m
            [36m</li>[39m
            [36m<li>[39m
              [0mAcademic preferences (citation style, language)[0m
            [36m</li>[39m
            [36m<li>[39m
              [0mUI preferences (theme, accessibility)[0m
            [36m</li>[39m
          [36m</ul>[39m
          [36m<p[39m
            [33mclass[39m=[32m"text-gray-700"[39m
          [36m>[39m
            [0mLet's get started![0m
          [36m</p>[39m
        [36m</div>[39m
        [36m<div[39m
          [33mclass[39m=[32m"flex justify-between mt-8"[39m
          [33mdata-testid[39m=[32m"setupwizard-nav-buttons"[39m
        [36m>[39m
          [36m<button[39m
            [33mclass[39m=[32m"px-4 py-2 text-gray-600 bg-gray-200 rounded-md hover:bg-gray-300 disabled:bg-gray-100 disabled:text-gray-400"[39m
            [33mdata-testid[39m=[32m"setupwizard-back-btn"[39m
            [33mdisabled[39m=[32m""[39m
            [33mtabindex[39m=[32m"0"[39m
          [36m>[39m
            [0mBack[0m
          [36m</button>[39m
          [36m<button[39m
            [33mclass[39m=[32m"px-6 py-2 bg-blue-600 text-white rounded-md hover:bg-blue-700 disabled:bg-gray-400"[39m
            [33mdata-testid[39m=[32m"setupwizard-continue-btn"[39m
            [33mtabindex[39m=[32m"0"[39m
          [36m>[39m
            [0mContinue[0m
          [36m</button>[39m
        [36m</div>[39m
      [36m</div>[39m
    [36m</div>[39m
  [36m</div>[39m
  [36m<div>[39m
    [36m<div[39m
      [33mclass[39m=[32m"max-w-2xl mx-auto p-6"[39m
      [33mdata-testid[39m=[32m"setupwizard-container"[39m
    [36m>[39m
      [0m [0m
      [36m<div[39m
        [33mclass[39m=[32m"mb-8"[39m
      [36m>[39m
        [36m<div[39m
          [33mclass[39m=[32m"flex justify-between items-center mb-2"[39m
        [36m>[39m
          [36m<span[39m
            [33mclass[39m=[32m"text-sm text-gray-600"[39m
            [33mdata-testid[39m=[32m"setupwizard-step-counter"[39m
          [36m>[39m
            [0mStep [0m
            [0m2[0m
            [0m of [0m
            [0m4[0m
          [36m</span>[39m
          [36m<span[39m
            [33mclass[39m=[32m"text-sm text-gray-600"[39m
            [33mdata-testid[39m=[32m"setupwizard-progress-percent"[39m
          [36m>[39m
            [0m50[0m
            [0m%[0m
          [36m</span>[39m
        [36m</div>[39m
        [36m<div[39m
          [33mclass[39m=[32m"w-full bg-gray-200 rounded-full h-2"[39m
        [36m>[39m
          [36m<div[39m
            [33maria-valuemax[39m=[32m"4"[39m
            [33maria-valuemin[39m=[32m"0"[39m
            [33maria-valuenow[39m=[32m"2"[39m
            [33mclass[39m=[32m"bg-blue-600 h-2 rounded-full transition-all duration-300"[39m
            [33mdata-testid[39m=[32m"setupwizard-progressbar"[39m
            [33mrole[39m=[32m"progressbar"[39m
            [33mstyle[39m=[32m"width: 50%;"[39m
          [36m/>[39m
        [36m</div>[39m
      [36m</div>[39m
      [36m<div[39m
        [33mclass[39m=[32m"bg-white rounded-lg shadow-md p-6"[39m
      [36m>[39m
        [36m<h2[39m
          [33mclass[39m=[32m"text-2xl font-bold text-gray-900 mb-2"[39m
          [33mdata-testid[39m=[32m"setupwizard-step-title"[39m
        [36m>[39m
          [0mAI Provider Configuration[0m
        [36m</h2>[39m
        [36m<p[39m
          [33mclass[39m=[32m"text-gray-600 mb-6"[39m
        [36m>[39m
          [0mConfigure your AI provider settings[0m
        [36m</p>[39m
        [36m<div[39m
          [33mclass[39m=[32m"space-y-6"[39m
          [33mdata-testid[39m=[32m"setupwizard-apikeys-content"[39m
        [36m>[39m
          [36m<div>[39m
            [36m<label[39m
              [33mclass[39m=[32m"block text-sm font-medium text-gray-700 mb-2"[39m
              [33mfor[39m=[32m"anthropicApiKey"[39m
            [36m>[39m
              [0mAnthropic API Key *[0m
            [36m</label>[39m
            [36m<div[39m
              [33mclass[39m=[32m"flex space-x-2"[39m
            [36m>[39m
              [36m<input[39m
                [33mclass[39m=[32m"flex-1 px-3 py-2 border rounded-md focus:outline-none focus:ring-2 focus:ring-blue-500 border-gray-300"[39m
                [33mdata-testid[39m=[32m"setupwizard-anthropic-api-key"[39m
                [33mid[39m=[32m"anthropicApiKey"[39m
                [33mplaceholder[39m=[32m"sk-ant-..."[39m
                [33mtabindex[39m=[32m"0"[39m
                [33mtype[39m=[32m"password"[39m
                [33mvalue[39m=[32m""[39m
              [36m/>[39m
              [36m<button[39m
                [33mclass[39m=[32m"px-3 py-2 bg-blue-600 text-white rounded-md hover:bg-blue-700 disabled:bg-gray-400"[39m
                [33mdisabled[39m=[32m""[39m
                [33mtype[39m=[32m"button"[39m
              [36m>[39m
                [0mTest Anthropic Key[0m
              [36m</button>[39m
            [36m</div>[39m
          [36m</div>[39m
          [36m<div>[39m
            [36m<label[39m
              [33mclass[39m=[32m"block text-sm font-medium text-gray-700 mb-2"[39m
              [33mfor[39m=[32m"openaiApiKey"[39m
            [36m>[39m
              [0mOpenAI API Key (Optional)[0m
            [36m</label>[39m
            [36m<div[39m
              [33mclass[39m=[32m"flex space-x-2"[39m
            [36m>[39m
              [36m<input[39m
                [33mclass[39m=[32m"flex-1 px-3 py-2 border rounded-md focus:outline-none focus:ring-2 focus:ring-blue-500 border-gray-300"[39m
                [33mid[39m=[32m"openaiApiKey"[39m
                [33mplaceholder[39m=[32m"sk-..."[39m
                [33mtabindex[39m=[32m"0"[39m
                [33mtype[39m=[32m"password"[39m
                [33mvalue[39m=[32m""[39m
              [36m/>[39m
              [36m<button[39m
                [33mclass[39m=[32m"px-3 py-2 bg-blue-600 text-white rounded-md hover:bg-blue-700 disabled:bg-gray-400"[39m
                [33mdisabled[39m=[32m""[39m
                [33mtype[39m=[32m"button"[39m
              [36m>[39m
                [0mTest OpenAI Key[0m
              [36m</button>[39m
            [36m</div>[39m
          [36m</div>[39m
          [36m<div>[39m
            [36m<label[39m
              [33mclass[39m=[32m"block text-sm font-medium text-gray-700 mb-2"[39m
              [33mfor[39m=[32m"monthlyBudget"[39m
            [36m>[39m
              [0mMonthly Budget ($) *[0m
            [36m</label>[39m
            [36m<input[39m
              [33mclass[39m=[32m"w-full px-3 py-2 border rounded-md focus:outline-none focus:ring-2 focus:ring-blue-500 border-gray-300"[39m
              [33mid[39m=[32m"monthlyBudget"[39m
              [33mmin[39m=[32m"0"[39m
              [33mstep[39m=[32m"0.01"[39m
              [33mtabindex[39m=[32m"0"[39m
              [33mtype[39m=[32m"number"[39m
              [33mvalue[39m=[32m"100"[39m
            [36m/>[39m
          [36m</div>[39m
          [36m<div>[39m
            [36m<label[39m
              [33mclass[39m=[32m"block text-sm font-medium text-gray-700 mb-2"[39m
              [33mfor[39m=[32m"preferredProvider"[39m
            [36m>[39m
              [0mPreferred Provider[0m
            [36m</label>[39m
            [36m<select[39m
              [33mclass[39m=[32m"w-full px-3 py-2 border border-gray-300 rounded-md focus:outline-none focus:ring-2 focus:ring-blue-500"[39m
              [33mid[39m=[32m"preferredProvider"[39m
              [33mtabindex[39m=[32m"0"[39m
            [36m>[39m
              [36m<option[39m
                [33mvalue[39m=[32m"auto"[39m
              [36m>[39m
                [0mAuto[0m
              [36m</option>[39m
              [36m<option[39m
                [33mvalue[39m=[32m"anthropic"[39m
              [36m>[39m
                [0mAnthropic[0m
              [36m</option>[39m
              [36m<option[39m
                [33mvalue[39m=[32m"openai"[39m
              [36m>[39m
                [0mOpenAI[0m
              [36m</option>[39m
            [36m</select>[39m
          [36m</div>[39m
        [36m</div>[39m
        [36m<div[39m
          [33mclass[39m=[32m"flex justify-between mt-8"[39m
          [33mdata-testid[39m=[32m"setupwizard-nav-buttons"[39m
        [36m>[39m
          [36m<button[39m
            [33mclass[39m=[32m"px-4 py-2 text-gray-600 bg-gray-200 rounded-md hover:bg-gray-300 disabled:bg-gray-100 disabled:text-gray-400"[39m
            [33mdata-testid[39m=[32m"setupwizard-back-btn"[39m
            [33mtabindex[39m=[32m"0"[39m
          [36m>[39m
            [0mBack[0m
          [36m</button>[39m
          [36m<button[39m
            [33mclass[39m=[32m"px-6 py-2 bg-blue-600 text-white rounded-md hover:bg-blue-700 disabled:bg-gray-400"[39m
            [33mdata-testid[39m=[32m"setupwizard-continue-btn"[39m
            [33mdisabled[39m=[32m""[39m
            [33mtabindex[39m=[32m"0"[39m
          [36m>[39m
            [0mContinue[0m
          [36m</button>[39m
        [36m</div>[39m
      [36m</div>[39m
    [36m</div>[39m
  [36m</div>[39m
  [36m<div>[39m
    [36m<div[39m
      [33mclass[39m=[32m"max-w-2xl mx-auto p-6"[39m
      [33mdata-testid[39m=[32m"setupwizard-container"[39m
    [36m>[39m
      [0m [0m
      [36m<div[39m
        [33mclass[39m=[32m"mb-8"[39m
      [36m>[39m
        [36m<div[39m
          [33mclass[39m=[32m"flex justify-between items-center mb-2"[39m
        [36m>[39m
          [36m<span[39m
            [33mclass[39m=[32m"text-sm text-gray-600"[39m
            [33mdata-testid[39m=[32m"setupwizard-step-counter"[39m
          [36m>[39m
            [0mStep [0m
            [0m1[0m
            [0m of [0m
            [0m4[0m
          [36m</span>[39m
          [36m<span[39m
            [33mclass[39m=[32m"text-sm text-gray-600"[39m
            [33mdata-testid[39m=[32m"setupwizard-progress-percent"[39m
          [36m>[39m
            [0m25[0m
            [0m%[0m
          [36m</span>[39m
        [36m</div>[39m
        [36m<div[39m
          [33mclass[39m=[32m"w-full bg-gray-200 rounded-full h-2"[39m
        [36m>[39m
          [36m<div[39m
            [33maria-valuemax[39m=[32m"4"[39m
            [33maria-valuemin[39m=[32m"0"[39m
            [33maria-valuenow[39m=[32m"1"[39m
            [33mclass[39m=[32m"bg-blue-600 h-2 rounded-full transition-all duration-300"[39m
            [33mdata-testid[39m=[32m"setupwizard-progressbar"[39m
            [33mrole[39m=[32m"progressbar"[39m
            [33mstyle[39m=[32m"width: 25%;"[39m
          [36m/>[39m
        [36m</div>[39m
      [36m</div>[39m
      [36m<div[39m
        [33mclass[39m=[32m"bg-white rounded-lg shadow-md p-6"[39m
      [36m>[39m
        [36m<h2[39m
          [33mclass[39m=[32m"text-2xl font-bold text-gray-900 mb-2"[39m
          [33mdata-testid[39m=[32m"setupwizard-step-title"[39m
        [36m>[39m
          [0mWelcome to Academic Workflow Assistant[0m
        [36m</h2>[39m
        [36m<p[39m
          [33mclass[39m=[32m"text-gray-600 mb-6"[39m
        [36m>[39m
          [0mLet's get you set up with your AI-powered research assistant[0m
        [36m</p>[39m
        [36m<div[39m
          [33mclass[39m=[32m"space-y-4"[39m
          [33mdata-testid[39m=[32m"setupwizard-welcome-content"[39m
        [36m>[39m
          [36m<p[39m
            [33mclass[39m=[32m"text-gray-700"[39m
          [36m>[39m
            [0mThis wizard will help you configure your Academic Workflow Assistant with:[0m
          [36m</p>[39m
          [36m<ul[39m
            [33mclass[39m=[32m"list-disc list-inside text-gray-700 space-y-2"[39m
          [36m>[39m
            [36m<li>[39m
              [0mAI provider settings (API keys and preferences)[0m
            [36m</li>[39m
            [36m<li>[39m
              [0mAcademic preferences (citation style, language)[0m
            [36m</li>[39m
            [36m<li>[39m
              [0mUI preferences (theme, accessibility)[0m
            [36m</li>[39m
          [36m</ul>[39m
          [36m<p[39m
            [33mclass[39m=[32m"text-gray-700"[39m
          [36m>[39m
            [0mLet's get started![0m
          [36m</p>[39m
        [36m</div>[39m
        [36m<div[39m
          [33mclass[39m=[32m"flex justify-between mt-8"[39m
          [33mdata-testid[39m=[32m"setupwizard-nav-buttons"[39m
        [36m>[39m
          [36m<button[39m
            [33mclass[39m=[32m"px-4 py-2 text-gray-600 bg-gray-200 rounded-md hover:bg-gray-300 disabled:bg-gray-100 disabled:text-gray-400"[39m
            [33mdata-testid[39m=[32m"setupwizard-back-btn"[39m
            [33mdisabled[39m=[32m""[39m
            [33mtabindex[39m=[32m"0"[39m
          [36m>[39m
            [0mBack[0m
          [36m</button>[39m
          [36m<button[39m
            [33mclass[39m=[32m"px-6 py-2 bg-blue-600 text-white rounded-md hover:bg-blue-700 disabled:bg-gray-400"[39m
            [33mdata-testid[39m=[32m"setupwizard-continue-btn"[39m
            [33mtabindex[39m=[32m"0"[39m
          [36m>[39m
            [0mContinue[0m
          [36m</button>[39m
        [36m</div>[39m
      [36m</div>[39m
    [36m</div>[39m
  [36m</div>[39m
[36m</body>[39m
 ❯ Object.getElementError node_modules/@testing-library/dom/dist/config.js:37:19
 ❯ getElementError node_modules/@testing-library/dom/dist/query-helpers.js:20:35
 ❯ getMultipleElementsFoundError node_modules/@testing-library/dom/dist/query-helpers.js:23:10
 ❯ node_modules/@testing-library/dom/dist/query-helpers.js:55:13
 ❯ node_modules/@testing-library/dom/dist/query-helpers.js:95:19
 ❯ __tests__/components/SetupWizard.test.tsx:744:35
    742| 
    743|     // Click continue button and wait for step 2
    744|     const continueButton = screen.getByTestId('setupwizard-continue-bt…
       |                                   ^
    745|     fireEvent.click(continueButton);
    746| 

⎯⎯⎯⎯⎯⎯⎯⎯⎯⎯⎯⎯⎯⎯⎯⎯⎯⎯⎯⎯⎯⎯[14/16]⎯

 FAIL  __tests__/components/SetupWizard.test.tsx > SetupWizard Edge Cases (TDD RED Phase) > should handle rapid navigation between steps (simulate fast user)
TestingLibraryElementError: Found multiple elements with the text: (content, node) => !!node && !!node.textContent && node.textContent.includes("Welcome to Academic Workflow Assistant")

Here are the matching elements:

Ignored nodes: comments, script, style
[36m<body>[39m
  [36m<div>[39m
    [36m<div[39m
      [33mclass[39m=[32m"max-w-2xl mx-auto p-6"[39m
      [33mdata-testid[39m=[32m"setupwizard-container"[39m
    [36m>[39m
      [0m [0m
      [36m<div[39m
        [33mclass[39m=[32m"mb-8"[39m
      [36m>[39m
        [36m<div[39m
          [33mclass[39m=[32m"flex justify-between items-center mb-2"[39m
        [36m>[39m
          [36m<span[39m
            [33mclass[39m=[32m"text-sm text-gray-600"[39m
            [33mdata-testid[39m=[32m"setupwizard-step-counter"[39m
          [36m>[39m
            [0mStep [0m
            [0m1[0m
            [0m of [0m
            [0m4[0m
          [36m</span>[39m
          [36m<span[39m
            [33mclass[39m=[32m"text-sm text-gray-600"[39m
            [33mdata-testid[39m=[32m"setupwizard-progress-percent"[39m
          [36m>[39m
            [0m25[0m
            [0m%[0m
          [36m</span>[39m
        [36m</div>[39m
        [36m<div[39m
          [33mclass[39m=[32m"w-full bg-gray-200 rounded-full h-2"[39m
        [36m>[39m
          [36m<div[39m
            [33maria-valuemax[39m=[32m"4"[39m
            [33maria-valuemin[39m=[32m"0"[39m
            [33maria-valuenow[39m=[32m"1"[39m
            [33mclass[39m=[32m"bg-blue-600 h-2 rounded-full transition-all duration-300"[39m
            [33mdata-testid[39m=[32m"setupwizard-progressbar"[39m
            [33mrole[39m=[32m"progressbar"[39m
            [33mstyle[39m=[32m"width: 25%;"[39m
          [36m/>[39m
        [36m</div>[39m
      [36m</div>[39m
      [36m<div[39m
        [33mclass[39m=[32m"bg-white rounded-lg shadow-md p-6"[39m
      [36m>[39m
        [36m<h2[39m
          [33mclass[39m=[32m"text-2xl font-bold text-gray-900 mb-2"[39m
          [33mdata-testid[39m=[32m"setupwizard-step-title"[39m
        [36m>[39m
          [0mWelcome to Academic Workflow Assistant[0m
        [36m</h2>[39m
        [36m<p[39m
          [33mclass[39m=[32m"text-gray-600 mb-6"[39m
        [36m>[39m
          [0mLet's get you set up with your AI-powered research assistant[0m
        [36m</p>[39m
        [36m<div[39m
          [33mclass[39m=[32m"space-y-4"[39m
          [33mdata-testid[39m=[32m"setupwizard-welcome-content"[39m
        [36m>[39m
          [36m<p[39m
            [33mclass[39m=[32m"text-gray-700"[39m
          [36m>[39m
            [0mThis wizard will help you configure your Academic Workflow Assistant with:[0m
          [36m</p>[39m
          [36m<ul[39m
            [33mclass[39m=[32m"list-disc list-inside text-gray-700 space-y-2"[39m
          [36m>[39m
            [36m<li>[39m
              [0mAI provider settings (API keys and preferences)[0m
            [36m</li>[39m
            [36m<li>[39m
              [0mAcademic preferences (citation style, language)[0m
            [36m</li>[39m
            [36m<li>[39m
              [0mUI preferences (theme, accessibility)[0m
            [36m</li>[39m
          [36m</ul>[39m
          [36m<p[39m
            [33mclass[39m=[32m"text-gray-700"[39m
          [36m>[39m
            [0mLet's get started![0m
          [36m</p>[39m
        [36m</div>[39m
        [36m<div[39m
          [33mclass[39m=[32m"flex justify-between mt-8"[39m
          [33mdata-testid[39m=[32m"setupwizard-nav-buttons"[39m
        [36m>[39m
          [36m<button[39m
            [33mclass[39m=[32m"px-4 py-2 text-gray-600 bg-gray-200 rounded-md hover:bg-gray-300 disabled:bg-gray-100 disabled:text-gray-400"[39m
            [33mdata-testid[39m=[32m"setupwizard-back-btn"[39m
            [33mdisabled[39m=[32m""[39m
            [33mtabindex[39m=[32m"0"[39m
          [36m>[39m
            [0mBack[0m
          [36m</button>[39m
          [36m<button[39m
            [33mclass[39m=[32m"px-6 py-2 bg-blue-600 text-white rounded-md hover:bg-blue-700 disabled:bg-gray-400"[39m
            [33mdata-testid[39m=[32m"setupwizard-continue-btn"[39m
            [33mtabindex[39m=[32m"0"[39m
          [36m>[39m
            [0mContinue[0m
          [36m</button>[39m
        [36m</div>[39m
      [36m</div>[39m
    [36m</div>[39m
  [36m</div>[39m
  [36m<div>[39m
    [36m<div[39m
      [33mclass[39m=[32m"max-w-2xl mx-auto p-6"[39m
      [33mdata-testid[39m=[32m"setupwizard-container"[39m
    [36m>[39m
      [0m [0m
      [36m<div[39m
        [33mclass[39m=[32m"mb-8"[39m
      [36m>[39m
        [36m<div[39m
          [33mclass[39m=[32m"flex justify-between items-center mb-2"[39m
        [36m>[39m
          [36m<span[39m
            [33mclass[39m=[32m"text-sm text-gray-600"[39m
            [33mdata-testid[39m=[32m"setupwizard-step-counter"[39m
          [36m>[39m
            [0mStep [0m
            [0m2[0m
            [0m of [0m
            [0m4[0m
          [36m</span>[39m
          [36m<span[39m
            [33mclass[39m=[32m"text-sm text-gray-600"[39m
            [33mdata-testid[39m=[32m"setupwizard-progress-percent"[39m
          [36m>[39m
            [0m50[0m
            [0m%[0m
          [36m</span>[39m
        [36m</div>[39m
        [36m<div[39m
          [33mclass[39m=[32m"w-full bg-gray-200 rounded-full h-2"[39m
        [36m>[39m
          [36m<div[39m
            [33maria-valuemax[39m=[32m"4"[39m
            [33maria-valuemin[39m=[32m"0"[39m
            [33maria-valuenow[39m=[32m"2"[39m
            [33mclass[39m=[32m"bg-blue-600 h-2 rounded-full transition-all duration-300"[39m
            [33mdata-testid[39m=[32m"setupwizard-progressbar"[39m
            [33mrole[39m=[32m"progressbar"[39m
            [33mstyle[39m=[32m"width: 50%;"[39m
          [36m/>[39m
        [36m</div>[39m
      [36m</div>[39m
      [36m<div[39m
        [33mclass[39m=[32m"bg-white rounded-lg shadow-md p-6"[39m
      [36m>[39m
        [36m<h2[39m
          [33mclass[39m=[32m"text-2xl font-bold text-gray-900 mb-2"[39m
          [33mdata-testid[39m=[32m"setupwizard-step-title"[39m
        [36m>[39m
          [0mAI Provider Configuration[0m
        [36m</h2>[39m
        [36m<p[39m
          [33mclass[39m=[32m"text-gray-600 mb-6"[39m
        [36m>[39m
          [0mConfigure your AI provider settings[0m
        [36m</p>[39m
        [36m<div[39m
          [33mclass[39m=[32m"space-y-6"[39m
          [33mdata-testid[39m=[32m"setupwizard-apikeys-content"[39m
        [36m>[39m
          [36m<div>[39m
            [36m<label[39m
              [33mclass[39m=[32m"block text-sm font-medium text-gray-700 mb-2"[39m
              [33mfor[39m=[32m"anthropicApiKey"[39m
            [36m>[39m
              [0mAnthropic API Key *[0m
            [36m</label>[39m
            [36m<div[39m
              [33mclass[39m=[32m"flex space-x-2"[39m
 ...

Ignored nodes: comments, script, style
[36m<div>[39m
  [36m<div[39m
    [33mclass[39m=[32m"max-w-2xl mx-auto p-6"[39m
    [33mdata-testid[39m=[32m"setupwizard-container"[39m
  [36m>[39m
    [0m [0m
    [36m<div[39m
      [33mclass[39m=[32m"mb-8"[39m
    [36m>[39m
      [36m<div[39m
        [33mclass[39m=[32m"flex justify-between items-center mb-2"[39m
      [36m>[39m
        [36m<span[39m
          [33mclass[39m=[32m"text-sm text-gray-600"[39m
          [33mdata-testid[39m=[32m"setupwizard-step-counter"[39m
        [36m>[39m
          [0mStep [0m
          [0m1[0m
          [0m of [0m
          [0m4[0m
        [36m</span>[39m
        [36m<span[39m
          [33mclass[39m=[32m"text-sm text-gray-600"[39m
          [33mdata-testid[39m=[32m"setupwizard-progress-percent"[39m
        [36m>[39m
          [0m25[0m
          [0m%[0m
        [36m</span>[39m
      [36m</div>[39m
      [36m<div[39m
        [33mclass[39m=[32m"w-full bg-gray-200 rounded-full h-2"[39m
      [36m>[39m
        [36m<div[39m
          [33maria-valuemax[39m=[32m"4"[39m
          [33maria-valuemin[39m=[32m"0"[39m
          [33maria-valuenow[39m=[32m"1"[39m
          [33mclass[39m=[32m"bg-blue-600 h-2 rounded-full transition-all duration-300"[39m
          [33mdata-testid[39m=[32m"setupwizard-progressbar"[39m
          [33mrole[39m=[32m"progressbar"[39m
          [33mstyle[39m=[32m"width: 25%;"[39m
        [36m/>[39m
      [36m</div>[39m
    [36m</div>[39m
    [36m<div[39m
      [33mclass[39m=[32m"bg-white rounded-lg shadow-md p-6"[39m
    [36m>[39m
      [36m<h2[39m
        [33mclass[39m=[32m"text-2xl font-bold text-gray-900 mb-2"[39m
        [33mdata-testid[39m=[32m"setupwizard-step-title"[39m
      [36m>[39m
        [0mWelcome to Academic Workflow Assistant[0m
      [36m</h2>[39m
      [36m<p[39m
        [33mclass[39m=[32m"text-gray-600 mb-6"[39m
      [36m>[39m
        [0mLet's get you set up with your AI-powered research assistant[0m
      [36m</p>[39m
      [36m<div[39m
        [33mclass[39m=[32m"space-y-4"[39m
        [33mdata-testid[39m=[32m"setupwizard-welcome-content"[39m
      [36m>[39m
        [36m<p[39m
          [33mclass[39m=[32m"text-gray-700"[39m
        [36m>[39m
          [0mThis wizard will help you configure your Academic Workflow Assistant with:[0m
        [36m</p>[39m
        [36m<ul[39m
          [33mclass[39m=[32m"list-disc list-inside text-gray-700 space-y-2"[39m
        [36m>[39m
          [36m<li>[39m
            [0mAI provider settings (API keys and preferences)[0m
          [36m</li>[39m
          [36m<li>[39m
            [0mAcademic preferences (citation style, language)[0m
          [36m</li>[39m
          [36m<li>[39m
            [0mUI preferences (theme, accessibility)[0m
          [36m</li>[39m
        [36m</ul>[39m
        [36m<p[39m
          [33mclass[39m=[32m"text-gray-700"[39m
        [36m>[39m
          [0mLet's get started![0m
        [36m</p>[39m
      [36m</div>[39m
      [36m<div[39m
        [33mclass[39m=[32m"flex justify-between mt-8"[39m
        [33mdata-testid[39m=[32m"setupwizard-nav-buttons"[39m
      [36m>[39m
        [36m<button[39m
          [33mclass[39m=[32m"px-4 py-2 text-gray-600 bg-gray-200 rounded-md hover:bg-gray-300 disabled:bg-gray-100 disabled:text-gray-400"[39m
          [33mdata-testid[39m=[32m"setupwizard-back-btn"[39m
          [33mdisabled[39m=[32m""[39m
          [33mtabindex[39m=[32m"0"[39m
        [36m>[39m
          [0mBack[0m
        [36m</button>[39m
        [36m<button[39m
          [33mclass[39m=[32m"px-6 py-2 bg-blue-600 text-white rounded-md hover:bg-blue-700 disabled:bg-gray-400"[39m
          [33mdata-testid[39m=[32m"setupwizard-continue-btn"[39m
          [33mtabindex[39m=[32m"0"[39m
        [36m>[39m
          [0mContinue[0m
        [36m</button>[39m
      [36m</div>[39m
    [36m</div>[39m
  [36m</div>[39m
[36m</div>[39m

Ignored nodes: comments, script, style
[36m<div[39m
  [33mclass[39m=[32m"max-w-2xl mx-auto p-6"[39m
  [33mdata-testid[39m=[32m"setupwizard-container"[39m
[36m>[39m
  [0m [0m
  [36m<div[39m
    [33mclass[39m=[32m"mb-8"[39m
  [36m>[39m
    [36m<div[39m
      [33mclass[39m=[32m"flex justify-between items-center mb-2"[39m
    [36m>[39m
      [36m<span[39m
        [33mclass[39m=[32m"text-sm text-gray-600"[39m
        [33mdata-testid[39m=[32m"setupwizard-step-counter"[39m
      [36m>[39m
        [0mStep [0m
        [0m1[0m
        [0m of [0m
        [0m4[0m
      [36m</span>[39m
      [36m<span[39m
        [33mclass[39m=[32m"text-sm text-gray-600"[39m
        [33mdata-testid[39m=[32m"setupwizard-progress-percent"[39m
      [36m>[39m
        [0m25[0m
        [0m%[0m
      [36m</span>[39m
    [36m</div>[39m
    [36m<div[39m
      [33mclass[39m=[32m"w-full bg-gray-200 rounded-full h-2"[39m
    [36m>[39m
      [36m<div[39m
        [33maria-valuemax[39m=[32m"4"[39m
        [33maria-valuemin[39m=[32m"0"[39m
        [33maria-valuenow[39m=[32m"1"[39m
        [33mclass[39m=[32m"bg-blue-600 h-2 rounded-full transition-all duration-300"[39m
        [33mdata-testid[39m=[32m"setupwizard-progressbar"[39m
        [33mrole[39m=[32m"progressbar"[39m
        [33mstyle[39m=[32m"width: 25%;"[39m
      [36m/>[39m
    [36m</div>[39m
  [36m</div>[39m
  [36m<div[39m
    [33mclass[39m=[32m"bg-white rounded-lg shadow-md p-6"[39m
  [36m>[39m
    [36m<h2[39m
      [33mclass[39m=[32m"text-2xl font-bold text-gray-900 mb-2"[39m
      [33mdata-testid[39m=[32m"setupwizard-step-title"[39m
    [36m>[39m
      [0mWelcome to Academic Workflow Assistant[0m
    [36m</h2>[39m
    [36m<p[39m
      [33mclass[39m=[32m"text-gray-600 mb-6"[39m
    [36m>[39m
      [0mLet's get you set up with your AI-powered research assistant[0m
    [36m</p>[39m
    [36m<div[39m
      [33mclass[39m=[32m"space-y-4"[39m
      [33mdata-testid[39m=[32m"setupwizard-welcome-content"[39m
    [36m>[39m
      [36m<p[39m
        [33mclass[39m=[32m"text-gray-700"[39m
      [36m>[39m
        [0mThis wizard will help you configure your Academic Workflow Assistant with:[0m
      [36m</p>[39m
      [36m<ul[39m
        [33mclass[39m=[32m"list-disc list-inside text-gray-700 space-y-2"[39m
      [36m>[39m
        [36m<li>[39m
          [0mAI provider settings (API keys and preferences)[0m
        [36m</li>[39m
        [36m<li>[39m
          [0mAcademic preferences (citation style, language)[0m
        [36m</li>[39m
        [36m<li>[39m
          [0mUI preferences (theme, accessibility)[0m
        [36m</li>[39m
      [36m</ul>[39m
      [36m<p[39m
        [33mclass[39m=[32m"text-gray-700"[39m
      [36m>[39m
        [0mLet's get started![0m
      [36m</p>[39m
    [36m</div>[39m
    [36m<div[39m
      [33mclass[39m=[32m"flex justify-between mt-8"[39m
      [33mdata-testid[39m=[32m"setupwizard-nav-buttons"[39m
    [36m>[39m
      [36m<button[39m
        [33mclass[39m=[32m"px-4 py-2 text-gray-600 bg-gray-200 rounded-md hover:bg-gray-300 disabled:bg-gray-100 disabled:text-gray-400"[39m
        [33mdata-testid[39m=[32m"setupwizard-back-btn"[39m
        [33mdisabled[39m=[32m""[39m
        [33mtabindex[39m=[32m"0"[39m
      [36m>[39m
        [0mBack[0m
      [36m</button>[39m
      [36m<button[39m
        [33mclass[39m=[32m"px-6 py-2 bg-blue-600 text-white rounded-md hover:bg-blue-700 disabled:bg-gray-400"[39m
        [33mdata-testid[39m=[32m"setupwizard-continue-btn"[39m
        [33mtabindex[39m=[32m"0"[39m
      [36m>[39m
        [0mContinue[0m
      [36m</button>[39m
    [36m</div>[39m
  [36m</div>[39m
[36m</div>[39m

Ignored nodes: comments, script, style
[36m<div[39m
  [33mclass[39m=[32m"bg-white rounded-lg shadow-md p-6"[39m
[36m>[39m
  [36m<h2[39m
    [33mclass[39m=[32m"text-2xl font-bold text-gray-900 mb-2"[39m
    [33mdata-testid[39m=[32m"setupwizard-step-title"[39m
  [36m>[39m
    [0mWelcome to Academic Workflow Assistant[0m
  [36m</h2>[39m
  [36m<p[39m
    [33mclass[39m=[32m"text-gray-600 mb-6"[39m
  [36m>[39m
    [0mLet's get you set up with your AI-powered research assistant[0m
  [36m</p>[39m
  [36m<div[39m
    [33mclass[39m=[32m"space-y-4"[39m
    [33mdata-testid[39m=[32m"setupwizard-welcome-content"[39m
  [36m>[39m
    [36m<p[39m
      [33mclass[39m=[32m"text-gray-700"[39m
    [36m>[39m
      [0mThis wizard will help you configure your Academic Workflow Assistant with:[0m
    [36m</p>[39m
    [36m<ul[39m
      [33mclass[39m=[32m"list-disc list-inside text-gray-700 space-y-2"[39m
    [36m>[39m
      [36m<li>[39m
        [0mAI provider settings (API keys and preferences)[0m
      [36m</li>[39m
      [36m<li>[39m
        [0mAcademic preferences (citation style, language)[0m
      [36m</li>[39m
      [36m<li>[39m
        [0mUI preferences (theme, accessibility)[0m
      [36m</li>[39m
    [36m</ul>[39m
    [36m<p[39m
      [33mclass[39m=[32m"text-gray-700"[39m
    [36m>[39m
      [0mLet's get started![0m
    [36m</p>[39m
  [36m</div>[39m
  [36m<div[39m
    [33mclass[39m=[32m"flex justify-between mt-8"[39m
    [33mdata-testid[39m=[32m"setupwizard-nav-buttons"[39m
  [36m>[39m
    [36m<button[39m
      [33mclass[39m=[32m"px-4 py-2 text-gray-600 bg-gray-200 rounded-md hover:bg-gray-300 disabled:bg-gray-100 disabled:text-gray-400"[39m
      [33mdata-testid[39m=[32m"setupwizard-back-btn"[39m
      [33mdisabled[39m=[32m""[39m
      [33mtabindex[39m=[32m"0"[39m
    [36m>[39m
      [0mBack[0m
    [36m</button>[39m
    [36m<button[39m
      [33mclass[39m=[32m"px-6 py-2 bg-blue-600 text-white rounded-md hover:bg-blue-700 disabled:bg-gray-400"[39m
      [33mdata-testid[39m=[32m"setupwizard-continue-btn"[39m
      [33mtabindex[39m=[32m"0"[39m
    [36m>[39m
      [0mContinue[0m
    [36m</button>[39m
  [36m</div>[39m
[36m</div>[39m

Ignored nodes: comments, script, style
[36m<h2[39m
  [33mclass[39m=[32m"text-2xl font-bold text-gray-900 mb-2"[39m
  [33mdata-testid[39m=[32m"setupwizard-step-title"[39m
[36m>[39m
  [0mWelcome to Academic Workflow Assistant[0m
[36m</h2>[39m

Ignored nodes: comments, script, style
[36m<div>[39m
  [36m<div[39m
    [33mclass[39m=[32m"max-w-2xl mx-auto p-6"[39m
    [33mdata-testid[39m=[32m"setupwizard-container"[39m
  [36m>[39m
    [0m [0m
    [36m<div[39m
      [33mclass[39m=[32m"mb-8"[39m
    [36m>[39m
      [36m<div[39m
        [33mclass[39m=[32m"flex justify-between items-center mb-2"[39m
      [36m>[39m
        [36m<span[39m
          [33mclass[39m=[32m"text-sm text-gray-600"[39m
          [33mdata-testid[39m=[32m"setupwizard-step-counter"[39m
        [36m>[39m
          [0mStep [0m
          [0m1[0m
          [0m of [0m
          [0m4[0m
        [36m</span>[39m
        [36m<span[39m
          [33mclass[39m=[32m"text-sm text-gray-600"[39m
          [33mdata-testid[39m=[32m"setupwizard-progress-percent"[39m
        [36m>[39m
          [0m25[0m
          [0m%[0m
        [36m</span>[39m
      [36m</div>[39m
      [36m<div[39m
        [33mclass[39m=[32m"w-full bg-gray-200 rounded-full h-2"[39m
      [36m>[39m
        [36m<div[39m
          [33maria-valuemax[39m=[32m"4"[39m
          [33maria-valuemin[39m=[32m"0"[39m
          [33maria-valuenow[39m=[32m"1"[39m
          [33mclass[39m=[32m"bg-blue-600 h-2 rounded-full transition-all duration-300"[39m
          [33mdata-testid[39m=[32m"setupwizard-progressbar"[39m
          [33mrole[39m=[32m"progressbar"[39m
          [33mstyle[39m=[32m"width: 25%;"[39m
        [36m/>[39m
      [36m</div>[39m
    [36m</div>[39m
    [36m<div[39m
      [33mclass[39m=[32m"bg-white rounded-lg shadow-md p-6"[39m
    [36m>[39m
      [36m<h2[39m
        [33mclass[39m=[32m"text-2xl font-bold text-gray-900 mb-2"[39m
        [33mdata-testid[39m=[32m"setupwizard-step-title"[39m
      [36m>[39m
        [0mWelcome to Academic Workflow Assistant[0m
      [36m</h2>[39m
      [36m<p[39m
        [33mclass[39m=[32m"text-gray-600 mb-6"[39m
      [36m>[39m
        [0mLet's get you set up with your AI-powered research assistant[0m
      [36m</p>[39m
      [36m<div[39m
        [33mclass[39m=[32m"space-y-4"[39m
        [33mdata-testid[39m=[32m"setupwizard-welcome-content"[39m
      [36m>[39m
        [36m<p[39m
          [33mclass[39m=[32m"text-gray-700"[39m
        [36m>[39m
          [0mThis wizard will help you configure your Academic Workflow Assistant with:[0m
        [36m</p>[39m
        [36m<ul[39m
          [33mclass[39m=[32m"list-disc list-inside text-gray-700 space-y-2"[39m
        [36m>[39m
          [36m<li>[39m
            [0mAI provider settings (API keys and preferences)[0m
          [36m</li>[39m
          [36m<li>[39m
            [0mAcademic preferences (citation style, language)[0m
          [36m</li>[39m
          [36m<li>[39m
            [0mUI preferences (theme, accessibility)[0m
          [36m</li>[39m
        [36m</ul>[39m
        [36m<p[39m
          [33mclass[39m=[32m"text-gray-700"[39m
        [36m>[39m
          [0mLet's get started![0m
        [36m</p>[39m
      [36m</div>[39m
      [36m<div[39m
        [33mclass[39m=[32m"flex justify-between mt-8"[39m
        [33mdata-testid[39m=[32m"setupwizard-nav-buttons"[39m
      [36m>[39m
        [36m<button[39m
          [33mclass[39m=[32m"px-4 py-2 text-gray-600 bg-gray-200 rounded-md hover:bg-gray-300 disabled:bg-gray-100 disabled:text-gray-400"[39m
          [33mdata-testid[39m=[32m"setupwizard-back-btn"[39m
          [33mdisabled[39m=[32m""[39m
          [33mtabindex[39m=[32m"0"[39m
        [36m>[39m
          [0mBack[0m
        [36m</button>[39m
        [36m<button[39m
          [33mclass[39m=[32m"px-6 py-2 bg-blue-600 text-white rounded-md hover:bg-blue-700 disabled:bg-gray-400"[39m
          [33mdata-testid[39m=[32m"setupwizard-continue-btn"[39m
          [33mtabindex[39m=[32m"0"[39m
        [36m>[39m
          [0mContinue[0m
        [36m</button>[39m
      [36m</div>[39m
    [36m</div>[39m
  [36m</div>[39m
[36m</div>[39m

Ignored nodes: comments, script, style
[36m<div[39m
  [33mclass[39m=[32m"max-w-2xl mx-auto p-6"[39m
  [33mdata-testid[39m=[32m"setupwizard-container"[39m
[36m>[39m
  [0m [0m
  [36m<div[39m
    [33mclass[39m=[32m"mb-8"[39m
  [36m>[39m
    [36m<div[39m
      [33mclass[39m=[32m"flex justify-between items-center mb-2"[39m
    [36m>[39m
      [36m<span[39m
        [33mclass[39m=[32m"text-sm text-gray-600"[39m
        [33mdata-testid[39m=[32m"setupwizard-step-counter"[39m
      [36m>[39m
        [0mStep [0m
        [0m1[0m
        [0m of [0m
        [0m4[0m
      [36m</span>[39m
      [36m<span[39m
        [33mclass[39m=[32m"text-sm text-gray-600"[39m
        [33mdata-testid[39m=[32m"setupwizard-progress-percent"[39m
      [36m>[39m
        [0m25[0m
        [0m%[0m
      [36m</span>[39m
    [36m</div>[39m
    [36m<div[39m
      [33mclass[39m=[32m"w-full bg-gray-200 rounded-full h-2"[39m
    [36m>[39m
      [36m<div[39m
        [33maria-valuemax[39m=[32m"4"[39m
        [33maria-valuemin[39m=[32m"0"[39m
        [33maria-valuenow[39m=[32m"1"[39m
        [33mclass[39m=[32m"bg-blue-600 h-2 rounded-full transition-all duration-300"[39m
        [33mdata-testid[39m=[32m"setupwizard-progressbar"[39m
        [33mrole[39m=[32m"progressbar"[39m
        [33mstyle[39m=[32m"width: 25%;"[39m
      [36m/>[39m
    [36m</div>[39m
  [36m</div>[39m
  [36m<div[39m
    [33mclass[39m=[32m"bg-white rounded-lg shadow-md p-6"[39m
  [36m>[39m
    [36m<h2[39m
      [33mclass[39m=[32m"text-2xl font-bold text-gray-900 mb-2"[39m
      [33mdata-testid[39m=[32m"setupwizard-step-title"[39m
    [36m>[39m
      [0mWelcome to Academic Workflow Assistant[0m
    [36m</h2>[39m
    [36m<p[39m
      [33mclass[39m=[32m"text-gray-600 mb-6"[39m
    [36m>[39m
      [0mLet's get you set up with your AI-powered research assistant[0m
    [36m</p>[39m
    [36m<div[39m
      [33mclass[39m=[32m"space-y-4"[39m
      [33mdata-testid[39m=[32m"setupwizard-welcome-content"[39m
    [36m>[39m
      [36m<p[39m
        [33mclass[39m=[32m"text-gray-700"[39m
      [36m>[39m
        [0mThis wizard will help you configure your Academic Workflow Assistant with:[0m
      [36m</p>[39m
      [36m<ul[39m
        [33mclass[39m=[32m"list-disc list-inside text-gray-700 space-y-2"[39m
      [36m>[39m
        [36m<li>[39m
          [0mAI provider settings (API keys and preferences)[0m
        [36m</li>[39m
        [36m<li>[39m
          [0mAcademic preferences (citation style, language)[0m
        [36m</li>[39m
        [36m<li>[39m
          [0mUI preferences (theme, accessibility)[0m
        [36m</li>[39m
      [36m</ul>[39m
      [36m<p[39m
        [33mclass[39m=[32m"text-gray-700"[39m
      [36m>[39m
        [0mLet's get started![0m
      [36m</p>[39m
    [36m</div>[39m
    [36m<div[39m
      [33mclass[39m=[32m"flex justify-between mt-8"[39m
      [33mdata-testid[39m=[32m"setupwizard-nav-buttons"[39m
    [36m>[39m
      [36m<button[39m
        [33mclass[39m=[32m"px-4 py-2 text-gray-600 bg-gray-200 rounded-md hover:bg-gray-300 disabled:bg-gray-100 disabled:text-gray-400"[39m
        [33mdata-testid[39m=[32m"setupwizard-back-btn"[39m
        [33mdisabled[39m=[32m""[39m
        [33mtabindex[39m=[32m"0"[39m
      [36m>[39m
        [0mBack[0m
      [36m</button>[39m
      [36m<button[39m
        [33mclass[39m=[32m"px-6 py-2 bg-blue-600 text-white rounded-md hover:bg-blue-700 disabled:bg-gray-400"[39m
        [33mdata-testid[39m=[32m"setupwizard-continue-btn"[39m
        [33mtabindex[39m=[32m"0"[39m
      [36m>[39m
        [0mContinue[0m
      [36m</button>[39m
    [36m</div>[39m
  [36m</div>[39m
[36m</div>[39m

Ignored nodes: comments, script, style
[36m<div[39m
  [33mclass[39m=[32m"bg-white rounded-lg shadow-md p-6"[39m
[36m>[39m
  [36m<h2[39m
    [33mclass[39m=[32m"text-2xl font-bold text-gray-900 mb-2"[39m
    [33mdata-testid[39m=[32m"setupwizard-step-title"[39m
  [36m>[39m
    [0mWelcome to Academic Workflow Assistant[0m
  [36m</h2>[39m
  [36m<p[39m
    [33mclass[39m=[32m"text-gray-600 mb-6"[39m
  [36m>[39m
    [0mLet's get you set up with your AI-powered research assistant[0m
  [36m</p>[39m
  [36m<div[39m
    [33mclass[39m=[32m"space-y-4"[39m
    [33mdata-testid[39m=[32m"setupwizard-welcome-content"[39m
  [36m>[39m
    [36m<p[39m
      [33mclass[39m=[32m"text-gray-700"[39m
    [36m>[39m
      [0mThis wizard will help you configure your Academic Workflow Assistant with:[0m
    [36m</p>[39m
    [36m<ul[39m
      [33mclass[39m=[32m"list-disc list-inside text-gray-700 space-y-2"[39m
    [36m>[39m
      [36m<li>[39m
        [0mAI provider settings (API keys and preferences)[0m
      [36m</li>[39m
      [36m<li>[39m
        [0mAcademic preferences (citation style, language)[0m
      [36m</li>[39m
      [36m<li>[39m
        [0mUI preferences (theme, accessibility)[0m
      [36m</li>[39m
    [36m</ul>[39m
    [36m<p[39m
      [33mclass[39m=[32m"text-gray-700"[39m
    [36m>[39m
      [0mLet's get started![0m
    [36m</p>[39m
  [36m</div>[39m
  [36m<div[39m
    [33mclass[39m=[32m"flex justify-between mt-8"[39m
    [33mdata-testid[39m=[32m"setupwizard-nav-buttons"[39m
  [36m>[39m
    [36m<button[39m
      [33mclass[39m=[32m"px-4 py-2 text-gray-600 bg-gray-200 rounded-md hover:bg-gray-300 disabled:bg-gray-100 disabled:text-gray-400"[39m
      [33mdata-testid[39m=[32m"setupwizard-back-btn"[39m
      [33mdisabled[39m=[32m""[39m
      [33mtabindex[39m=[32m"0"[39m
    [36m>[39m
      [0mBack[0m
    [36m</button>[39m
    [36m<button[39m
      [33mclass[39m=[32m"px-6 py-2 bg-blue-600 text-white rounded-md hover:bg-blue-700 disabled:bg-gray-400"[39m
      [33mdata-testid[39m=[32m"setupwizard-continue-btn"[39m
      [33mtabindex[39m=[32m"0"[39m
    [36m>[39m
      [0mContinue[0m
    [36m</button>[39m
  [36m</div>[39m
[36m</div>[39m

Ignored nodes: comments, script, style
[36m<h2[39m
  [33mclass[39m=[32m"text-2xl font-bold text-gray-900 mb-2"[39m
  [33mdata-testid[39m=[32m"setupwizard-step-title"[39m
[36m>[39m
  [0mWelcome to Academic Workflow Assistant[0m
[36m</h2>[39m

(If this is intentional, then use the `*AllBy*` variant of the query (like `queryAllByText`, `getAllByText`, or `findAllByText`)).

Ignored nodes: comments, script, style
[36m<body>[39m
  [36m<div>[39m
    [36m<div[39m
      [33mclass[39m=[32m"max-w-2xl mx-auto p-6"[39m
      [33mdata-testid[39m=[32m"setupwizard-container"[39m
    [36m>[39m
      [0m [0m
      [36m<div[39m
        [33mclass[39m=[32m"mb-8"[39m
      [36m>[39m
        [36m<div[39m
          [33mclass[39m=[32m"flex justify-between items-center mb-2"[39m
        [36m>[39m
          [36m<span[39m
            [33mclass[39m=[32m"text-sm text-gray-600"[39m
            [33mdata-testid[39m=[32m"setupwizard-step-counter"[39m
          [36m>[39m
            [0mStep [0m
            [0m1[0m
            [0m of [0m
            [0m4[0m
          [36m</span>[39m
          [36m<span[39m
            [33mclass[39m=[32m"text-sm text-gray-600"[39m
            [33mdata-testid[39m=[32m"setupwizard-progress-percent"[39m
          [36m>[39m
            [0m25[0m
            [0m%[0m
          [36m</span>[39m
        [36m</div>[39m
        [36m<div[39m
          [33mclass[39m=[32m"w-full bg-gray-200 rounded-full h-2"[39m
        [36m>[39m
          [36m<div[39m
            [33maria-valuemax[39m=[32m"4"[39m
            [33maria-valuemin[39m=[32m"0"[39m
            [33maria-valuenow[39m=[32m"1"[39m
            [33mclass[39m=[32m"bg-blue-600 h-2 rounded-full transition-all duration-300"[39m
            [33mdata-testid[39m=[32m"setupwizard-progressbar"[39m
            [33mrole[39m=[32m"progressbar"[39m
            [33mstyle[39m=[32m"width: 25%;"[39m
          [36m/>[39m
        [36m</div>[39m
      [36m</div>[39m
      [36m<div[39m
        [33mclass[39m=[32m"bg-white rounded-lg shadow-md p-6"[39m
      [36m>[39m
        [36m<h2[39m
          [33mclass[39m=[32m"text-2xl font-bold text-gray-900 mb-2"[39m
          [33mdata-testid[39m=[32m"setupwizard-step-title"[39m
        [36m>[39m
          [0mWelcome to Academic Workflow Assistant[0m
        [36m</h2>[39m
        [36m<p[39m
          [33mclass[39m=[32m"text-gray-600 mb-6"[39m
        [36m>[39m
          [0mLet's get you set up with your AI-powered research assistant[0m
        [36m</p>[39m
        [36m<div[39m
          [33mclass[39m=[32m"space-y-4"[39m
          [33mdata-testid[39m=[32m"setupwizard-welcome-content"[39m
        [36m>[39m
          [36m<p[39m
            [33mclass[39m=[32m"text-gray-700"[39m
          [36m>[39m
            [0mThis wizard will help you configure your Academic Workflow Assistant with:[0m
          [36m</p>[39m
          [36m<ul[39m
            [33mclass[39m=[32m"list-disc list-inside text-gray-700 space-y-2"[39m
          [36m>[39m
            [36m<li>[39m
              [0mAI provider settings (API keys and preferences)[0m
            [36m</li>[39m
            [36m<li>[39m
              [0mAcademic preferences (citation style, language)[0m
            [36m</li>[39m
            [36m<li>[39m
              [0mUI preferences (theme, accessibility)[0m
            [36m</li>[39m
          [36m</ul>[39m
          [36m<p[39m
            [33mclass[39m=[32m"text-gray-700"[39m
          [36m>[39m
            [0mLet's get started![0m
          [36m</p>[39m
        [36m</div>[39m
        [36m<div[39m
          [33mclass[39m=[32m"flex justify-between mt-8"[39m
          [33mdata-testid[39m=[32m"setupwizard-nav-buttons"[39m
        [36m>[39m
          [36m<button[39m
            [33mclass[39m=[32m"px-4 py-2 text-gray-600 bg-gray-200 rounded-md hover:bg-gray-300 disabled:bg-gray-100 disabled:text-gray-400"[39m
            [33mdata-testid[39m=[32m"setupwizard-back-btn"[39m
            [33mdisabled[39m=[32m""[39m
            [33mtabindex[39m=[32m"0"[39m
          [36m>[39m
            [0mBack[0m
          [36m</button>[39m
          [36m<button[39m
            [33mclass[39m=[32m"px-6 py-2 bg-blue-600 text-white rounded-md hover:bg-blue-700 disabled:bg-gray-400"[39m
            [33mdata-testid[39m=[32m"setupwizard-continue-btn"[39m
            [33mtabindex[39m=[32m"0"[39m
          [36m>[39m
            [0mContinue[0m
          [36m</button>[39m
        [36m</div>[39m
      [36m</div>[39m
    [36m</div>[39m
  [36m</div>[39m
  [36m<div>[39m
    [36m<div[39m
      [33mclass[39m=[32m"max-w-2xl mx-auto p-6"[39m
      [33mdata-testid[39m=[32m"setupwizard-container"[39m
    [36m>[39m
      [0m [0m
      [36m<div[39m
        [33mclass[39m=[32m"mb-8"[39m
      [36m>[39m
        [36m<div[39m
          [33mclass[39m=[32m"flex justify-between items-center mb-2"[39m
        [36m>[39m
          [36m<span[39m
            [33mclass[39m=[32m"text-sm text-gray-600"[39m
            [33mdata-testid[39m=[32m"setupwizard-step-counter"[39m
          [36m>[39m
            [0mStep [0m
            [0m2[0m
            [0m of [0m
            [0m4[0m
          [36m</span>[39m
          [36m<span[39m
            [33mclass[39m=[32m"text-sm text-gray-600"[39m
            [33mdata-testid[39m=[32m"setupwizard-progress-percent"[39m
          [36m>[39m
            [0m50[0m
            [0m%[0m
          [36m</span>[39m
        [36m</div>[39m
        [36m<div[39m
          [33mclass[39m=[32m"w-full bg-gray-200 rounded-full h-2"[39m
        [36m>[39m
          [36m<div[39m
            [33maria-valuemax[39m=[32m"4"[39m
            [33maria-valuemin[39m=[32m"0"[39m
            [33maria-valuenow[39m=[32m"2"[39m
            [33mclass[39m=[32m"bg-blue-600 h-2 rounded-full transition-all duration-300"[39m
            [33mdata-testid[39m=[32m"setupwizard-progressbar"[39m
            [33mrole[39m=[32m"progressbar"[39m
            [33mstyle[39m=[32m"width: 50%;"[39m
          [36m/>[39m
        [36m</div>[39m
      [36m</div>[39m
      [36m<div[39m
        [33mclass[39m=[32m"bg-white rounded-lg shadow-md p-6"[39m
      [36m>[39m
        [36m<h2[39m
          [33mclass[39m=[32m"text-2xl font-bold text-gray-900 mb-2"[39m
          [33mdata-testid[39m=[32m"setupwizard-step-title"[39m
        [36m>[39m
          [0mAI Provider Configuration[0m
        [36m</h2>[39m
        [36m<p[39m
          [33mclass[39m=[32m"text-gray-600 mb-6"[39m
        [36m>[39m
          [0mConfigure your AI provider settings[0m
        [36m</p>[39m
        [36m<div[39m
          [33mclass[39m=[32m"space-y-6"[39m
          [33mdata-testid[39m=[32m"setupwizard-apikeys-content"[39m
        [36m>[39m
          [36m<div>[39m
            [36m<label[39m
              [33mclass[39m=[32m"block text-sm font-medium text-gray-700 mb-2"[39m
              [33mfor[39m=[32m"anthropicApiKey"[39m
            [36m>[39m
              [0mAnthropic API Key *[0m
            [36m</label>[39m
            [36m<div[39m
              [33mclass[39m=[32m"flex space-x-2"[39m
 ...

Ignored nodes: comments, script, style
[36m<html>[39m
  [36m<head />[39m
  [36m<body>[39m
    [36m<div>[39m
      [36m<div[39m
        [33mclass[39m=[32m"max-w-2xl mx-auto p-6"[39m
        [33mdata-testid[39m=[32m"setupwizard-container"[39m
      [36m>[39m
        [0m [0m
        [36m<div[39m
          [33mclass[39m=[32m"mb-8"[39m
        [36m>[39m
          [36m<div[39m
            [33mclass[39m=[32m"flex justify-between items-center mb-2"[39m
          [36m>[39m
            [36m<span[39m
              [33mclass[39m=[32m"text-sm text-gray-600"[39m
              [33mdata-testid[39m=[32m"setupwizard-step-counter"[39m
            [36m>[39m
              [0mStep [0m
              [0m1[0m
              [0m of [0m
              [0m4[0m
            [36m</span>[39m
            [36m<span[39m
              [33mclass[39m=[32m"text-sm text-gray-600"[39m
              [33mdata-testid[39m=[32m"setupwizard-progress-percent"[39m
            [36m>[39m
              [0m25[0m
              [0m%[0m
            [36m</span>[39m
          [36m</div>[39m
          [36m<div[39m
            [33mclass[39m=[32m"w-full bg-gray-200 rounded-full h-2"[39m
          [36m>[39m
            [36m<div[39m
              [33maria-valuemax[39m=[32m"4"[39m
              [33maria-valuemin[39m=[32m"0"[39m
              [33maria-valuenow[39m=[32m"1"[39m
              [33mclass[39m=[32m"bg-blue-600 h-2 rounded-full transition-all duration-300"[39m
              [33mdata-testid[39m=[32m"setupwizard-progressbar"[39m
              [33mrole[39m=[32m"progressbar"[39m
              [33mstyle[39m=[32m"width: 25%;"[39m
            [36m/>[39m
          [36m</div>[39m
        [36m</div>[39m
        [36m<div[39m
          [33mclass[39m=[32m"bg-white rounded-lg shadow-md p-6"[39m
        [36m>[39m
          [36m<h2[39m
            [33mclass[39m=[32m"text-2xl font-bold text-gray-900 mb-2"[39m
            [33mdata-testid[39m=[32m"setupwizard-step-title"[39m
          [36m>[39m
            [0mWelcome to Academic Workflow Assistant[0m
          [36m</h2>[39m
          [36m<p[39m
            [33mclass[39m=[32m"text-gray-600 mb-6"[39m
          [36m>[39m
            [0mLet's get you set up with your AI-powered research assistant[0m
          [36m</p>[39m
          [36m<div[39m
            [33mclass[39m=[32m"space-y-4"[39m
            [33mdata-testid[39m=[32m"setupwizard-welcome-content"[39m
          [36m>[39m
            [36m<p[39m
              [33mclass[39m=[32m"text-gray-700"[39m
            [36m>[39m
              [0mThis wizard will help you configure your Academic Workflow Assistant with:[0m
            [36m</p>[39m
            [36m<ul[39m
              [33mclass[39m=[32m"list-disc list-inside text-gray-700 space-y-2"[39m
            [36m>[39m
              [36m<li>[39m
                [0mAI provider settings (API keys and preferences)[0m
              [36m</li>[39m
              [36m<li>[39m
                [0mAcademic preferences (citation style, language)[0m
              [36m</li>[39m
              [36m<li>[39m
                [0mUI preferences (theme, accessibility)[0m
              [36m</li>[39m
            [36m</ul>[39m
            [36m<p[39m
              [33mclass[39m=[32m"text-gray-700"[39m
            [36m>[39m
              [0mLet's get started![0m
            [36m</p>[39m
          [36m</div>[39m
          [36m<div[39m
            [33mclass[39m=[32m"flex justify-between mt-8"[39m
            [33mdata-testid[39m=[32m"setupwizard-nav-buttons"[39m
          [36m>[39m
            [36m<button[39m
              [33mclass[39m=[32m"px-4 py-2 text-gray-600 bg-gray-200 rounded-md hover:bg-gray-300 disabled:bg-gray-100 disabled:text-gray-400"[39m
              [33mdata-testid[39m=[32m"setupwizard-back-btn"[39m
              [33mdisabled[39m=[32m""[39m
              [33mtabindex[39m=[32m"0"[39m
            [36m>[39m
              [0mBack[0m
            [36m</button>[39m
            [36m<button[39m
              [33mclass[39m=[32m"px-6 py-2 bg-blue-600 text-white rounded-md hover:bg-blue-700 disabled:bg-gray-400"[39m
              [33mdata-testid[39m=[32m"setupwizard-continue-btn"[39m
              [33mtabindex[39m=[32m"0"[39m
            [36m>[39m
              [0mContinue[0m
            [36m</button>[39m
          [36m</div>[39m
        [36m</div>[39m
      [36m</div>[39m
    [36m</div>[39m
    [36m<div>[39m
      [36m<div[39m
        [33mclass[39m=[32m"max-w-2xl mx-auto p-6"[39m
        [33mdata-testid[39m=[32m"setupwizard-container"[39m
      [36m>[39m
        [0m [0m
        [36m<div[39m
          [33mclass[39m=[32m"mb-8"[39m
        [36m>[39m
          [36m<div[39m
            [33mclass[39m=[32m"flex justify-between items-center mb-2"[39m
          [36m>[39m
            [36m<span[39m
              [33mclass[39m=[32m"text-sm text-gray-600"[39m
              [33mdata-testid[39m=[32m"setupwizard-step-counter"[39m
            [36m>[39m
              [0mStep [0m
              [0m2[0m
              [0m of [0m
              [0m4[0m
            [36m</span>[39m
            [36m<span[39m
              [33mclass[39m=[32m"text-sm text-gray-600"[39m
              [33mdata-testid[39m=[32m"setupwizard-progress-percent"[39m
            [36m>[39m
              [0m50[0m
              [0m%[0m
            [36m</span>[39m
          [36m</div>[39m
          [36m<div[39m
            [33mclass[39m=[32m"w-full bg-gray-200 rounded-full h-2"[39m
          [36m>[39m
            [36m<div[39m
              [33maria-valuemax[39m=[32m"4"[39m
              [33maria-valuemin[39m=[32m"0"[39m
              [33maria-valuenow[39m=[32m"2"[39m
              [33mclass[39m=[32m"bg-blue-600 h-2 rounded-full transition-all duration-300"[39m
              [33mdata-testid[39m=[32m"setupwizard-progressbar"[39m
              [33mrole[39m=[32m"progressbar"[39m
              [33mstyle[39m=[32m"width: 50%;"[39m
            [36m/>[39m
          [36m</div>[39m
        [36m</div>[39m
        [36m<div[39m
          [33mclass[39m=[32m"bg-white rounded-lg shadow-md p-6"[39m
        [36m>[39m
          [36m<h2[39m
            [33mclass[39m=[32m"text-2xl font-bold text-gray-900 mb-2"[39m
            [33mdata-testid[39m=[32m"setupwizard-step-title"[39m
          [36m>[39m
            [0mAI Provider Configuration[0m
          [36m</h2>[39m
          [36m<p[39m
            [33mclass[39m=[32m"text-gray-600 mb-6"[39m
          [36m>[39m
            [0mConfigure your AI provider settings[0m
          [36m</p>[39m
          [36m<div[39m
            [33mclass[39m=[32m"space-y-6"[39m
            [33mdata-testid[39m=[32m"setupwizard-apikeys-content"[39m
          [36m>[39m
  ...
 ❯ Proxy.waitForWrapper node_modules/@testing-library/dom/dist/wait-for.js:163:27
 ❯ __tests__/components/SetupWizard.test.tsx:790:11
    788| 
    789|     renderWithSession(<SetupWizard />);
    790|     await waitFor(() => screen.getByText((content, node) => !!node && …
       |           ^
    791| 
    792|     // Rapidly click continue multiple times

⎯⎯⎯⎯⎯⎯⎯⎯⎯⎯⎯⎯⎯⎯⎯⎯⎯⎯⎯⎯⎯⎯[15/16]⎯

⎯⎯⎯⎯⎯⎯ Unhandled Errors ⎯⎯⎯⎯⎯⎯

Vitest caught 1 unhandled error during the test run.
This might cause false positive tests. Resolve unhandled errors to make sure your tests are not affected.

⎯⎯⎯⎯⎯ Uncaught Exception ⎯⎯⎯⎯⎯
TypeError: Cannot set properties of undefined (setting 'lastSearchTimeMs')
 ❯ Timeout._onTimeout components/CommandPalette.tsx:578:53
    576|       const end = performance.now();
    577|       if (typeof window !== 'undefined') {
    578|         (window as any).__COMMAND_PALETTE_METRICS__.lastSearchTimeMs =…
       |                                                     ^
    579|       }
    580|     }, 50);
 ❯ listOnTimeout node:internal/timers:608:17
 ❯ processTimers node:internal/timers:543:7

This error originated in "__tests__/components/CommandPalette.test.tsx" test file. It doesn't mean the error was thrown inside the file itself, but while it was running.
⎯⎯⎯⎯⎯⎯⎯⎯⎯⎯⎯⎯⎯⎯⎯⎯⎯⎯⎯⎯⎯⎯⎯⎯⎯⎯⎯⎯⎯⎯


 Test Files  1 failed | 19 passed (20)
      Tests  16 failed | 343 passed | 1 skipped (360)
     Errors  1 error
   Start at  00:49:48
   Duration  14.72s (transform 741ms, setup 1.38s, collect 2.95s, tests 19.78s, environment 7.20s, prepare 1.45s)

